LOAD: BeiDouSetItemCompat v22 frenzy-totem-1013-dispatch
OK: damage-skin selector loaded
OK: Frenzy Totem slot 53 store/draw chained; core keeps 54/55/56
OK: set item, Frenzy Totem render/cast, damage skin, and power nameplate hooks installed
OK: decoded 0x17B skin=0
EQUIP EXTENDED RESET: totem slot 53
A 1 1 003D9DEC 00000000
POWER PHASE: native refresh begin
POWER PHASE: native refresh complete; custom create begin
D 1 003D9DEC 00000000
POWER PHASE: native create returned result=16 layer=644C4D74 oldGuild=00000000
POWER PHASE: unsafe custom Canvas styling bypassed
POWER PHASE: layout begin
POWER PHASE: layout complete
O 1 1 003D9DEC 00000000
OK: decoded 0x17A sets=91 bytes=37355/37357
A 20101 0 00000000 00000000
POWER PHASE: native refresh begin
POWER PHASE: native refresh complete; custom create begin
O 20101 0 00000000 00000000
A 20100 0 00000000 00000000
POWER PHASE: native refresh begin
POWER PHASE: native refresh complete; custom create begin
O 20100 0 00000000 00000000
A 20102 0 00000000 00000000
POWER PHASE: native refresh begin
POWER PHASE: native refresh complete; custom create begin
O 20102 0 00000000 00000000
A 20103 0 00000000 00000000
POWER PHASE: native refresh begin
POWER PHASE: native refresh complete; custom create begin
O 20103 0 00000000 00000000
A 20104 0 00000000 00000000
POWER PHASE: native refresh begin
POWER PHASE: native refresh complete; custom create begin
O 20104 0 00000000 00000000
A 20106 0 00000000 00000000
POWER PHASE: native refresh begin
POWER PHASE: native refresh complete; custom create begin
O 20106 0 00000000 00000000
A 20105 1 000006A9 00000000
POWER PHASE: native refresh begin
POWER PHASE: native refresh complete; custom create begin
D 20105 000006A9 00000000
POWER PHASE: native create returned result=16 layer=65DB35F4 oldGuild=00000000
POWER PHASE: unsafe custom Canvas styling bypassed
POWER PHASE: layout begin
POWER PHASE: layout complete
O 20105 1 000006A9 00000000
A 20113 0 00000000 00000000
POWER PHASE: native refresh begin
POWER PHASE: native refresh complete; custom create begin
O 20113 0 00000000 00000000
A 20114 0 00000000 00000000
POWER PHASE: native refresh begin
POWER PHASE: native refresh complete; custom create begin
O 20114 0 00000000 00000000
A 20117 0 00000000 00000000
POWER PHASE: native refresh begin
POWER PHASE: native refresh complete; custom create begin
O 20117 0 00000000 00000000
A 20116 0 00000000 00000000
POWER PHASE: native refresh begin
POWER PHASE: native refresh complete; custom create begin
O 20116 0 00000000 00000000
A 20115 0 00000000 00000000
POWER PHASE: native refresh begin
POWER PHASE: native refresh complete; custom create begin
O 20115 0 00000000 00000000
A 20118 0 00000000 00000000
POWER PHASE: native refresh begin
POWER PHASE: native refresh complete; custom create begin
O 20118 0 00000000 00000000
A 20119 0 00000000 00000000
POWER PHASE: native refresh begin
POWER PHASE: native refresh complete; custom create begin
O 20119 0 00000000 00000000
A 20120 0 00000000 00000000
POWER PHASE: native refresh begin
POWER PHASE: native refresh complete; custom create begin
O 20120 0 00000000 00000000
A 20122 0 00000000 00000000
POWER PHASE: native refresh begin
POWER PHASE: native refresh complete; custom create begin
O 20122 0 00000000 00000000
A 20121 1 00000A49 00000000
POWER PHASE: native refresh begin
POWER PHASE: native refresh complete; custom create begin
D 20121 00000A49 00000000
POWER PHASE: native create returned result=16 layer=65DBB82C oldGuild=00000000
POWER PHASE: unsafe custom Canvas styling bypassed
POWER PHASE: layout begin
POWER PHASE: layout complete
O 20121 1 00000A49 00000000
A 20124 0 00000000 00000000
POWER PHASE: native refresh begin
POWER PHASE: native refresh complete; custom create begin
O 20124 0 00000000 00000000
A 20123 0 00000000 00000000
POWER PHASE: native refresh begin
POWER PHASE: native refresh complete; custom create begin
O 20123 0 00000000 00000000
A 20125 0 00000000 00000000
POWER PHASE: native refresh begin
POWER PHASE: native refresh complete; custom create begin
O 20125 0 00000000 00000000
A 20126 0 00000000 00000000
POWER PHASE: native refresh begin
POWER PHASE: native refresh complete; custom create begin
O 20126 0 00000000 00000000
D 20105 000006A9 00000000
POWER PHASE: native create returned result=16 layer=65DB35F4 oldGuild=00000000
POWER PHASE: unsafe custom Canvas styling bypassed
POWER PHASE: layout begin
POWER PHASE: layout complete
D 20121 00000A49 00000000
POWER PHASE: native create returned result=16 layer=65DBB82C oldGuild=00000000
POWER PHASE: unsafe custom Canvas styling bypassed
POWER PHASE: layout begin
POWER PHASE: layout complete
D 1 003D9DEC 00000000
POWER PHASE: native create returned result=16 layer=644C4D74 oldGuild=00000000
POWER PHASE: unsafe custom Canvas styling bypassed
POWER PHASE: layout begin
POWER PHASE: layout complete
D 1 003D9DEC 00000000
POWER PHASE: native create returned result=16 layer=644C4D74 oldGuild=00000000
POWER PHASE: unsafe custom Canvas styling bypassed
POWER PHASE: layout begin
POWER PHASE: layout complete
D 1 003D9DEC 00000000
POWER PHASE: native create returned result=16 layer=644C4D74 oldGuild=00000000
POWER PHASE: unsafe custom Canvas styling bypassed
POWER PHASE: layout begin
POWER PHASE: layout complete
A 20107 0 00000000 00000000
POWER PHASE: native refresh begin
POWER PHASE: native refresh complete; custom create begin
O 20107 0 00000000 00000000
D 1 003D9DEC 00000000
POWER PHASE: native create returned result=16 layer=644C4D74 oldGuild=00000000
POWER PHASE: unsafe custom Canvas styling bypassed
POWER PHASE: layout begin
POWER PHASE: layout complete
D 1 003D9DEC 00000000
POWER PHASE: native create returned result=16 layer=644C4D74 oldGuild=00000000
POWER PHASE: unsafe custom Canvas styling bypassed
POWER PHASE: layout begin
POWER PHASE: layout complete
D 1 003D9DEC 00000000
POWER PHASE: native create returned result=16 layer=644C4D74 oldGuild=00000000
POWER PHASE: unsafe custom Canvas styling bypassed
POWER PHASE: layout begin
POWER PHASE: layout complete
A 20101 0 00000000 00000000
POWER PHASE: native refresh begin
POWER PHASE: native refresh complete; custom create begin
O 20101 0 00000000 00000000
A 20100 0 00000000 00000000
POWER PHASE: native refresh begin
POWER PHASE: native refresh complete; custom create begin
O 20100 0 00000000 00000000
A 20102 0 00000000 00000000
POWER PHASE: native refresh begin
POWER PHASE: native refresh complete; custom create begin
O 20102 0 00000000 00000000
A 20103 0 00000000 00000000
POWER PHASE: native refresh begin
POWER PHASE: native refresh complete; custom create begin
O 20103 0 00000000 00000000
A 20104 0 00000000 00000000
POWER PHASE: native refresh begin
POWER PHASE: native refresh complete; custom create begin
O 20104 0 00000000 00000000
A 20106 0 00000000 00000000
POWER PHASE: native refresh begin
POWER PHASE: native refresh complete; custom create begin
O 20106 0 00000000 00000000
A 20105 1 000006A9 00000000
POWER PHASE: native refresh begin
POWER PHASE: native refresh complete; custom create begin
D 20105 000006A9 00000000
POWER PHASE: native create returned result=16 layer=5AAFBC3C oldGuild=00000000
POWER PHASE: unsafe custom Canvas styling bypassed
POWER PHASE: layout begin
POWER PHASE: layout complete
O 20105 1 000006A9 00000000
A 20113 0 00000000 00000000
POWER PHASE: native refresh begin
POWER PHASE: native refresh complete; custom create begin
O 20113 0 00000000 00000000
A 20114 0 00000000 00000000
POWER PHASE: native refresh begin
POWER PHASE: native refresh complete; custom create begin
O 20114 0 00000000 00000000
A 20117 0 00000000 00000000
POWER PHASE: native refresh begin
POWER PHASE: native refresh complete; custom create begin
O 20117 0 00000000 00000000
A 20116 0 00000000 00000000
POWER PHASE: native refresh begin
POWER PHASE: native refresh complete; custom create begin
O 20116 0 00000000 00000000
A 20115 0 00000000 00000000
POWER PHASE: native refresh begin
POWER PHASE: native refresh complete; custom create begin
O 20115 0 00000000 00000000
A 20118 0 00000000 00000000
POWER PHASE: native refresh begin
POWER PHASE: native refresh complete; custom create begin
O 20118 0 00000000 00000000
A 20119 0 00000000 00000000
POWER PHASE: native refresh begin
POWER PHASE: native refresh complete; custom create begin
O 20119 0 00000000 00000000
A 20120 0 00000000 00000000
POWER PHASE: native refresh begin
POWER PHASE: native refresh complete; custom create begin
O 20120 0 00000000 00000000
A 20122 0 00000000 00000000
POWER PHASE: native refresh begin
POWER PHASE: native refresh complete; custom create begin
O 20122 0 00000000 00000000
A 20121 1 00000A49 00000000
POWER PHASE: native refresh begin
POWER PHASE: native refresh complete; custom create begin
D 20121 00000A49 00000000
POWER PHASE: native create returned result=16 layer=5AA69F64 oldGuild=00000000
POWER PHASE: unsafe custom Canvas styling bypassed
POWER PHASE: layout begin
POWER PHASE: layout complete
O 20121 1 00000A49 00000000
A 20124 0 00000000 00000000
POWER PHASE: native refresh begin
POWER PHASE: native refresh complete; custom create begin
O 20124 0 00000000 00000000
A 20123 0 00000000 00000000
POWER PHASE: native refresh begin
POWER PHASE: native refresh complete; custom create begin
O 20123 0 00000000 00000000
A 20125 0 00000000 00000000
POWER PHASE: native refresh begin
POWER PHASE: native refresh complete; custom create begin
O 20125 0 00000000 00000000
A 20126 0 00000000 00000000
POWER PHASE: native refresh begin
POWER PHASE: native refresh complete; custom create begin
O 20126 0 00000000 00000000
D 20105 000006A9 00000000
POWER PHASE: native create returned result=16 layer=5AAFBC3C oldGuild=00000000
POWER PHASE: unsafe custom Canvas styling bypassed
POWER PHASE: layout begin
POWER PHASE: layout complete
D 20121 00000A49 00000000
POWER PHASE: native create returned result=16 layer=5AA69F64 oldGuild=00000000
POWER PHASE: unsafe custom Canvas styling bypassed
POWER PHASE: layout begin
POWER PHASE: layout complete
LOAD: BeiDouSetItemCompat v22 frenzy-totem-1013-dispatch
OK: damage-skin selector loaded
OK: Frenzy Totem slot 53 store/draw chained; core keeps 54/55/56
OK: set item, Frenzy Totem render/cast, damage skin, and power nameplate hooks installed
OK: decoded 0x17B skin=0
EQUIP EXTENDED RESET: totem slot 53
A 1 1 003D9DEC 00000000
POWER PHASE: native refresh begin
POWER PHASE: native refresh complete; custom create begin
D 1 003D9DEC 00000000
POWER PHASE: native create returned result=16 layer=645B126C oldGuild=00000000
POWER PHASE: unsafe custom Canvas styling bypassed
POWER PHASE: layout begin
POWER PHASE: layout complete
O 1 1 003D9DEC 00000000
OK: decoded 0x17A sets=91 bytes=37355/37357
A 20101 0 00000000 00000000
POWER PHASE: native refresh begin
POWER PHASE: native refresh complete; custom create begin
O 20101 0 00000000 00000000
A 20100 0 00000000 00000000
POWER PHASE: native refresh begin
POWER PHASE: native refresh complete; custom create begin
O 20100 0 00000000 00000000
A 20102 0 00000000 00000000
POWER PHASE: native refresh begin
POWER PHASE: native refresh complete; custom create begin
O 20102 0 00000000 00000000
A 20103 0 00000000 00000000
POWER PHASE: native refresh begin
POWER PHASE: native refresh complete; custom create begin
O 20103 0 00000000 00000000
A 20104 0 00000000 00000000
POWER PHASE: native refresh begin
POWER PHASE: native refresh complete; custom create begin
O 20104 0 00000000 00000000
A 20106 0 00000000 00000000
POWER PHASE: native refresh begin
POWER PHASE: native refresh complete; custom create begin
O 20106 0 00000000 00000000
A 20105 1 000006A9 00000000
POWER PHASE: native refresh begin
POWER PHASE: native refresh complete; custom create begin
D 20105 000006A9 00000000
POWER PHASE: native create returned result=16 layer=660B5A84 oldGuild=00000000
POWER PHASE: unsafe custom Canvas styling bypassed
POWER PHASE: layout begin
POWER PHASE: layout complete
O 20105 1 000006A9 00000000
A 20113 0 00000000 00000000
POWER PHASE: native refresh begin
POWER PHASE: native refresh complete; custom create begin
O 20113 0 00000000 00000000
A 20114 1 00000FA4 00000000
POWER PHASE: native refresh begin
POWER PHASE: native refresh complete; custom create begin
D 20114 00000FA4 00000000
POWER PHASE: native create returned result=16 layer=660B3B74 oldGuild=00000000
POWER PHASE: unsafe custom Canvas styling bypassed
POWER PHASE: layout begin
POWER PHASE: layout complete
O 20114 1 00000FA4 00000000
A 20117 0 00000000 00000000
POWER PHASE: native refresh begin
POWER PHASE: native refresh complete; custom create begin
O 20117 0 00000000 00000000
A 20116 0 00000000 00000000
POWER PHASE: native refresh begin
POWER PHASE: native refresh complete; custom create begin
O 20116 0 00000000 00000000
A 20115 0 00000000 00000000
POWER PHASE: native refresh begin
POWER PHASE: native refresh complete; custom create begin
O 20115 0 00000000 00000000
A 20118 0 00000000 00000000
POWER PHASE: native refresh begin
POWER PHASE: native refresh complete; custom create begin
O 20118 0 00000000 00000000
A 20119 1 000041EB 00000000
POWER PHASE: native refresh begin
POWER PHASE: native refresh complete; custom create begin
D 20119 000041EB 00000000
POWER PHASE: native create returned result=16 layer=660B9FA4 oldGuild=00000000
POWER PHASE: unsafe custom Canvas styling bypassed
POWER PHASE: layout begin
POWER PHASE: layout complete
O 20119 1 000041EB 00000000
A 20120 0 00000000 00000000
POWER PHASE: native refresh begin
POWER PHASE: native refresh complete; custom create begin
O 20120 0 00000000 00000000
A 20122 1 000019CE 00000000
POWER PHASE: native refresh begin
POWER PHASE: native refresh complete; custom create begin
D 20122 000019CE 00000000
POWER PHASE: native create returned result=16 layer=660B6F8C oldGuild=00000000
POWER PHASE: unsafe custom Canvas styling bypassed
POWER PHASE: layout begin
POWER PHASE: layout complete
O 20122 1 000019CE 00000000
A 20121 0 00000000 00000000
POWER PHASE: native refresh begin
POWER PHASE: native refresh complete; custom create begin
O 20121 0 00000000 00000000
A 20124 0 00000000 00000000
POWER PHASE: native refresh begin
POWER PHASE: native refresh complete; custom create begin
O 20124 0 00000000 00000000
A 20123 0 00000000 00000000
POWER PHASE: native refresh begin
POWER PHASE: native refresh complete; custom create begin
O 20123 0 00000000 00000000
A 20125 0 00000000 00000000
POWER PHASE: native refresh begin
POWER PHASE: native refresh complete; custom create begin
O 20125 0 00000000 00000000
A 20126 0 00000000 00000000
POWER PHASE: native refresh begin
POWER PHASE: native refresh complete; custom create begin
O 20126 0 00000000 00000000
D 20105 000006A9 00000000
POWER PHASE: native create returned result=16 layer=660B5A84 oldGuild=00000000
POWER PHASE: unsafe custom Canvas styling bypassed
POWER PHASE: layout begin
POWER PHASE: layout complete
D 20114 00000FA4 00000000
POWER PHASE: native create returned result=16 layer=660B3B74 oldGuild=00000000
POWER PHASE: unsafe custom Canvas styling bypassed
POWER PHASE: layout begin
POWER PHASE: layout complete
D 20119 000041EB 00000000
POWER PHASE: native create returned result=16 layer=660B9FA4 oldGuild=00000000
POWER PHASE: unsafe custom Canvas styling bypassed
POWER PHASE: layout begin
POWER PHASE: layout complete
D 20122 000019CE 00000000
POWER PHASE: native create returned result=16 layer=660B6F8C oldGuild=00000000
POWER PHASE: unsafe custom Canvas styling bypassed
POWER PHASE: layout begin
POWER PHASE: layout complete
A 20119 1 000041EB 00000000
POWER PHASE: native refresh begin
POWER PHASE: native refresh complete; custom create begin
D 20119 000041EB 00000000
POWER PHASE: native create returned result=16 layer=660B9FA4 oldGuild=00000000
POWER PHASE: unsafe custom Canvas styling bypassed
POWER PHASE: layout begin
POWER PHASE: layout complete
O 20119 1 000041EB 00000000
D 1 003D9DEC 00000000
POWER PHASE: native create returned result=16 layer=645B126C oldGuild=00000000
POWER PHASE: unsafe custom Canvas styling bypassed
POWER PHASE: layout begin
POWER PHASE: layout complete
D 1 003D9DEC 00000000
POWER PHASE: native create returned result=16 layer=645B126C oldGuild=00000000
POWER PHASE: unsafe custom Canvas styling bypassed
POWER PHASE: layout begin
POWER PHASE: layout complete
D 1 003D9DEC 00000000
POWER PHASE: native create returned result=16 layer=645B126C oldGuild=00000000
POWER PHASE: unsafe custom Canvas styling bypassed
POWER PHASE: layout begin
POWER PHASE: layout complete
D 1 003D9DEC 00000000
POWER PHASE: native create returned result=16 layer=645B126C oldGuild=00000000
POWER PHASE: unsafe custom Canvas styling bypassed
POWER PHASE: layout begin
POWER PHASE: layout complete
D 1 003D9DEC 00000000
POWER PHASE: native create returned result=16 layer=645B126C oldGuild=00000000
POWER PHASE: unsafe custom Canvas styling bypassed
POWER PHASE: layout begin
POWER PHASE: layout complete
D 1 003D9DEC 00000000
POWER PHASE: native create returned result=16 layer=645B126C oldGuild=00000000
POWER PHASE: unsafe custom Canvas styling bypassed
POWER PHASE: layout begin
POWER PHASE: layout complete
A 20101 0 00000000 00000000
POWER PHASE: native refresh begin
POWER PHASE: native refresh complete; custom create begin
O 20101 0 00000000 00000000
A 20100 0 00000000 00000000
POWER PHASE: native refresh begin
POWER PHASE: native refresh complete; custom create begin
O 20100 0 00000000 00000000
A 20102 0 00000000 00000000
POWER PHASE: native refresh begin
POWER PHASE: native refresh complete; custom create begin
O 20102 0 00000000 00000000
A 20103 0 00000000 00000000
POWER PHASE: native refresh begin
POWER PHASE: native refresh complete; custom create begin
O 20103 0 00000000 00000000
A 20104 0 00000000 00000000
POWER PHASE: native refresh begin
POWER PHASE: native refresh complete; custom create begin
O 20104 0 00000000 00000000
A 20106 0 00000000 00000000
POWER PHASE: native refresh begin
POWER PHASE: native refresh complete; custom create begin
O 20106 0 00000000 00000000
A 20105 1 000006A9 00000000
POWER PHASE: native refresh begin
POWER PHASE: native refresh complete; custom create begin
D 20105 000006A9 00000000
POWER PHASE: native create returned result=16 layer=51923EA4 oldGuild=00000000
POWER PHASE: unsafe custom Canvas styling bypassed
POWER PHASE: layout begin
POWER PHASE: layout complete
O 20105 1 000006A9 00000000
A 20113 0 00000000 00000000
POWER PHASE: native refresh begin
POWER PHASE: native refresh complete; custom create begin
O 20113 0 00000000 00000000
A 20114 1 00000FA4 00000000
POWER PHASE: native refresh begin
POWER PHASE: native refresh complete; custom create begin
D 20114 00000FA4 00000000
POWER PHASE: native create returned result=16 layer=519272BC oldGuild=00000000
POWER PHASE: unsafe custom Canvas styling bypassed
POWER PHASE: layout begin
POWER PHASE: layout complete
O 20114 1 00000FA4 00000000
A 20117 0 00000000 00000000
POWER PHASE: native refresh begin
POWER PHASE: native refresh complete; custom create begin
O 20117 0 00000000 00000000
A 20116 0 00000000 00000000
POWER PHASE: native refresh begin
POWER PHASE: native refresh complete; custom create begin
O 20116 0 00000000 00000000
A 20115 0 00000000 00000000
POWER PHASE: native refresh begin
POWER PHASE: native refresh complete; custom create begin
O 20115 0 00000000 00000000
A 20118 0 00000000 00000000
POWER PHASE: native refresh begin
POWER PHASE: native refresh complete; custom create begin
O 20118 0 00000000 00000000
A 20119 1 000041EB 00000000
POWER PHASE: native refresh begin
POWER PHASE: native refresh complete; custom create begin
D 20119 000041EB 00000000
POWER PHASE: native create returned result=16 layer=5AAB99B4 oldGuild=00000000
POWER PHASE: unsafe custom Canvas styling bypassed
POWER PHASE: layout begin
POWER PHASE: layout complete
O 20119 1 000041EB 00000000
A 20120 0 00000000 00000000
POWER PHASE: native refresh begin
POWER PHASE: native refresh complete; custom create begin
O 20120 0 00000000 00000000
A 20122 1 000019CE 00000000
POWER PHASE: native refresh begin
POWER PHASE: native refresh complete; custom create begin
D 20122 000019CE 00000000
POWER PHASE: native create returned result=16 layer=5AACAACC oldGuild=00000000
POWER PHASE: unsafe custom Canvas styling bypassed
POWER PHASE: layout begin
POWER PHASE: layout complete
O 20122 1 000019CE 00000000
A 20121 0 00000000 00000000
POWER PHASE: native refresh begin
POWER PHASE: native refresh complete; custom create begin
O 20121 0 00000000 00000000
A 20124 0 00000000 00000000
POWER PHASE: native refresh begin
POWER PHASE: native refresh complete; custom create begin
O 20124 0 00000000 00000000
A 20123 0 00000000 00000000
POWER PHASE: native refresh begin
POWER PHASE: native refresh complete; custom create begin
O 20123 0 00000000 00000000
A 20125 0 00000000 00000000
POWER PHASE: native refresh begin
POWER PHASE: native refresh complete; custom create begin
O 20125 0 00000000 00000000
A 20126 0 00000000 00000000
POWER PHASE: native refresh begin
POWER PHASE: native refresh complete; custom create begin
O 20126 0 00000000 00000000
D 20105 000006A9 00000000
POWER PHASE: native create returned result=16 layer=51923EA4 oldGuild=00000000
POWER PHASE: unsafe custom Canvas styling bypassed
POWER PHASE: layout begin
POWER PHASE: layout complete
D 20114 00000FA4 00000000
POWER PHASE: native create returned result=16 layer=519272BC oldGuild=00000000
POWER PHASE: unsafe custom Canvas styling bypassed
POWER PHASE: layout begin
POWER PHASE: layout complete
D 20119 000041EB 00000000
POWER PHASE: native create returned result=16 layer=5AAB99B4 oldGuild=00000000
POWER PHASE: unsafe custom Canvas styling bypassed
POWER PHASE: layout begin
POWER PHASE: layout complete
D 20122 000019CE 00000000
POWER PHASE: native create returned result=16 layer=5AACAACC oldGuild=00000000
POWER PHASE: unsafe custom Canvas styling bypassed
POWER PHASE: layout begin
POWER PHASE: layout complete
D 1 003D9DEC 00000000
POWER PHASE: native create returned result=16 layer=645B126C oldGuild=00000000
POWER PHASE: unsafe custom Canvas styling bypassed
POWER PHASE: layout begin
POWER PHASE: layout complete
D 1 003D9DEC 00000000
POWER PHASE: native create returned result=16 layer=645B126C oldGuild=00000000
POWER PHASE: unsafe custom Canvas styling bypassed
POWER PHASE: layout begin
POWER PHASE: layout complete
D 1 003D9DEC 00000000
POWER PHASE: native create returned result=16 layer=645B126C oldGuild=00000000
POWER PHASE: unsafe custom Canvas styling bypassed
POWER PHASE: layout begin
POWER PHASE: layout complete
D 1 003D9DEC 00000000
POWER PHASE: native create returned result=16 layer=645B126C oldGuild=00000000
POWER PHASE: unsafe custom Canvas styling bypassed
POWER PHASE: layout begin
POWER PHASE: layout complete
D 1 003D9DEC 00000000
POWER PHASE: native create returned result=16 layer=645B126C oldGuild=00000000
POWER PHASE: unsafe custom Canvas styling bypassed
POWER PHASE: layout begin
POWER PHASE: layout complete
D 1 003D9DEC 00000000
POWER PHASE: native create returned result=16 layer=645B126C oldGuild=00000000
POWER PHASE: unsafe custom Canvas styling bypassed
POWER PHASE: layout begin
POWER PHASE: layout complete
A 20101 0 00000000 00000000
POWER PHASE: native refresh begin
POWER PHASE: native refresh complete; custom create begin
O 20101 0 00000000 00000000
A 20100 0 00000000 00000000
POWER PHASE: native refresh begin
POWER PHASE: native refresh complete; custom create begin
O 20100 0 00000000 00000000
A 20102 0 00000000 00000000
POWER PHASE: native refresh begin
POWER PHASE: native refresh complete; custom create begin
O 20102 0 00000000 00000000
A 20103 0 00000000 00000000
POWER PHASE: native refresh begin
POWER PHASE: native refresh complete; custom create begin
O 20103 0 00000000 00000000
A 20104 0 00000000 00000000
POWER PHASE: native refresh begin
POWER PHASE: native refresh complete; custom create begin
O 20104 0 00000000 00000000
A 20106 0 00000000 00000000
POWER PHASE: native refresh begin
POWER PHASE: native refresh complete; custom create begin
O 20106 0 00000000 00000000
A 20105 1 000006A9 00000000
POWER PHASE: native refresh begin
POWER PHASE: native refresh complete; custom create begin
D 20105 000006A9 00000000
POWER PHASE: native create returned result=16 layer=660AFF54 oldGuild=00000000
POWER PHASE: unsafe custom Canvas styling bypassed
POWER PHASE: layout begin
POWER PHASE: layout complete
O 20105 1 000006A9 00000000
A 20113 0 00000000 00000000
POWER PHASE: native refresh begin
POWER PHASE: native refresh complete; custom create begin
O 20113 0 00000000 00000000
A 20114 1 00000FA4 00000000
POWER PHASE: native refresh begin
POWER PHASE: native refresh complete; custom create begin
D 20114 00000FA4 00000000
POWER PHASE: native create returned result=16 layer=660B2D6C oldGuild=00000000
POWER PHASE: unsafe custom Canvas styling bypassed
POWER PHASE: layout begin
POWER PHASE: layout complete
O 20114 1 00000FA4 00000000
A 20117 0 00000000 00000000
POWER PHASE: native refresh begin
POWER PHASE: native refresh complete; custom create begin
O 20117 0 00000000 00000000
A 20116 0 00000000 00000000
POWER PHASE: native refresh begin
POWER PHASE: native refresh complete; custom create begin
O 20116 0 00000000 00000000
A 20115 0 00000000 00000000
POWER PHASE: native refresh begin
POWER PHASE: native refresh complete; custom create begin
O 20115 0 00000000 00000000
A 20118 0 00000000 00000000
POWER PHASE: native refresh begin
POWER PHASE: native refresh complete; custom create begin
O 20118 0 00000000 00000000
A 20119 1 000041EB 00000000
POWER PHASE: native refresh begin
POWER PHASE: native refresh complete; custom create begin
D 20119 000041EB 00000000
POWER PHASE: native create returned result=16 layer=660B5B84 oldGuild=00000000
POWER PHASE: unsafe custom Canvas styling bypassed
POWER PHASE: layout begin
POWER PHASE: layout complete
O 20119 1 000041EB 00000000
A 20120 0 00000000 00000000
POWER PHASE: native refresh begin
POWER PHASE: native refresh complete; custom create begin
O 20120 0 00000000 00000000
A 20122 1 000019CE 00000000
POWER PHASE: native refresh begin
POWER PHASE: native refresh complete; custom create begin
D 20122 000019CE 00000000
POWER PHASE: native create returned result=16 layer=660BA0A4 oldGuild=00000000
POWER PHASE: unsafe custom Canvas styling bypassed
POWER PHASE: layout begin
POWER PHASE: layout complete
O 20122 1 000019CE 00000000
A 20121 0 00000000 00000000
POWER PHASE: native refresh begin
POWER PHASE: native refresh complete; custom create begin
O 20121 0 00000000 00000000
A 20124 0 00000000 00000000
POWER PHASE: native refresh begin
POWER PHASE: native refresh complete; custom create begin
O 20124 0 00000000 00000000
A 20123 0 00000000 00000000
POWER PHASE: native refresh begin
POWER PHASE: native refresh complete; custom create begin
O 20123 0 00000000 00000000
A 20125 0 00000000 00000000
POWER PHASE: native refresh begin
POWER PHASE: native refresh complete; custom create begin
O 20125 0 00000000 00000000
A 20126 0 00000000 00000000
POWER PHASE: native refresh begin
POWER PHASE: native refresh complete; custom create begin
O 20126 0 00000000 00000000
D 20105 000006A9 00000000
POWER PHASE: native create returned result=16 layer=660AFF54 oldGuild=00000000
POWER PHASE: unsafe custom Canvas styling bypassed
POWER PHASE: layout begin
POWER PHASE: layout complete
D 20114 00000FA4 00000000
POWER PHASE: native create returned result=16 layer=660B2D6C oldGuild=00000000
POWER PHASE: unsafe custom Canvas styling bypassed
POWER PHASE: layout begin
POWER PHASE: layout complete
D 20119 000041EB 00000000
POWER PHASE: native create returned result=16 layer=660B5B84 oldGuild=00000000
POWER PHASE: unsafe custom Canvas styling bypassed
POWER PHASE: layout begin
POWER PHASE: layout complete
D 20122 000019CE 00000000
POWER PHASE: native create returned result=16 layer=660BA0A4 oldGuild=00000000
POWER PHASE: unsafe custom Canvas styling bypassed
POWER PHASE: layout begin
POWER PHASE: layout complete
D 1 003D9DEC 00000000
POWER PHASE: native create returned result=16 layer=645B126C oldGuild=00000000
POWER PHASE: unsafe custom Canvas styling bypassed
POWER PHASE: layout begin
POWER PHASE: layout complete
D 1 003D9DEC 00000000
POWER PHASE: native create returned result=16 layer=645B126C oldGuild=00000000
POWER PHASE: unsafe custom Canvas styling bypassed
POWER PHASE: layout begin
POWER PHASE: layout complete
D 1 003D9DEC 00000000
POWER PHASE: native create returned result=16 layer=645B126C oldGuild=00000000
POWER PHASE: unsafe custom Canvas styling bypassed
POWER PHASE: layout begin
POWER PHASE: layout complete
D 1 003D9DEC 00000000
POWER PHASE: native create returned result=16 layer=645B126C oldGuild=00000000
POWER PHASE: unsafe custom Canvas styling bypassed
POWER PHASE: layout begin
POWER PHASE: layout complete
D 1 003D9DEC 00000000
POWER PHASE: native create returned result=16 layer=645B126C oldGuild=00000000
POWER PHASE: unsafe custom Canvas styling bypassed
POWER PHASE: layout begin
POWER PHASE: layout complete
D 1 003D9DEC 00000000
POWER PHASE: native create returned result=16 layer=645B126C oldGuild=00000000
POWER PHASE: unsafe custom Canvas styling bypassed
POWER PHASE: layout begin
POWER PHASE: layout complete
A 20101 0 00000000 00000000
POWER PHASE: native refresh begin
POWER PHASE: native refresh complete; custom create begin
O 20101 0 00000000 00000000
A 20100 0 00000000 00000000
POWER PHASE: native refresh begin
POWER PHASE: native refresh complete; custom create begin
O 20100 0 00000000 00000000
A 20102 0 00000000 00000000
POWER PHASE: native refresh begin
POWER PHASE: native refresh complete; custom create begin
O 20102 0 00000000 00000000
A 20103 0 00000000 00000000
POWER PHASE: native refresh begin
POWER PHASE: native refresh complete; custom create begin
O 20103 0 00000000 00000000
A 20104 0 00000000 00000000
POWER PHASE: native refresh begin
POWER PHASE: native refresh complete; custom create begin
O 20104 0 00000000 00000000
A 20106 0 00000000 00000000
POWER PHASE: native refresh begin
POWER PHASE: native refresh complete; custom create begin
O 20106 0 00000000 00000000
A 20105 1 000006A9 00000000
POWER PHASE: native refresh begin
POWER PHASE: native refresh complete; custom create begin
D 20105 000006A9 00000000
POWER PHASE: native create returned result=16 layer=5AAB6484 oldGuild=00000000
POWER PHASE: unsafe custom Canvas styling bypassed
POWER PHASE: layout begin
POWER PHASE: layout complete
O 20105 1 000006A9 00000000
A 20113 0 00000000 00000000
POWER PHASE: native refresh begin
POWER PHASE: native refresh complete; custom create begin
O 20113 0 00000000 00000000
A 20114 1 00000FA4 00000000
POWER PHASE: native refresh begin
POWER PHASE: native refresh complete; custom create begin
D 20114 00000FA4 00000000
POWER PHASE: native create returned result=16 layer=5AAB86A4 oldGuild=00000000
POWER PHASE: unsafe custom Canvas styling bypassed
POWER PHASE: layout begin
POWER PHASE: layout complete
O 20114 1 00000FA4 00000000
A 20117 0 00000000 00000000
POWER PHASE: native refresh begin
POWER PHASE: native refresh complete; custom create begin
O 20117 0 00000000 00000000
A 20116 0 00000000 00000000
POWER PHASE: native refresh begin
POWER PHASE: native refresh complete; custom create begin
O 20116 0 00000000 00000000
A 20115 0 00000000 00000000
POWER PHASE: native refresh begin
POWER PHASE: native refresh complete; custom create begin
O 20115 0 00000000 00000000
A 20118 0 00000000 00000000
POWER PHASE: native refresh begin
POWER PHASE: native refresh complete; custom create begin
O 20118 0 00000000 00000000
A 20119 1 000041EB 00000000
POWER PHASE: native refresh begin
POWER PHASE: native refresh complete; custom create begin
D 20119 000041EB 00000000
POWER PHASE: native create returned result=16 layer=519245A4 oldGuild=00000000
POWER PHASE: unsafe custom Canvas styling bypassed
POWER PHASE: layout begin
POWER PHASE: layout complete
O 20119 1 000041EB 00000000
A 20120 0 00000000 00000000
POWER PHASE: native refresh begin
POWER PHASE: native refresh complete; custom create begin
O 20120 0 00000000 00000000
A 20122 1 000019CE 00000000
POWER PHASE: native refresh begin
POWER PHASE: native refresh complete; custom create begin
D 20122 000019CE 00000000
POWER PHASE: native create returned result=16 layer=5AAC9ECC oldGuild=00000000
POWER PHASE: unsafe custom Canvas styling bypassed
POWER PHASE: layout begin
POWER PHASE: layout complete
O 20122 1 000019CE 00000000
A 20121 0 00000000 00000000
POWER PHASE: native refresh begin
POWER PHASE: native refresh complete; custom create begin
O 20121 0 00000000 00000000
A 20124 0 00000000 00000000
POWER PHASE: native refresh begin
POWER PHASE: native refresh complete; custom create begin
O 20124 0 00000000 00000000
A 20123 0 00000000 00000000
POWER PHASE: native refresh begin
POWER PHASE: native refresh complete; custom create begin
O 20123 0 00000000 00000000
A 20125 0 00000000 00000000
POWER PHASE: native refresh begin
POWER PHASE: native refresh complete; custom create begin
O 20125 0 00000000 00000000
A 20126 0 00000000 00000000
POWER PHASE: native refresh begin
POWER PHASE: native refresh complete; custom create begin
O 20126 0 00000000 00000000
D 20105 000006A9 00000000
POWER PHASE: native create returned result=16 layer=5AAB6484 oldGuild=00000000
POWER PHASE: unsafe custom Canvas styling bypassed
POWER PHASE: layout begin
POWER PHASE: layout complete
D 20114 00000FA4 00000000
POWER PHASE: native create returned result=16 layer=5AAB86A4 oldGuild=00000000
POWER PHASE: unsafe custom Canvas styling bypassed
POWER PHASE: layout begin
POWER PHASE: layout complete
D 20119 000041EB 00000000
POWER PHASE: native create returned result=16 layer=519245A4 oldGuild=00000000
POWER PHASE: unsafe custom Canvas styling bypassed
POWER PHASE: layout begin
POWER PHASE: layout complete
D 20122 000019CE 00000000
POWER PHASE: native create returned result=16 layer=5AAC9ECC oldGuild=00000000
POWER PHASE: unsafe custom Canvas styling bypassed
POWER PHASE: layout begin
POWER PHASE: layout complete
D 1 003D9DEC 00000000
POWER PHASE: native create returned result=16 layer=645B126C oldGuild=00000000
POWER PHASE: unsafe custom Canvas styling bypassed
POWER PHASE: layout begin
POWER PHASE: layout complete
D 1 003D9DEC 00000000
POWER PHASE: native create returned result=16 layer=645B126C oldGuild=00000000
POWER PHASE: unsafe custom Canvas styling bypassed
POWER PHASE: layout begin
POWER PHASE: layout complete
D 1 003D9DEC 00000000
POWER PHASE: native create returned result=16 layer=645B126C oldGuild=00000000
POWER PHASE: unsafe custom Canvas styling bypassed
POWER PHASE: layout begin
POWER PHASE: layout complete
D 1 003D9DEC 00000000
POWER PHASE: native create returned result=16 layer=645B126C oldGuild=00000000
POWER PHASE: unsafe custom Canvas styling bypassed
POWER PHASE: layout begin
POWER PHASE: layout complete
D 1 003D9DEC 00000000
POWER PHASE: native create returned result=16 layer=645B126C oldGuild=00000000
POWER PHASE: unsafe custom Canvas styling bypassed
POWER PHASE: layout begin
POWER PHASE: layout complete
D 1 003D9DEC 00000000
POWER PHASE: native create returned result=16 layer=645B126C oldGuild=00000000
POWER PHASE: unsafe custom Canvas styling bypassed
POWER PHASE: layout begin
POWER PHASE: layout complete
A 20101 0 00000000 00000000
POWER PHASE: native refresh begin
POWER PHASE: native refresh complete; custom create begin
O 20101 0 00000000 00000000
A 20100 0 00000000 00000000
POWER PHASE: native refresh begin
POWER PHASE: native refresh complete; custom create begin
O 20100 0 00000000 00000000
A 20102 0 00000000 00000000
POWER PHASE: native refresh begin
POWER PHASE: native refresh complete; custom create begin
O 20102 0 00000000 00000000
A 20103 0 00000000 00000000
POWER PHASE: native refresh begin
POWER PHASE: native refresh complete; custom create begin
O 20103 0 00000000 00000000
A 20104 0 00000000 00000000
POWER PHASE: native refresh begin
POWER PHASE: native refresh complete; custom create begin
O 20104 0 00000000 00000000
A 20106 0 00000000 00000000
POWER PHASE: native refresh begin
POWER PHASE: native refresh complete; custom create begin
O 20106 0 00000000 00000000
A 20105 1 000006A9 00000000
POWER PHASE: native refresh begin
POWER PHASE: native refresh complete; custom create begin
D 20105 000006A9 00000000
POWER PHASE: native create returned result=16 layer=645B146C oldGuild=00000000
POWER PHASE: unsafe custom Canvas styling bypassed
POWER PHASE: layout begin
POWER PHASE: layout complete
O 20105 1 000006A9 00000000
A 20113 0 00000000 00000000
POWER PHASE: native refresh begin
POWER PHASE: native refresh complete; custom create begin
O 20113 0 00000000 00000000
A 20114 1 00000FA4 00000000
POWER PHASE: native refresh begin
POWER PHASE: native refresh complete; custom create begin
D 20114 00000FA4 00000000
POWER PHASE: native create returned result=16 layer=660B3974 oldGuild=00000000
POWER PHASE: unsafe custom Canvas styling bypassed
POWER PHASE: layout begin
POWER PHASE: layout complete
O 20114 1 00000FA4 00000000
A 20117 0 00000000 00000000
POWER PHASE: native refresh begin
POWER PHASE: native refresh complete; custom create begin
O 20117 0 00000000 00000000
A 20116 0 00000000 00000000
POWER PHASE: native refresh begin
POWER PHASE: native refresh complete; custom create begin
O 20116 0 00000000 00000000
A 20115 0 00000000 00000000
POWER PHASE: native refresh begin
POWER PHASE: native refresh complete; custom create begin
O 20115 0 00000000 00000000
A 20118 0 00000000 00000000
POWER PHASE: native refresh begin
POWER PHASE: native refresh complete; custom create begin
O 20118 0 00000000 00000000
A 20119 1 000041EB 00000000
POWER PHASE: native refresh begin
POWER PHASE: native refresh complete; custom create begin
D 20119 000041EB 00000000
POWER PHASE: native create returned result=16 layer=660B1664 oldGuild=00000000
POWER PHASE: unsafe custom Canvas styling bypassed
POWER PHASE: layout begin
POWER PHASE: layout complete
O 20119 1 000041EB 00000000
A 20120 0 00000000 00000000
POWER PHASE: native refresh begin
POWER PHASE: native refresh complete; custom create begin
O 20120 0 00000000 00000000
A 20122 1 000019CE 00000000
POWER PHASE: native refresh begin
POWER PHASE: native refresh complete; custom create begin
D 20122 000019CE 00000000
POWER PHASE: native create returned result=16 layer=660B5F84 oldGuild=00000000
POWER PHASE: unsafe custom Canvas styling bypassed
POWER PHASE: layout begin
POWER PHASE: layout complete
O 20122 1 000019CE 00000000
A 20121 0 00000000 00000000
POWER PHASE: native refresh begin
POWER PHASE: native refresh complete; custom create begin
O 20121 0 00000000 00000000
A 20124 0 00000000 00000000
POWER PHASE: native refresh begin
POWER PHASE: native refresh complete; custom create begin
O 20124 0 00000000 00000000
A 20123 0 00000000 00000000
POWER PHASE: native refresh begin
POWER PHASE: native refresh complete; custom create begin
O 20123 0 00000000 00000000
A 20125 0 00000000 00000000
POWER PHASE: native refresh begin
POWER PHASE: native refresh complete; custom create begin
O 20125 0 00000000 00000000
A 20126 0 00000000 00000000
POWER PHASE: native refresh begin
POWER PHASE: native refresh complete; custom create begin
O 20126 0 00000000 00000000
D 20105 000006A9 00000000
POWER PHASE: native create returned result=16 layer=645B146C oldGuild=00000000
POWER PHASE: unsafe custom Canvas styling bypassed
POWER PHASE: layout begin
POWER PHASE: layout complete
D 20114 00000FA4 00000000
POWER PHASE: native create returned result=16 layer=660B3974 oldGuild=00000000
POWER PHASE: unsafe custom Canvas styling bypassed
POWER PHASE: layout begin
POWER PHASE: layout complete
D 20119 000041EB 00000000
POWER PHASE: native create returned result=16 layer=660B1664 oldGuild=00000000
POWER PHASE: unsafe custom Canvas styling bypassed
POWER PHASE: layout begin
POWER PHASE: layout complete
D 20122 000019CE 00000000
POWER PHASE: native create returned result=16 layer=660B5F84 oldGuild=00000000
POWER PHASE: unsafe custom Canvas styling bypassed
POWER PHASE: layout begin
POWER PHASE: layout complete
LOAD: BeiDouSetItemCompat v22 frenzy-totem-1013-dispatch
OK: damage-skin selector loaded
OK: Frenzy Totem slot 53 store/draw chained; core keeps 54/55/56
OK: set item, Frenzy Totem render/cast, damage skin, and power nameplate hooks installed
OK: decoded 0x17B skin=0
EQUIP EXTENDED RESET: totem slot 53
A 1 1 003D9DEC 00000000
POWER PHASE: native refresh begin
POWER PHASE: native refresh complete; custom create begin
D 1 003D9DEC 00000000
POWER PHASE: native create returned result=16 layer=64400FBC oldGuild=00000000
POWER PHASE: unsafe custom Canvas styling bypassed
POWER PHASE: layout begin
POWER PHASE: layout complete
O 1 1 003D9DEC 00000000
OK: decoded 0x17A sets=91 bytes=37355/37357
A 20101 0 00000000 00000000
POWER PHASE: native refresh begin
POWER PHASE: native refresh complete; custom create begin
O 20101 0 00000000 00000000
A 20100 0 00000000 00000000
POWER PHASE: native refresh begin
POWER PHASE: native refresh complete; custom create begin
O 20100 0 00000000 00000000
A 20102 1 00000D94 00000000
POWER PHASE: native refresh begin
POWER PHASE: native refresh complete; custom create begin
D 20102 00000D94 00000000
POWER PHASE: native create returned result=16 layer=65B16EC4 oldGuild=00000000
POWER PHASE: unsafe custom Canvas styling bypassed
POWER PHASE: layout begin
POWER PHASE: layout complete
O 20102 1 00000D94 00000000
A 20103 0 00000000 00000000
POWER PHASE: native refresh begin
POWER PHASE: native refresh complete; custom create begin
O 20103 0 00000000 00000000
A 20104 1 0000010D 00000000
POWER PHASE: native refresh begin
POWER PHASE: native refresh complete; custom create begin
D 20104 0000010D 00000000
POWER PHASE: native create returned result=16 layer=65B13FB4 oldGuild=00000000
POWER PHASE: unsafe custom Canvas styling bypassed
POWER PHASE: layout begin
POWER PHASE: layout complete
O 20104 1 0000010D 00000000
A 20106 0 00000000 00000000
POWER PHASE: native refresh begin
POWER PHASE: native refresh complete; custom create begin
O 20106 0 00000000 00000000
A 20105 0 00000000 00000000
POWER PHASE: native refresh begin
POWER PHASE: native refresh complete; custom create begin
O 20105 0 00000000 00000000
A 20113 0 00000000 00000000
POWER PHASE: native refresh begin
POWER PHASE: native refresh complete; custom create begin
O 20113 0 00000000 00000000
A 20114 0 00000000 00000000
POWER PHASE: native refresh begin
POWER PHASE: native refresh complete; custom create begin
O 20114 0 00000000 00000000
A 20117 0 00000000 00000000
POWER PHASE: native refresh begin
POWER PHASE: native refresh complete; custom create begin
O 20117 0 00000000 00000000
A 20116 0 00000000 00000000
POWER PHASE: native refresh begin
POWER PHASE: native refresh complete; custom create begin
O 20116 0 00000000 00000000
A 20115 0 00000000 00000000
POWER PHASE: native refresh begin
POWER PHASE: native refresh complete; custom create begin
O 20115 0 00000000 00000000
A 20118 0 00000000 00000000
POWER PHASE: native refresh begin
POWER PHASE: native refresh complete; custom create begin
O 20118 0 00000000 00000000
A 20119 0 00000000 00000000
POWER PHASE: native refresh begin
POWER PHASE: native refresh complete; custom create begin
O 20119 0 00000000 00000000
A 20120 0 00000000 00000000
POWER PHASE: native refresh begin
POWER PHASE: native refresh complete; custom create begin
O 20120 0 00000000 00000000
A 20122 0 00000000 00000000
POWER PHASE: native refresh begin
POWER PHASE: native refresh complete; custom create begin
O 20122 0 00000000 00000000
A 20121 0 00000000 00000000
POWER PHASE: native refresh begin
POWER PHASE: native refresh complete; custom create begin
O 20121 0 00000000 00000000
A 20124 0 00000000 00000000
POWER PHASE: native refresh begin
POWER PHASE: native refresh complete; custom create begin
O 20124 0 00000000 00000000
A 20123 0 00000000 00000000
POWER PHASE: native refresh begin
POWER PHASE: native refresh complete; custom create begin
O 20123 0 00000000 00000000
A 20125 0 00000000 00000000
POWER PHASE: native refresh begin
POWER PHASE: native refresh complete; custom create begin
O 20125 0 00000000 00000000
A 20126 0 00000000 00000000
POWER PHASE: native refresh begin
POWER PHASE: native refresh complete; custom create begin
O 20126 0 00000000 00000000
D 20102 00000D94 00000000
POWER PHASE: native create returned result=16 layer=65B16EC4 oldGuild=00000000
POWER PHASE: unsafe custom Canvas styling bypassed
POWER PHASE: layout begin
POWER PHASE: layout complete
D 20104 0000010D 00000000
POWER PHASE: native create returned result=16 layer=65B13FB4 oldGuild=00000000
POWER PHASE: unsafe custom Canvas styling bypassed
POWER PHASE: layout begin
POWER PHASE: layout complete
D 1 003D9DEC 00000000
POWER PHASE: native create returned result=16 layer=64400FBC oldGuild=00000000
POWER PHASE: unsafe custom Canvas styling bypassed
POWER PHASE: layout begin
POWER PHASE: layout complete
D 1 003D9DEC 00000000
POWER PHASE: native create returned result=16 layer=64400FBC oldGuild=00000000
POWER PHASE: unsafe custom Canvas styling bypassed
POWER PHASE: layout begin
POWER PHASE: layout complete
D 1 003D9DEC 00000000
POWER PHASE: native create returned result=16 layer=64400FBC oldGuild=00000000
POWER PHASE: unsafe custom Canvas styling bypassed
POWER PHASE: layout begin
POWER PHASE: layout complete
D 1 003D9DEC 00000000
POWER PHASE: native create returned result=16 layer=64400FBC oldGuild=00000000
POWER PHASE: unsafe custom Canvas styling bypassed
POWER PHASE: layout begin
POWER PHASE: layout complete
D 1 003D9DEC 00000000
POWER PHASE: native create returned result=16 layer=64400FBC oldGuild=00000000
POWER PHASE: unsafe custom Canvas styling bypassed
POWER PHASE: layout begin
POWER PHASE: layout complete
D 1 003D9DEC 00000000
POWER PHASE: native create returned result=16 layer=64400FBC oldGuild=00000000
POWER PHASE: unsafe custom Canvas styling bypassed
POWER PHASE: layout begin
POWER PHASE: layout complete
A 20101 0 00000000 00000000
POWER PHASE: native refresh begin
POWER PHASE: native refresh complete; custom create begin
O 20101 0 00000000 00000000
A 20100 0 00000000 00000000
POWER PHASE: native refresh begin
POWER PHASE: native refresh complete; custom create begin
O 20100 0 00000000 00000000
A 20102 1 00000D94 00000000
POWER PHASE: native refresh begin
POWER PHASE: native refresh complete; custom create begin
D 20102 00000D94 00000000
POWER PHASE: native create returned result=16 layer=5AA6046C oldGuild=00000000
POWER PHASE: unsafe custom Canvas styling bypassed
POWER PHASE: layout begin
POWER PHASE: layout complete
O 20102 1 00000D94 00000000
A 20103 0 00000000 00000000
POWER PHASE: native refresh begin
POWER PHASE: native refresh complete; custom create begin
O 20103 0 00000000 00000000
A 20104 1 0000010D 00000000
POWER PHASE: native refresh begin
POWER PHASE: native refresh complete; custom create begin
D 20104 0000010D 00000000
POWER PHASE: native create returned result=16 layer=5AA6157C oldGuild=00000000
POWER PHASE: unsafe custom Canvas styling bypassed
POWER PHASE: layout begin
POWER PHASE: layout complete
O 20104 1 0000010D 00000000
A 20106 0 00000000 00000000
POWER PHASE: native refresh begin
POWER PHASE: native refresh complete; custom create begin
O 20106 0 00000000 00000000
A 20105 0 00000000 00000000
POWER PHASE: native refresh begin
POWER PHASE: native refresh complete; custom create begin
O 20105 0 00000000 00000000
A 20113 0 00000000 00000000
POWER PHASE: native refresh begin
POWER PHASE: native refresh complete; custom create begin
O 20113 0 00000000 00000000
A 20114 0 00000000 00000000
POWER PHASE: native refresh begin
POWER PHASE: native refresh complete; custom create begin
O 20114 0 00000000 00000000
A 20117 0 00000000 00000000
POWER PHASE: native refresh begin
POWER PHASE: native refresh complete; custom create begin
O 20117 0 00000000 00000000
A 20116 0 00000000 00000000
POWER PHASE: native refresh begin
POWER PHASE: native refresh complete; custom create begin
O 20116 0 00000000 00000000
A 20115 0 00000000 00000000
POWER PHASE: native refresh begin
POWER PHASE: native refresh complete; custom create begin
O 20115 0 00000000 00000000
A 20118 0 00000000 00000000
POWER PHASE: native refresh begin
POWER PHASE: native refresh complete; custom create begin
O 20118 0 00000000 00000000
A 20119 0 00000000 00000000
POWER PHASE: native refresh begin
POWER PHASE: native refresh complete; custom create begin
O 20119 0 00000000 00000000
A 20120 0 00000000 00000000
POWER PHASE: native refresh begin
POWER PHASE: native refresh complete; custom create begin
O 20120 0 00000000 00000000
A 20122 0 00000000 00000000
POWER PHASE: native refresh begin
POWER PHASE: native refresh complete; custom create begin
O 20122 0 00000000 00000000
A 20121 0 00000000 00000000
POWER PHASE: native refresh begin
POWER PHASE: native refresh complete; custom create begin
O 20121 0 00000000 00000000
A 20124 0 00000000 00000000
POWER PHASE: native refresh begin
POWER PHASE: native refresh complete; custom create begin
O 20124 0 00000000 00000000
A 20123 0 00000000 00000000
POWER PHASE: native refresh begin
POWER PHASE: native refresh complete; custom create begin
O 20123 0 00000000 00000000
A 20125 0 00000000 00000000
POWER PHASE: native refresh begin
POWER PHASE: native refresh complete; custom create begin
O 20125 0 00000000 00000000
A 20126 0 00000000 00000000
POWER PHASE: native refresh begin
POWER PHASE: native refresh complete; custom create begin
O 20126 0 00000000 00000000
D 20102 00000D94 00000000
POWER PHASE: native create returned result=16 layer=5AA6046C oldGuild=00000000
POWER PHASE: unsafe custom Canvas styling bypassed
POWER PHASE: layout begin
POWER PHASE: layout complete
D 20104 0000010D 00000000
POWER PHASE: native create returned result=16 layer=5AA6157C oldGuild=00000000
POWER PHASE: unsafe custom Canvas styling bypassed
POWER PHASE: layout begin
POWER PHASE: layout complete
LOAD: BeiDouSetItemCompat v22 frenzy-totem-1013-dispatch
OK: damage-skin selector loaded
OK: Frenzy Totem slot 53 store/draw chained; core keeps 54/55/56
OK: set item, Frenzy Totem render/cast, damage skin, and power nameplate hooks installed
OK: decoded 0x17B skin=0
EQUIP EXTENDED RESET: totem slot 53
A 1 1 003D9DEC 00000000
POWER PHASE: native refresh begin
POWER PHASE: native refresh complete; custom create begin
D 1 003D9DEC 00000000
POWER PHASE: native create returned result=16 layer=65A1E0F4 oldGuild=00000000
POWER PHASE: unsafe custom Canvas styling bypassed
POWER PHASE: layout begin
POWER PHASE: layout complete
O 1 1 003D9DEC 00000000
OK: decoded 0x17A sets=91 bytes=37355/37357
