EQUIP DIAGNOSTIC SESSION: version=69 pid=1416 tick=15748140
EQUIP DIAGNOSTIC: first-chance exception address/register logging enabled
EQUIP MODULES: exe=00400000 dawn=71360000 setItem=70DA0000
EQUIP SLOT SAFE: native exact-slot-51 handling preserved in both stat passes
EQUIP SLOT ACTIVE: external slots 54/55/56, login-store, draw, hit-test, body-part, and requirement hooks enabled
EQUIP DIAGNOSTIC START: migrated 134/135 use exact job-branch mapping
EQUIP BODY PART: item=1072010 part=7 gender=2 result=1
EQUIP BODY PART: item=1062007 part=6 gender=2 result=1
EQUIP BODY PART: item=1042003 part=5 gender=2 result=1
EQUIP BODY PART: item=1002140 part=1 gender=2 result=1
EQUIP BODY PART: item=1912401 part=19 gender=2 result=1
EQUIP BODY PART: item=1302000 part=11 gender=2 result=1
EQUIP BODY PART: item=1112124 part=12 gender=2 result=1
EQUIP BODY PART: item=1072001 part=7 gender=2 result=1
EQUIP BODY PART: item=1912026 part=19 gender=2 result=1
EQUIP EXTENDED RESET: login equipped list
EQUIP BODY PART: item=1002140 part=14 gender=0 result=0
EQUIP REQUIREMENT: item=1002140 result=1 gender=0 level=255 job=112 stats=17/5/4/4 pop=0 unknown=1581140760 cover=0
EQUIP BODY PART: item=1042003 part=14 gender=0 result=0
EQUIP REQUIREMENT: item=1042003 result=1 gender=0 level=255 job=112 stats=1016/1004/1003/1003 pop=0 unknown=1581137328 cover=0
EQUIP BODY PART: item=1062007 part=14 gender=0 result=0
EQUIP REQUIREMENT: item=1062007 result=1 gender=0 level=255 job=112 stats=1016/1004/1003/1003 pop=0 unknown=1581141288 cover=0
EQUIP BODY PART: item=1072001 part=14 gender=0 result=0
EQUIP REQUIREMENT: item=1072001 result=1 gender=0 level=255 job=112 stats=1016/1004/1003/1003 pop=0 unknown=1581132312 cover=0
EQUIP BODY PART: item=1072010 part=14 gender=0 result=0
EQUIP REQUIREMENT: item=1072010 result=1 gender=0 level=255 job=112 stats=1016/1004/1003/1003 pop=0 unknown=1581142344 cover=0
EQUIP BODY PART: item=1302000 part=14 gender=0 result=0
EQUIP REQUIREMENT: item=1302000 result=1 gender=0 level=255 job=112 stats=1016/1004/1003/1003 pop=0 unknown=1581143664 cover=0
EQUIP BODY PART: item=1112124 part=14 gender=0 result=0
EQUIP REQUIREMENT: item=1112124 result=1 gender=0 level=255 job=112 stats=1016/1004/1003/1003 pop=0 unknown=1581138120 cover=0
EQUIP BODY PART: item=1912026 part=14 gender=0 result=0
EQUIP REQUIREMENT: item=1912026 result=1 gender=0 level=255 job=112 stats=1016/1004/1003/1003 pop=0 unknown=1581143136 cover=0
EQUIP BODY PART: item=1912401 part=14 gender=0 result=0
EQUIP REQUIREMENT: item=1912401 result=1 gender=0 level=255 job=112 stats=1016/1004/1003/1003 pop=0 unknown=1581135480 cover=0
EQUIP BODY PART: item=1322021 part=11 gender=2 result=1
EQUIP BODY PART: item=1052747 part=5 gender=2 result=1
EQUIP BODY PART: item=1062143 part=6 gender=2 result=1
EQUIP BODY PART: item=1041002 part=5 gender=2 result=1
EQUIP BODY PART: item=1042055 part=5 gender=2 result=1
EQUIP BODY PART: item=1332053 part=11 gender=2 result=1
EQUIP BODY PART: item=1004602 part=1 gender=2 result=1
EQUIP BODY PART: item=1073082 part=7 gender=2 result=1
EQUIP BODY PART: item=1062130 part=6 gender=2 result=1
EQUIP BODY PART: item=1082689 part=8 gender=2 result=1
EQUIP BODY PART: item=1032073 part=4 gender=2 result=1
EQUIP BODY PART: item=1050127 part=5 gender=2 result=1
EQUIP BODY PART: item=1062158 part=6 gender=2 result=1
EQUIP BODY PART: item=1002026 part=1 gender=2 result=1
EQUIP BODY PART: item=1072238 part=7 gender=2 result=1
EQUIP BODY PART: item=1009974 part=1 gender=2 result=1
EQUIP BODY PART: item=1052841 part=5 gender=2 result=1
EQUIP BODY PART: item=1062148 part=6 gender=2 result=1
EQUIP BODY PART: item=1102187 part=9 gender=2 result=1
EQUIP BODY PART: item=1073094 part=7 gender=2 result=1
EQUIP BODY PART: item=1042388 part=5 gender=2 result=1
EQUIP BODY PART: item=1002012 part=1 gender=2 result=1
EQUIP BODY PART: item=1052773 part=5 gender=2 result=1
EQUIP BODY PART: item=1002082 part=1 gender=2 result=1
EQUIP BODY PART: item=1072239 part=7 gender=2 result=1
EQUIP BODY PART: item=1062136 part=6 gender=2 result=1
EQUIP BODY PART: item=1102142 part=9 gender=2 result=1
EQUIP BODY PART: item=1082631 part=8 gender=2 result=1
EQUIP BODY PART: item=1062150 part=6 gender=2 result=1
EQUIP BODY PART: item=1041006 part=5 gender=2 result=1
EQUIP BODY PART: item=1052667 part=5 gender=2 result=1
EQUIP BODY PART: item=1061002 part=6 gender=2 result=1
EQUIP BODY PART: item=1073025 part=7 gender=2 result=1
EQUIP BODY PART: item=1002019 part=1 gender=2 result=1
EQUIP BODY PART: item=1052772 part=5 gender=2 result=1
EQUIP BODY PART: item=1052856 part=5 gender=2 result=1
EQUIP BODY PART: item=1062140 part=6 gender=2 result=1
EQUIP BODY PART: item=1022063 part=3 gender=2 result=1
EQUIP BODY PART: item=1032052 part=4 gender=2 result=1
EQUIP BODY PART: item=1012030 part=2 gender=2 result=1
EQUIP BODY PART: item=1115177 part=12 gender=2 result=1
EQUIP BODY PART: item=1042257 part=5 gender=2 result=1
EQUIP BODY PART: item=1472079 part=11 gender=2 result=1
EQUIP BODY PART: item=1002550 part=1 gender=2 result=1
EQUIP BODY PART: item=1082167 part=8 gender=2 result=1
EQUIP BODY PART: item=1072358 part=7 gender=2 result=1
EQUIP BODY PART: item=1102207 part=9 gender=2 result=1
EQUIP BODY PART: item=1052858 part=5 gender=2 result=1
EQUIP BODY PART: item=1051418 part=5 gender=2 result=1
EQUIP BODY PART: item=1052724 part=5 gender=2 result=1
EQUIP BODY PART: item=1062141 part=6 gender=2 result=1
EQUIP BODY PART: item=1073010 part=7 gender=2 result=1
EQUIP BODY PART: item=1022027 part=3 gender=2 result=1
EQUIP BODY PART: item=1052660 part=5 gender=2 result=1
EQUIP BODY PART: item=1009978 part=1 gender=2 result=1
EQUIP BODY PART: item=1102098 part=9 gender=2 result=1
EQUIP BODY PART: item=1073044 part=7 gender=2 result=1
EQUIP BODY PART: item=1082618 part=8 gender=2 result=1
EQUIP BODY PART: item=1040013 part=5 gender=2 result=1
EQUIP BODY PART: item=1102208 part=9 gender=2 result=1
EQUIP BODY PART: item=1003063 part=1 gender=2 result=1
EQUIP BODY PART: item=1052713 part=5 gender=2 result=1
EQUIP BODY PART: item=1073081 part=7 gender=2 result=1
EQUIP BODY PART: item=1102024 part=9 gender=2 result=1
EQUIP BODY PART: item=1402029 part=11 gender=2 result=1
EQUIP BODY PART: item=1052762 part=5 gender=2 result=1
EQUIP BODY PART: item=1008953 part=1 gender=2 result=1
EQUIP BODY PART: item=1082502 part=8 gender=2 result=1
EQUIP BODY PART: item=1003055 part=1 gender=2 result=1
EQUIP BODY PART: item=1102097 part=9 gender=2 result=1
EQUIP BODY PART: item=1052761 part=5 gender=2 result=1
EQUIP BODY PART: item=1062142 part=6 gender=2 result=1
EQUIP BODY PART: item=1012052 part=2 gender=2 result=1
EQUIP BODY PART: item=1102235 part=9 gender=2 result=1
EQUIP BODY PART: item=1402013 part=11 gender=2 result=1
EQUIP BODY PART: item=1072012 part=7 gender=2 result=1
EQUIP BODY PART: item=1003065 part=1 gender=2 result=1
EQUIP BODY PART: item=1032036 part=4 gender=2 result=1
EQUIP BODY PART: item=1082503 part=8 gender=2 result=1
EQUIP BODY PART: item=1052756 part=5 gender=2 result=1
EQUIP BODY PART: item=1442011 part=11 gender=2 result=1
EQUIP BODY PART: item=1082525 part=8 gender=2 result=1
EQUIP BODY PART: item=1042002 part=5 gender=2 result=1
EQUIP BODY PART: item=1062187 part=6 gender=2 result=1
EQUIP BODY PART: item=1112296 part=12 gender=2 result=1
EQUIP BODY PART: item=1042057 part=5 gender=2 result=1
EQUIP BODY PART: item=1062149 part=6 gender=2 result=1
EQUIP BODY PART: item=1082145 part=8 gender=2 result=1
EQUIP BODY PART: item=1322022 part=11 gender=2 result=1
EQUIP BODY PART: item=1003062 part=1 gender=2 result=1
EQUIP BODY PART: item=1042025 part=5 gender=2 result=1
EQUIP BODY PART: item=1062171 part=6 gender=2 result=1
EQUIP BODY PART: item=1073093 part=7 gender=2 result=1
EQUIP BODY PART: item=1052661 part=5 gender=2 result=1
EQUIP BODY PART: item=1332029 part=11 gender=2 result=1
EQUIP BODY PART: item=1002081 part=1 gender=2 result=1
EQUIP BODY PART: item=1102041 part=9 gender=2 result=1
EQUIP BODY PART: item=1073080 part=7 gender=2 result=1
EQUIP BODY PART: item=1062151 part=6 gender=2 result=1
EQUIP BODY PART: item=1082505 part=8 gender=2 result=1
EQUIP BODY PART: item=1022022 part=3 gender=2 result=1
EQUIP BODY PART: item=1112196 part=12 gender=2 result=1
EQUIP BODY PART: item=1008956 part=1 gender=2 result=1
EQUIP BODY PART: item=1102234 part=9 gender=2 result=1
EQUIP BODY PART: item=1052669 part=5 gender=2 result=1
EQUIP BODY PART: item=1062144 part=6 gender=2 result=1
EQUIP BODY PART: item=1012026 part=2 gender=2 result=1
EQUIP BODY PART: item=1041183 part=5 gender=2 result=1
EQUIP BODY PART: item=1003054 part=1 gender=2 result=1
EQUIP BODY PART: item=1052771 part=5 gender=2 result=1
EQUIP REQUIREMENT: item=1062007 result=1 gender=0 level=255 job=112 stats=1016/1004/1003/1003 pop=0 unknown=1552362600 cover=0
EQUIP REQUIREMENT: item=1112124 result=1 gender=0 level=255 job=112 stats=1016/1004/1003/1003 pop=0 unknown=1552356700 cover=0
EQUIP EXCEPTION: code=C0000005 eip=5000ED28 operation=0 target=00000000 eax=5000D5EA ebx=00000000 ecx=00000000 edx=001AE968 esi=00000000 edi=00000000 ebp=001AE7A8 esp=001AE7A0
EQUIP EXCEPTION: code=C0000005 eip=70D424F4 operation=0 target=22D4E088 eax=00000001 ebx=22D4E088 ecx=0000000C edx=7759B680 esi=FFFFFFFF edi=00000000 ebp=001AFBDC esp=001AED24
EQUIP DIAGNOSTIC SESSION: version=69 pid=3780 tick=16220828
EQUIP DIAGNOSTIC: first-chance exception address/register logging enabled
EQUIP MODULES: exe=00400000 dawn=710F0000 setItem=70DA0000
EQUIP SLOT SAFE: native exact-slot-51 handling preserved in both stat passes
EQUIP SLOT ACTIVE: external slots 54/55/56, login-store, draw, hit-test, body-part, and requirement hooks enabled
EQUIP DIAGNOSTIC START: migrated 134/135 use exact job-branch mapping
EQUIP BODY PART: item=1072010 part=7 gender=2 result=1
EQUIP BODY PART: item=1062007 part=6 gender=2 result=1
EQUIP BODY PART: item=1042003 part=5 gender=2 result=1
EQUIP BODY PART: item=1002140 part=1 gender=2 result=1
EQUIP BODY PART: item=1912401 part=19 gender=2 result=1
EQUIP BODY PART: item=1302000 part=11 gender=2 result=1
EQUIP BODY PART: item=1112124 part=12 gender=2 result=1
EQUIP BODY PART: item=1072001 part=7 gender=2 result=1
EQUIP BODY PART: item=1912026 part=19 gender=2 result=1
EQUIP EXTENDED RESET: login equipped list
EQUIP BODY PART: item=1002140 part=14 gender=0 result=0
EQUIP REQUIREMENT: item=1002140 result=1 gender=0 level=255 job=112 stats=17/5/4/4 pop=0 unknown=1371962752 cover=0
EQUIP BODY PART: item=1042003 part=14 gender=0 result=0
EQUIP REQUIREMENT: item=1042003 result=1 gender=0 level=255 job=112 stats=1016/1004/1003/1003 pop=0 unknown=1371962488 cover=0
EQUIP BODY PART: item=1062007 part=14 gender=0 result=0
EQUIP REQUIREMENT: item=1062007 result=1 gender=0 level=255 job=112 stats=1016/1004/1003/1003 pop=0 unknown=1371962224 cover=0
EQUIP BODY PART: item=1072001 part=14 gender=0 result=0
EQUIP REQUIREMENT: item=1072001 result=1 gender=0 level=255 job=112 stats=1016/1004/1003/1003 pop=0 unknown=1371959848 cover=0
EQUIP BODY PART: item=1072010 part=14 gender=0 result=0
EQUIP REQUIREMENT: item=1072010 result=1 gender=0 level=255 job=112 stats=1016/1004/1003/1003 pop=0 unknown=1371958000 cover=0
EQUIP BODY PART: item=1302000 part=14 gender=0 result=0
EQUIP REQUIREMENT: item=1302000 result=1 gender=0 level=255 job=112 stats=1016/1004/1003/1003 pop=0 unknown=1371956944 cover=0
EQUIP BODY PART: item=1112124 part=14 gender=0 result=0
EQUIP REQUIREMENT: item=1112124 result=1 gender=0 level=255 job=112 stats=1016/1004/1003/1003 pop=0 unknown=1371959320 cover=0
EQUIP BODY PART: item=1912026 part=14 gender=0 result=0
EQUIP REQUIREMENT: item=1912026 result=1 gender=0 level=255 job=112 stats=1016/1004/1003/1003 pop=0 unknown=1371961432 cover=0
EQUIP BODY PART: item=1912401 part=14 gender=0 result=0
EQUIP REQUIREMENT: item=1912401 result=1 gender=0 level=255 job=112 stats=1016/1004/1003/1003 pop=0 unknown=1371957472 cover=0
EQUIP BODY PART: item=1322021 part=11 gender=2 result=1
EQUIP BODY PART: item=1052771 part=5 gender=2 result=1
EQUIP BODY PART: item=1062143 part=6 gender=2 result=1
EQUIP BODY PART: item=1004589 part=1 gender=2 result=1
EQUIP BODY PART: item=1041002 part=5 gender=2 result=1
EQUIP BODY PART: item=1052746 part=5 gender=2 result=1
EQUIP BODY PART: item=1332053 part=11 gender=2 result=1
EQUIP BODY PART: item=1008939 part=1 gender=2 result=1
EQUIP BODY PART: item=1062158 part=6 gender=2 result=1
EQUIP BODY PART: item=1073093 part=7 gender=2 result=1
EQUIP BODY PART: item=1012192 part=2 gender=2 result=1
EQUIP BODY PART: item=1050127 part=5 gender=2 result=1
EQUIP BODY PART: item=1002026 part=1 gender=2 result=1
EQUIP BODY PART: item=1002012 part=1 gender=2 result=1
EQUIP BODY PART: item=1042004 part=5 gender=2 result=1
EQUIP BODY PART: item=1062157 part=6 gender=2 result=1
EQUIP BODY PART: item=1073094 part=7 gender=2 result=1
EQUIP BODY PART: item=1082505 part=8 gender=2 result=1
EQUIP BODY PART: item=1112259 part=12 gender=2 result=1
EQUIP BODY PART: item=1042388 part=5 gender=2 result=1
EQUIP BODY PART: item=1062148 part=6 gender=2 result=1
EQUIP BODY PART: item=1052850 part=5 gender=2 result=1
EQUIP BODY PART: item=1004171 part=1 gender=2 result=1
EQUIP BODY PART: item=1073050 part=7 gender=2 result=1
EQUIP BODY PART: item=1062150 part=6 gender=2 result=1
EQUIP BODY PART: item=1082551 part=8 gender=2 result=1
EQUIP BODY PART: item=1118037 part=12 gender=2 result=1
EQUIP BODY PART: item=1041006 part=5 gender=2 result=1
EQUIP BODY PART: item=1072239 part=7 gender=2 result=1
EQUIP BODY PART: item=1002082 part=1 gender=2 result=1
EQUIP BODY PART: item=1052782 part=5 gender=2 result=1
EQUIP BODY PART: item=1061002 part=6 gender=2 result=1
EQUIP BODY PART: item=1082552 part=8 gender=2 result=1
EQUIP BODY PART: item=1002019 part=1 gender=2 result=1
EQUIP BODY PART: item=1072238 part=7 gender=2 result=1
EQUIP BODY PART: item=1052754 part=5 gender=2 result=1
EQUIP BODY PART: item=1032024 part=4 gender=2 result=1
EQUIP BODY PART: item=1112283 part=12 gender=2 result=1
EQUIP BODY PART: item=1052762 part=5 gender=2 result=1
EQUIP BODY PART: item=1062140 part=6 gender=2 result=1
EQUIP BODY PART: item=1012029 part=2 gender=2 result=1
EQUIP BODY PART: item=1082504 part=8 gender=2 result=1
EQUIP BODY PART: item=1112171 part=12 gender=2 result=1
EQUIP BODY PART: item=1042257 part=5 gender=2 result=1
EQUIP BODY PART: item=1472079 part=11 gender=2 result=1
EQUIP BODY PART: item=1009991 part=1 gender=2 result=1
EQUIP BODY PART: item=1082167 part=8 gender=2 result=1
EQUIP BODY PART: item=1072358 part=7 gender=2 result=1
EQUIP BODY PART: item=1102207 part=9 gender=2 result=1
EQUIP BODY PART: item=1052728 part=5 gender=2 result=1
EQUIP BODY PART: item=1051418 part=5 gender=2 result=1
EQUIP BODY PART: item=1002550 part=1 gender=2 result=1
EQUIP BODY PART: item=1042046 part=5 gender=2 result=1
EQUIP BODY PART: item=1062137 part=6 gender=2 result=1
EQUIP BODY PART: item=1073010 part=7 gender=2 result=1
EQUIP BODY PART: item=1102188 part=9 gender=2 result=1
EQUIP BODY PART: item=1112127 part=12 gender=2 result=1
EQUIP BODY PART: item=1062141 part=6 gender=2 result=1
EQUIP BODY PART: item=1052756 part=5 gender=2 result=1
EQUIP BODY PART: item=1009932 part=1 gender=2 result=1
EQUIP BODY PART: item=1073008 part=7 gender=2 result=1
EQUIP BODY PART: item=1040013 part=5 gender=2 result=1
EQUIP BODY PART: item=1102024 part=9 gender=2 result=1
EQUIP BODY PART: item=1003063 part=1 gender=2 result=1
EQUIP BODY PART: item=1042044 part=5 gender=2 result=1
EQUIP BODY PART: item=1062154 part=6 gender=2 result=1
EQUIP BODY PART: item=1073081 part=7 gender=2 result=1
EQUIP BODY PART: item=1402029 part=11 gender=2 result=1
EQUIP BODY PART: item=1052854 part=5 gender=2 result=1
EQUIP BODY PART: item=1008956 part=1 gender=2 result=1
EQUIP BODY PART: item=1102005 part=9 gender=2 result=1
EQUIP BODY PART: item=1052846 part=5 gender=2 result=1
EQUIP BODY PART: item=1073041 part=7 gender=2 result=1
EQUIP BODY PART: item=1062142 part=6 gender=2 result=1
EQUIP BODY PART: item=1012038 part=2 gender=2 result=1
EQUIP BODY PART: item=1003055 part=1 gender=2 result=1
EQUIP BODY PART: item=1102235 part=9 gender=2 result=1
EQUIP BODY PART: item=1402013 part=11 gender=2 result=1
EQUIP BODY PART: item=1072012 part=7 gender=2 result=1
EQUIP BODY PART: item=1004405 part=1 gender=2 result=1
EQUIP BODY PART: item=1052727 part=5 gender=2 result=1
EQUIP BODY PART: item=1082502 part=8 gender=2 result=1
EQUIP BODY PART: item=1115128 part=12 gender=2 result=1
EQUIP BODY PART: item=1003065 part=1 gender=2 result=1
EQUIP BODY PART: item=1442011 part=11 gender=2 result=1
EQUIP BODY PART: item=1082145 part=8 gender=2 result=1
EQUIP BODY PART: item=1042057 part=5 gender=2 result=1
EQUIP BODY PART: item=1322022 part=11 gender=2 result=1
EQUIP BODY PART: item=1003062 part=1 gender=2 result=1
EQUIP BODY PART: item=1052698 part=5 gender=2 result=1
EQUIP BODY PART: item=1022002 part=3 gender=2 result=1
EQUIP BODY PART: item=1112102 part=12 gender=2 result=1
EQUIP BODY PART: item=1042013 part=5 gender=2 result=1
EQUIP BODY PART: item=1332029 part=11 gender=2 result=1
EQUIP BODY PART: item=1002081 part=1 gender=2 result=1
EQUIP BODY PART: item=1102041 part=9 gender=2 result=1
EQUIP BODY PART: item=1022087 part=3 gender=2 result=1
EQUIP BODY PART: item=1012049 part=2 gender=2 result=1
EQUIP BODY PART: item=1003054 part=1 gender=2 result=1
EQUIP BODY PART: item=1102234 part=9 gender=2 result=1
EQUIP BODY PART: item=1052693 part=5 gender=2 result=1
EQUIP BODY PART: item=1062144 part=6 gender=2 result=1
EQUIP BODY PART: item=1073075 part=7 gender=2 result=1
EQUIP BODY PART: item=1041183 part=5 gender=2 result=1
EQUIP BODY PART: item=1052779 part=5 gender=2 result=1
EQUIP BODY PART: item=1002972 part=1 gender=2 result=1
EQUIP BODY PART: item=1102057 part=9 gender=2 result=1
EQUIP BODY PART: item=1032046 part=4 gender=2 result=1
EQUIP BODY PART: item=1042243 part=5 gender=2 result=1
EQUIP BODY PART: item=1442089 part=11 gender=2 result=1
EQUIP REQUIREMENT: item=1062007 result=1 gender=0 level=255 job=112 stats=1016/1004/1003/1003 pop=0 unknown=1544750488 cover=0
EQUIP REQUIREMENT: item=1072001 result=1 gender=0 level=255 job=112 stats=1016/1004/1003/1003 pop=0 unknown=1544743176 cover=0
EQUIP REQUIREMENT: item=1912401 result=1 gender=0 level=255 job=112 stats=1016/1004/1003/1003 pop=0 unknown=1544764548 cover=0
EQUIP EXCEPTION: code=C0000005 eip=5000ED28 operation=0 target=00000000 eax=5000D5EA ebx=00000000 ecx=00000000 edx=001AE968 esi=00000000 edi=00000000 ebp=001AE7A8 esp=001AE7A0
EQUIP EXCEPTION: code=C0000005 eip=70D424F4 operation=0 target=22D8E088 eax=00000001 ebx=22D8E088 ecx=0000000C edx=7759B680 esi=FFFFFFFF edi=00000000 ebp=001AFBDC esp=001AED24
EQUIP DIAGNOSTIC SESSION: version=69 pid=5632 tick=16655968
EQUIP DIAGNOSTIC: first-chance exception address/register logging enabled
EQUIP MODULES: exe=00400000 dawn=71360000 setItem=70DA0000
EQUIP SLOT SAFE: native exact-slot-51 handling preserved in both stat passes
EQUIP SLOT ACTIVE: external slots 54/55/56, login-store, draw, hit-test, body-part, and requirement hooks enabled
EQUIP DIAGNOSTIC START: migrated 134/135 use exact job-branch mapping
EQUIP BODY PART: item=1072010 part=7 gender=2 result=1
EQUIP BODY PART: item=1062007 part=6 gender=2 result=1
EQUIP BODY PART: item=1042003 part=5 gender=2 result=1
EQUIP BODY PART: item=1002140 part=1 gender=2 result=1
EQUIP BODY PART: item=1912401 part=19 gender=2 result=1
EQUIP BODY PART: item=1302000 part=11 gender=2 result=1
EQUIP BODY PART: item=1112124 part=12 gender=2 result=1
EQUIP BODY PART: item=1072001 part=7 gender=2 result=1
EQUIP BODY PART: item=1912026 part=19 gender=2 result=1
EQUIP EXTENDED RESET: login equipped list
EQUIP BODY PART: item=1002140 part=14 gender=0 result=0
EQUIP REQUIREMENT: item=1002140 result=1 gender=0 level=255 job=112 stats=17/5/4/4 pop=0 unknown=1582846656 cover=0
EQUIP BODY PART: item=1042003 part=14 gender=0 result=0
EQUIP REQUIREMENT: item=1042003 result=1 gender=0 level=255 job=112 stats=1016/1004/1003/1003 pop=0 unknown=1582842696 cover=0
EQUIP BODY PART: item=1062007 part=14 gender=0 result=0
EQUIP REQUIREMENT: item=1062007 result=1 gender=0 level=255 job=112 stats=1016/1004/1003/1003 pop=0 unknown=1582846392 cover=0
EQUIP BODY PART: item=1072001 part=14 gender=0 result=0
EQUIP REQUIREMENT: item=1072001 result=1 gender=0 level=255 job=112 stats=1016/1004/1003/1003 pop=0 unknown=1582849296 cover=0
EQUIP BODY PART: item=1072010 part=14 gender=0 result=0
EQUIP REQUIREMENT: item=1072010 result=1 gender=0 level=255 job=112 stats=1016/1004/1003/1003 pop=0 unknown=1582848504 cover=0
EQUIP BODY PART: item=1302000 part=14 gender=0 result=0
EQUIP REQUIREMENT: item=1302000 result=1 gender=0 level=255 job=112 stats=1016/1004/1003/1003 pop=0 unknown=1582842168 cover=0
EQUIP BODY PART: item=1112124 part=14 gender=0 result=0
EQUIP REQUIREMENT: item=1112124 result=1 gender=0 level=255 job=112 stats=1016/1004/1003/1003 pop=0 unknown=1582849824 cover=0
EQUIP BODY PART: item=1912026 part=14 gender=0 result=0
EQUIP REQUIREMENT: item=1912026 result=1 gender=0 level=255 job=112 stats=1016/1004/1003/1003 pop=0 unknown=1582842432 cover=0
EQUIP BODY PART: item=1912401 part=14 gender=0 result=0
EQUIP REQUIREMENT: item=1912401 result=1 gender=0 level=255 job=112 stats=1016/1004/1003/1003 pop=0 unknown=1582849560 cover=0
EQUIP BODY PART: item=1322021 part=11 gender=2 result=1
EQUIP BODY PART: item=1052855 part=5 gender=2 result=1
EQUIP BODY PART: item=1062143 part=6 gender=2 result=1
EQUIP BODY PART: item=1004470 part=1 gender=2 result=1
EQUIP BODY PART: item=1041002 part=5 gender=2 result=1
EQUIP BODY PART: item=1052761 part=5 gender=2 result=1
EQUIP BODY PART: item=1332053 part=11 gender=2 result=1
EQUIP BODY PART: item=1009970 part=1 gender=2 result=1
EQUIP BODY PART: item=1062158 part=6 gender=2 result=1
EQUIP BODY PART: item=1073056 part=7 gender=2 result=1
EQUIP BODY PART: item=1082500 part=8 gender=2 result=1
EQUIP BODY PART: item=1032072 part=4 gender=2 result=1
EQUIP BODY PART: item=1118014 part=12 gender=2 result=1
EQUIP BODY PART: item=1073093 part=7 gender=2 result=1
EQUIP BODY PART: item=1050127 part=5 gender=2 result=1
EQUIP BODY PART: item=1002026 part=1 gender=2 result=1
EQUIP BODY PART: item=1008918 part=1 gender=2 result=1
EQUIP BODY PART: item=1042025 part=5 gender=2 result=1
EQUIP BODY PART: item=1062138 part=6 gender=2 result=1
EQUIP BODY PART: item=1073094 part=7 gender=2 result=1
EQUIP BODY PART: item=1102230 part=9 gender=2 result=1
EQUIP BODY PART: item=1012021 part=2 gender=2 result=1
EQUIP BODY PART: item=1115176 part=12 gender=2 result=1
EQUIP BODY PART: item=1042388 part=5 gender=2 result=1
EQUIP BODY PART: item=1062148 part=6 gender=2 result=1
EQUIP BODY PART: item=1002012 part=1 gender=2 result=1
EQUIP BODY PART: item=1052666 part=5 gender=2 result=1
EQUIP BODY PART: item=1009920 part=1 gender=2 result=1
EQUIP BODY PART: item=1072239 part=7 gender=2 result=1
EQUIP BODY PART: item=1062150 part=6 gender=2 result=1
EQUIP BODY PART: item=1041006 part=5 gender=2 result=1
EQUIP BODY PART: item=1002082 part=1 gender=2 result=1
EQUIP BODY PART: item=1042054 part=5 gender=2 result=1
EQUIP BODY PART: item=1032074 part=4 gender=2 result=1
EQUIP BODY PART: item=1115145 part=12 gender=2 result=1
EQUIP BODY PART: item=1002019 part=1 gender=2 result=1
EQUIP BODY PART: item=1072238 part=7 gender=2 result=1
EQUIP BODY PART: item=1052698 part=5 gender=2 result=1
EQUIP BODY PART: item=1102196 part=9 gender=2 result=1
EQUIP BODY PART: item=1052857 part=5 gender=2 result=1
EQUIP BODY PART: item=1062187 part=6 gender=2 result=1
EQUIP BODY PART: item=1073052 part=7 gender=2 result=1
EQUIP BODY PART: item=1062140 part=6 gender=2 result=1
EQUIP BODY PART: item=1042257 part=5 gender=2 result=1
EQUIP BODY PART: item=1472079 part=11 gender=2 result=1
EQUIP BODY PART: item=1009972 part=1 gender=2 result=1
EQUIP BODY PART: item=1082167 part=8 gender=2 result=1
EQUIP BODY PART: item=1072358 part=7 gender=2 result=1
EQUIP BODY PART: item=1102019 part=9 gender=2 result=1
EQUIP BODY PART: item=1052707 part=5 gender=2 result=1
EQUIP BODY PART: item=1051418 part=5 gender=2 result=1
EQUIP BODY PART: item=1102207 part=9 gender=2 result=1
EQUIP BODY PART: item=1002550 part=1 gender=2 result=1
EQUIP BODY PART: item=1062161 part=6 gender=2 result=1
EQUIP BODY PART: item=1073010 part=7 gender=2 result=1
EQUIP BODY PART: item=1082501 part=8 gender=2 result=1
EQUIP BODY PART: item=1022070 part=3 gender=2 result=1
EQUIP BODY PART: item=1115017 part=12 gender=2 result=1
EQUIP BODY PART: item=1062141 part=6 gender=2 result=1
EQUIP BODY PART: item=1052757 part=5 gender=2 result=1
EQUIP BODY PART: item=1004194 part=1 gender=2 result=1
EQUIP BODY PART: item=1062184 part=6 gender=2 result=1
EQUIP BODY PART: item=1032036 part=4 gender=2 result=1
EQUIP BODY PART: item=1102210 part=9 gender=2 result=1
EQUIP BODY PART: item=1040013 part=5 gender=2 result=1
EQUIP BODY PART: item=1003063 part=1 gender=2 result=1
EQUIP BODY PART: item=1052674 part=5 gender=2 result=1
EQUIP BODY PART: item=1073081 part=7 gender=2 result=1
EQUIP BODY PART: item=1102024 part=9 gender=2 result=1
EQUIP BODY PART: item=1402029 part=11 gender=2 result=1
EQUIP BODY PART: item=1052724 part=5 gender=2 result=1
EQUIP BODY PART: item=1082685 part=8 gender=2 result=1
EQUIP BODY PART: item=1012134 part=2 gender=2 result=1
EQUIP BODY PART: item=1073024 part=7 gender=2 result=1
EQUIP BODY PART: item=1009953 part=1 gender=2 result=1
EQUIP BODY PART: item=1102235 part=9 gender=2 result=1
EQUIP BODY PART: item=1042056 part=5 gender=2 result=1
EQUIP BODY PART: item=1082520 part=8 gender=2 result=1
EQUIP BODY PART: item=1012083 part=2 gender=2 result=1
EQUIP BODY PART: item=1003055 part=1 gender=2 result=1
EQUIP BODY PART: item=1402013 part=11 gender=2 result=1
EQUIP BODY PART: item=1072012 part=7 gender=2 result=1
EQUIP BODY PART: item=1003065 part=1 gender=2 result=1
EQUIP BODY PART: item=1052713 part=5 gender=2 result=1
EQUIP BODY PART: item=1012127 part=2 gender=2 result=1
EQUIP BODY PART: item=1442011 part=11 gender=2 result=1
EQUIP BODY PART: item=1082145 part=8 gender=2 result=1
EQUIP BODY PART: item=1052856 part=5 gender=2 result=1
EQUIP BODY PART: item=1032024 part=4 gender=2 result=1
EQUIP BODY PART: item=1042057 part=5 gender=2 result=1
EQUIP BODY PART: item=1322022 part=11 gender=2 result=1
EQUIP BODY PART: item=1003062 part=1 gender=2 result=1
EQUIP BODY PART: item=1042058 part=5 gender=2 result=1
EQUIP BODY PART: item=1062188 part=6 gender=2 result=1
EQUIP BODY PART: item=1052731 part=5 gender=2 result=1
EQUIP BODY PART: item=1332029 part=11 gender=2 result=1
EQUIP BODY PART: item=1008929 part=1 gender=2 result=1
EQUIP BODY PART: item=1102041 part=9 gender=2 result=1
EQUIP BODY PART: item=1073090 part=7 gender=2 result=1
EQUIP BODY PART: item=1062145 part=6 gender=2 result=1
EQUIP BODY PART: item=1112246 part=12 gender=2 result=1
EQUIP BODY PART: item=1002081 part=1 gender=2 result=1
EQUIP BODY PART: item=1003054 part=1 gender=2 result=1
EQUIP BODY PART: item=1102234 part=9 gender=2 result=1
EQUIP BODY PART: item=1052774 part=5 gender=2 result=1
EQUIP BODY PART: item=1062144 part=6 gender=2 result=1
EQUIP BODY PART: item=1073013 part=7 gender=2 result=1
EQUIP BODY PART: item=1041183 part=5 gender=2 result=1
EQUIP BODY PART: item=1042044 part=5 gender=2 result=1
EQUIP BODY PART: item=1002972 part=1 gender=2 result=1
EQUIP REQUIREMENT: item=1062007 result=1 gender=0 level=255 job=112 stats=1016/1004/1003/1003 pop=0 unknown=1544650248 cover=0
EQUIP REQUIREMENT: item=1912026 result=1 gender=0 level=255 job=112 stats=1016/1004/1003/1003 pop=0 unknown=1544671008 cover=0
EQUIP REQUIREMENT: item=1072001 result=1 gender=0 level=255 job=112 stats=1016/1004/1003/1003 pop=0 unknown=1544663216 cover=0
EQUIP REQUIREMENT: item=1072010 result=1 gender=0 level=255 job=112 stats=1016/1004/1003/1003 pop=0 unknown=1544671088 cover=0
EQUIP EXCEPTION: code=C0000005 eip=00401D52 operation=0 target=00000000 eax=00000000 ebx=51D4A1E0 ecx=51D4F414 edx=51D4A1E0 esi=7DCB6070 edi=00000000 ebp=001AD664 esp=001AD624
EQUIP EXCEPTION: code=C0000005 eip=70D424F4 operation=0 target=2896E088 eax=00000001 ebx=2896E088 ecx=0000000C edx=7759B680 esi=FFFFFFFF edi=00000000 ebp=001AFBDC esp=001AED24
EQUIP DIAGNOSTIC SESSION: version=69 pid=8236 tick=17331937
EQUIP DIAGNOSTIC: first-chance exception address/register logging enabled
EQUIP MODULES: exe=00400000 dawn=71360000 setItem=70DA0000
EQUIP SLOT SAFE: native exact-slot-51 handling preserved in both stat passes
EQUIP SLOT ACTIVE: external slots 54/55/56, login-store, draw, hit-test, body-part, and requirement hooks enabled
EQUIP DIAGNOSTIC START: migrated 134/135 use exact job-branch mapping
EQUIP BODY PART: item=1072010 part=7 gender=2 result=1
EQUIP BODY PART: item=1062007 part=6 gender=2 result=1
EQUIP BODY PART: item=1042003 part=5 gender=2 result=1
EQUIP BODY PART: item=1002140 part=1 gender=2 result=1
EQUIP BODY PART: item=1912401 part=19 gender=2 result=1
EQUIP BODY PART: item=1302000 part=11 gender=2 result=1
EQUIP BODY PART: item=1112124 part=12 gender=2 result=1
EQUIP BODY PART: item=1072001 part=7 gender=2 result=1
EQUIP BODY PART: item=1912026 part=19 gender=2 result=1
EQUIP EXTENDED RESET: login equipped list
EQUIP BODY PART: item=1002140 part=14 gender=0 result=0
EQUIP REQUIREMENT: item=1002140 result=1 gender=0 level=255 job=112 stats=17/5/4/4 pop=0 unknown=1583132912 cover=0
EQUIP BODY PART: item=1042003 part=14 gender=0 result=0
EQUIP REQUIREMENT: item=1042003 result=1 gender=0 level=255 job=112 stats=1016/1004/1003/1003 pop=0 unknown=1583131856 cover=0
EQUIP BODY PART: item=1062007 part=14 gender=0 result=0
EQUIP REQUIREMENT: item=1062007 result=1 gender=0 level=255 job=112 stats=1016/1004/1003/1003 pop=0 unknown=1583136080 cover=0
EQUIP BODY PART: item=1072001 part=14 gender=0 result=0
EQUIP REQUIREMENT: item=1072001 result=1 gender=0 level=255 job=112 stats=1016/1004/1003/1003 pop=0 unknown=1583132120 cover=0
EQUIP BODY PART: item=1072010 part=14 gender=0 result=0
EQUIP REQUIREMENT: item=1072010 result=1 gender=0 level=255 job=112 stats=1016/1004/1003/1003 pop=0 unknown=1583137928 cover=0
EQUIP BODY PART: item=1302000 part=14 gender=0 result=0
EQUIP REQUIREMENT: item=1302000 result=1 gender=0 level=255 job=112 stats=1016/1004/1003/1003 pop=0 unknown=1583134760 cover=0
EQUIP BODY PART: item=1112124 part=14 gender=0 result=0
EQUIP REQUIREMENT: item=1112124 result=1 gender=0 level=255 job=112 stats=1016/1004/1003/1003 pop=0 unknown=1583135288 cover=0
EQUIP BODY PART: item=1912026 part=14 gender=0 result=0
EQUIP REQUIREMENT: item=1912026 result=1 gender=0 level=255 job=112 stats=1016/1004/1003/1003 pop=0 unknown=1583133440 cover=0
EQUIP BODY PART: item=1912401 part=14 gender=0 result=0
EQUIP REQUIREMENT: item=1912401 result=1 gender=0 level=255 job=112 stats=1016/1004/1003/1003 pop=0 unknown=1583133704 cover=0
EQUIP BODY PART: item=1322021 part=11 gender=2 result=1
EQUIP BODY PART: item=1052750 part=5 gender=2 result=1
EQUIP BODY PART: item=1062134 part=6 gender=2 result=1
EQUIP BODY PART: item=1062143 part=6 gender=2 result=1
EQUIP BODY PART: item=1041002 part=5 gender=2 result=1
EQUIP EXCEPTION: code=C0000005 eip=70DA1114 operation=0 target=00004E85 eax=00000000 ebx=0000267C ecx=00000017 edx=00004E85 esi=00004E85 edi=001AE708 ebp=001AE724 esp=001AE6D8
EQUIP DIAGNOSTIC SESSION: version=69 pid=7388 tick=17641562
EQUIP DIAGNOSTIC: first-chance exception address/register logging enabled
EQUIP MODULES: exe=00400000 dawn=71360000 setItem=70DA0000
EQUIP SLOT SAFE: native exact-slot-51 handling preserved in both stat passes
EQUIP SLOT ACTIVE: external slots 54/55/56, login-store, draw, hit-test, body-part, and requirement hooks enabled
EQUIP DIAGNOSTIC START: migrated 134/135 use exact job-branch mapping
EQUIP BODY PART: item=1072010 part=7 gender=2 result=1
EQUIP BODY PART: item=1062007 part=6 gender=2 result=1
EQUIP BODY PART: item=1042003 part=5 gender=2 result=1
EQUIP BODY PART: item=1002140 part=1 gender=2 result=1
EQUIP BODY PART: item=1912401 part=19 gender=2 result=1
EQUIP BODY PART: item=1302000 part=11 gender=2 result=1
EQUIP BODY PART: item=1112124 part=12 gender=2 result=1
EQUIP BODY PART: item=1072001 part=7 gender=2 result=1
EQUIP BODY PART: item=1912026 part=19 gender=2 result=1
EQUIP EXTENDED RESET: login equipped list
EQUIP BODY PART: item=1002140 part=14 gender=0 result=0
EQUIP REQUIREMENT: item=1002140 result=1 gender=0 level=255 job=112 stats=17/5/4/4 pop=0 unknown=1577970992 cover=0
EQUIP BODY PART: item=1042003 part=14 gender=0 result=0
EQUIP REQUIREMENT: item=1042003 result=1 gender=0 level=255 job=112 stats=1016/1004/1003/1003 pop=0 unknown=1577965184 cover=0
EQUIP BODY PART: item=1062007 part=14 gender=0 result=0
EQUIP REQUIREMENT: item=1062007 result=1 gender=0 level=255 job=112 stats=1016/1004/1003/1003 pop=0 unknown=1577967296 cover=0
EQUIP BODY PART: item=1072001 part=14 gender=0 result=0
EQUIP REQUIREMENT: item=1072001 result=1 gender=0 level=255 job=112 stats=1016/1004/1003/1003 pop=0 unknown=1577968088 cover=0
EQUIP BODY PART: item=1072010 part=14 gender=0 result=0
EQUIP REQUIREMENT: item=1072010 result=1 gender=0 level=255 job=112 stats=1016/1004/1003/1003 pop=0 unknown=1577970200 cover=0
EQUIP BODY PART: item=1302000 part=14 gender=0 result=0
EQUIP REQUIREMENT: item=1302000 result=1 gender=0 level=255 job=112 stats=1016/1004/1003/1003 pop=0 unknown=1577967032 cover=0
EQUIP BODY PART: item=1112124 part=14 gender=0 result=0
EQUIP REQUIREMENT: item=1112124 result=1 gender=0 level=255 job=112 stats=1016/1004/1003/1003 pop=0 unknown=1577963864 cover=0
EQUIP BODY PART: item=1912026 part=14 gender=0 result=0
EQUIP REQUIREMENT: item=1912026 result=1 gender=0 level=255 job=112 stats=1016/1004/1003/1003 pop=0 unknown=1577963600 cover=0
EQUIP BODY PART: item=1912401 part=14 gender=0 result=0
EQUIP REQUIREMENT: item=1912401 result=1 gender=0 level=255 job=112 stats=1016/1004/1003/1003 pop=0 unknown=1577970464 cover=0
EQUIP BODY PART: item=1322021 part=11 gender=2 result=1
EQUIP BODY PART: item=1052774 part=5 gender=2 result=1
EQUIP BODY PART: item=1062143 part=6 gender=2 result=1
EQUIP BODY PART: item=1073044 part=7 gender=2 result=1
EQUIP BODY PART: item=1041002 part=5 gender=2 result=1
EQUIP BODY PART: item=1052762 part=5 gender=2 result=1
EQUIP BODY PART: item=1332053 part=11 gender=2 result=1
EQUIP BODY PART: item=1004198 part=1 gender=2 result=1
EQUIP BODY PART: item=1062158 part=6 gender=2 result=1
EQUIP BODY PART: item=1073093 part=7 gender=2 result=1
EQUIP BODY PART: item=1082689 part=8 gender=2 result=1
EQUIP BODY PART: item=1050127 part=5 gender=2 result=1
EQUIP BODY PART: item=1002026 part=1 gender=2 result=1
EQUIP BODY PART: item=1002012 part=1 gender=2 result=1
EQUIP BODY PART: item=1052731 part=5 gender=2 result=1
EQUIP BODY PART: item=1073012 part=7 gender=2 result=1
EQUIP BODY PART: item=1062141 part=6 gender=2 result=1
EQUIP BODY PART: item=1102217 part=9 gender=2 result=1
EQUIP BODY PART: item=1042388 part=5 gender=2 result=1
EQUIP BODY PART: item=1073094 part=7 gender=2 result=1
EQUIP BODY PART: item=1052669 part=5 gender=2 result=1
EQUIP BODY PART: item=1002082 part=1 gender=2 result=1
EQUIP BODY PART: item=1072239 part=7 gender=2 result=1
EQUIP BODY PART: item=1062142 part=6 gender=2 result=1
EQUIP BODY PART: item=1032036 part=4 gender=2 result=1
EQUIP BODY PART: item=1102065 part=9 gender=2 result=1
EQUIP BODY PART: item=1082551 part=8 gender=2 result=1
EQUIP BODY PART: item=1041006 part=5 gender=2 result=1
EQUIP BODY PART: item=1052686 part=5 gender=2 result=1
EQUIP BODY PART: item=1082503 part=8 gender=2 result=1
EQUIP BODY PART: item=1002019 part=1 gender=2 result=1
EQUIP BODY PART: item=1073013 part=7 gender=2 result=1
EQUIP BODY PART: item=1052844 part=5 gender=2 result=1
EQUIP BODY PART: item=1062148 part=6 gender=2 result=1
EQUIP BODY PART: item=1072238 part=7 gender=2 result=1
EQUIP BODY PART: item=1052845 part=5 gender=2 result=1
EQUIP BODY PART: item=1042257 part=5 gender=2 result=1
EQUIP BODY PART: item=1472079 part=11 gender=2 result=1
EQUIP BODY PART: item=1002550 part=1 gender=2 result=1
EQUIP BODY PART: item=1082167 part=8 gender=2 result=1
EQUIP BODY PART: item=1072358 part=7 gender=2 result=1
EQUIP BODY PART: item=1042029 part=5 gender=2 result=1
EQUIP BODY PART: item=1062139 part=6 gender=2 result=1
EQUIP BODY PART: item=1051418 part=5 gender=2 result=1
EQUIP BODY PART: item=1062150 part=6 gender=2 result=1
EQUIP BODY PART: item=1102207 part=9 gender=2 result=1
EQUIP BODY PART: item=1052757 part=5 gender=2 result=1
EQUIP BODY PART: item=1073010 part=7 gender=2 result=1
EQUIP BODY PART: item=1004491 part=1 gender=2 result=1
EQUIP BODY PART: item=1052708 part=5 gender=2 result=1
EQUIP BODY PART: item=1004568 part=1 gender=2 result=1
EQUIP BODY PART: item=1022016 part=3 gender=2 result=1
EQUIP BODY PART: item=1040013 part=5 gender=2 result=1
EQUIP BODY PART: item=1102024 part=9 gender=2 result=1
EQUIP BODY PART: item=1003063 part=1 gender=2 result=1
EQUIP BODY PART: item=1062133 part=6 gender=2 result=1
EQUIP BODY PART: item=1073058 part=7 gender=2 result=1
EQUIP BODY PART: item=1042057 part=5 gender=2 result=1
EQUIP BODY PART: item=1073081 part=7 gender=2 result=1
EQUIP BODY PART: item=1402029 part=11 gender=2 result=1
EQUIP BODY PART: item=1012160 part=2 gender=2 result=1
EQUIP BODY PART: item=1004570 part=1 gender=2 result=1
EQUIP BODY PART: item=1118075 part=12 gender=2 result=1
EQUIP BODY PART: item=1003055 part=1 gender=2 result=1
EQUIP BODY PART: item=1102235 part=9 gender=2 result=1
EQUIP BODY PART: item=1042052 part=5 gender=2 result=1
EQUIP BODY PART: item=1062187 part=6 gender=2 result=1
EQUIP BODY PART: item=1115082 part=12 gender=2 result=1
EQUIP BODY PART: item=1402013 part=11 gender=2 result=1
EQUIP BODY PART: item=1073085 part=7 gender=2 result=1
EQUIP BODY PART: item=1003065 part=1 gender=2 result=1
EQUIP BODY PART: item=1082618 part=8 gender=2 result=1
EQUIP BODY PART: item=1072012 part=7 gender=2 result=1
EQUIP BODY PART: item=1442011 part=11 gender=2 result=1
EQUIP BODY PART: item=1082145 part=8 gender=2 result=1
EQUIP BODY PART: item=1073041 part=7 gender=2 result=1
EQUIP BODY PART: item=1102141 part=9 gender=2 result=1
EQUIP BODY PART: item=1115083 part=12 gender=2 result=1
EQUIP BODY PART: item=1322022 part=11 gender=2 result=1
EQUIP BODY PART: item=1004200 part=1 gender=2 result=1
EQUIP BODY PART: item=1052668 part=5 gender=2 result=1
EQUIP BODY PART: item=1073062 part=7 gender=2 result=1
EQUIP BODY PART: item=1003062 part=1 gender=2 result=1
EQUIP BODY PART: item=1332029 part=11 gender=2 result=1
EQUIP BODY PART: item=1002081 part=1 gender=2 result=1
EQUIP BODY PART: item=1102041 part=9 gender=2 result=1
EQUIP BODY PART: item=1073091 part=7 gender=2 result=1
EQUIP BODY PART: item=1022015 part=3 gender=2 result=1
EQUIP BODY PART: item=1115011 part=12 gender=2 result=1
EQUIP BODY PART: item=1003054 part=1 gender=2 result=1
EQUIP BODY PART: item=1102234 part=9 gender=2 result=1
EQUIP BODY PART: item=1052725 part=5 gender=2 result=1
EQUIP BODY PART: item=1062160 part=6 gender=2 result=1
EQUIP BODY PART: item=1073024 part=7 gender=2 result=1
EQUIP BODY PART: item=1082552 part=8 gender=2 result=1
EQUIP BODY PART: item=1062144 part=6 gender=2 result=1
EQUIP BODY PART: item=1041183 part=5 gender=2 result=1
EQUIP BODY PART: item=1002972 part=1 gender=2 result=1
EQUIP BODY PART: item=1102057 part=9 gender=2 result=1
EQUIP BODY PART: item=1032046 part=4 gender=2 result=1
EQUIP BODY PART: item=1062140 part=6 gender=2 result=1
EQUIP BODY PART: item=1042243 part=5 gender=2 result=1
EQUIP BODY PART: item=1442089 part=11 gender=2 result=1
EQUIP BODY PART: item=1102020 part=9 gender=2 result=1
EQUIP BODY PART: item=1052854 part=5 gender=2 result=1
EQUIP BODY PART: item=1082500 part=8 gender=2 result=1
EQUIP BODY PART: item=1442012 part=11 gender=2 result=1
EQUIP BODY PART: item=1008900 part=1 gender=2 result=1
EQUIP BODY PART: item=1052841 part=5 gender=2 result=1
EQUIP BODY PART: item=1060140 part=6 gender=2 result=1
EQUIP REQUIREMENT: item=1062007 result=1 gender=0 level=255 job=112 stats=1016/1004/1003/1003 pop=0 unknown=1556515872 cover=0
EQUIP REQUIREMENT: item=1072001 result=1 gender=0 level=255 job=112 stats=1016/1004/1003/1003 pop=0 unknown=1556501800 cover=0
EQUIP REQUIREMENT: item=1912401 result=1 gender=0 level=255 job=112 stats=1016/1004/1003/1003 pop=0 unknown=1556519116 cover=0
EQUIP REQUIREMENT: item=1002140 result=1 gender=0 level=255 job=112 stats=17/5/4/4 pop=0 unknown=1556516132 cover=0
EQUIP REQUIREMENT: item=1912026 result=1 gender=0 level=255 job=112 stats=1016/1004/1003/1003 pop=0 unknown=1556519056 cover=0
EQUIP EXCEPTION: code=C0000005 eip=70D424F4 operation=0 target=230EE088 eax=00000001 ebx=230EE088 ecx=0000000C edx=7759B680 esi=FFFFFFFF edi=00000000 ebp=001AFBDC esp=001AED24
EQUIP DIAGNOSTIC SESSION: version=69 pid=3136 tick=61585375
EQUIP DIAGNOSTIC: first-chance exception address/register logging enabled
EQUIP MODULES: exe=00400000 dawn=71360000 setItem=70DA0000
EQUIP SLOT SAFE: native exact-slot-51 handling preserved in both stat passes
EQUIP SLOT ACTIVE: external slots 54/55/56, login-store, draw, hit-test, body-part, and requirement hooks enabled
EQUIP DIAGNOSTIC START: migrated 134/135 use exact job-branch mapping
EQUIP BODY PART: item=1072010 part=7 gender=2 result=1
EQUIP BODY PART: item=1062007 part=6 gender=2 result=1
EQUIP BODY PART: item=1042003 part=5 gender=2 result=1
EQUIP BODY PART: item=1002140 part=1 gender=2 result=1
EQUIP BODY PART: item=1912401 part=19 gender=2 result=1
EQUIP BODY PART: item=1302000 part=11 gender=2 result=1
EQUIP BODY PART: item=1112124 part=12 gender=2 result=1
EQUIP BODY PART: item=1072001 part=7 gender=2 result=1
EQUIP BODY PART: item=1912026 part=19 gender=2 result=1
EQUIP EXTENDED RESET: login equipped list
EQUIP BODY PART: item=1002140 part=14 gender=0 result=0
EQUIP REQUIREMENT: item=1002140 result=1 gender=0 level=255 job=112 stats=17/5/4/4 pop=0 unknown=1371514096 cover=0
EQUIP BODY PART: item=1042003 part=14 gender=0 result=0
EQUIP REQUIREMENT: item=1042003 result=1 gender=0 level=255 job=112 stats=1016/1004/1003/1003 pop=0 unknown=1371513832 cover=0
EQUIP BODY PART: item=1062007 part=14 gender=0 result=0
EQUIP REQUIREMENT: item=1062007 result=1 gender=0 level=255 job=112 stats=1016/1004/1003/1003 pop=0 unknown=1371513568 cover=0
EQUIP BODY PART: item=1072001 part=14 gender=0 result=0
EQUIP REQUIREMENT: item=1072001 result=1 gender=0 level=255 job=112 stats=1016/1004/1003/1003 pop=0 unknown=1371514624 cover=0
EQUIP BODY PART: item=1072010 part=14 gender=0 result=0
EQUIP REQUIREMENT: item=1072010 result=1 gender=0 level=255 job=112 stats=1016/1004/1003/1003 pop=0 unknown=1371521488 cover=0
EQUIP BODY PART: item=1302000 part=14 gender=0 result=0
EQUIP REQUIREMENT: item=1302000 result=1 gender=0 level=255 job=112 stats=1016/1004/1003/1003 pop=0 unknown=1371515152 cover=0
EQUIP BODY PART: item=1112124 part=14 gender=0 result=0
EQUIP REQUIREMENT: item=1112124 result=1 gender=0 level=255 job=112 stats=1016/1004/1003/1003 pop=0 unknown=1371522280 cover=0
EQUIP BODY PART: item=1912026 part=14 gender=0 result=0
EQUIP REQUIREMENT: item=1912026 result=1 gender=0 level=255 job=112 stats=1016/1004/1003/1003 pop=0 unknown=1371514888 cover=0
EQUIP BODY PART: item=1912401 part=14 gender=0 result=0
EQUIP REQUIREMENT: item=1912401 result=1 gender=0 level=255 job=112 stats=1016/1004/1003/1003 pop=0 unknown=1371523600 cover=0
EQUIP BODY PART: item=1322021 part=11 gender=2 result=1
EQUIP BODY PART: item=1052853 part=5 gender=2 result=1
EQUIP BODY PART: item=1062142 part=6 gender=2 result=1
EQUIP BODY PART: item=1073081 part=7 gender=2 result=1
EQUIP BODY PART: item=1082618 part=8 gender=2 result=1
EQUIP BODY PART: item=1042057 part=5 gender=2 result=1
EQUIP BODY PART: item=1332053 part=11 gender=2 result=1
EQUIP BODY PART: item=1002026 part=1 gender=2 result=1
EQUIP BODY PART: item=1073093 part=7 gender=2 result=1
EQUIP BODY PART: item=1052713 part=5 gender=2 result=1
EQUIP BODY PART: item=1062140 part=6 gender=2 result=1
EQUIP BODY PART: item=1082551 part=8 gender=2 result=1
EQUIP BODY PART: item=1008942 part=1 gender=2 result=1
EQUIP BODY PART: item=1052852 part=5 gender=2 result=1
EQUIP BODY PART: item=1115133 part=12 gender=2 result=1
EQUIP BODY PART: item=1073094 part=7 gender=2 result=1
EQUIP BODY PART: item=1062144 part=6 gender=2 result=1
EQUIP BODY PART: item=1032036 part=4 gender=2 result=1
EQUIP BODY PART: item=1002012 part=1 gender=2 result=1
EQUIP BODY PART: item=1112242 part=12 gender=2 result=1
EQUIP BODY PART: item=1002082 part=1 gender=2 result=1
EQUIP BODY PART: item=1052728 part=5 gender=2 result=1
EQUIP BODY PART: item=1073010 part=7 gender=2 result=1
EQUIP BODY PART: item=1102213 part=9 gender=2 result=1
EQUIP BODY PART: item=1042011 part=5 gender=2 result=1
EQUIP BODY PART: item=1115106 part=12 gender=2 result=1
EQUIP BODY PART: item=1073095 part=7 gender=2 result=1
EQUIP BODY PART: item=1062162 part=6 gender=2 result=1
EQUIP BODY PART: item=1032054 part=4 gender=2 result=1
EQUIP BODY PART: item=1041006 part=5 gender=2 result=1
EQUIP BODY PART: item=1002019 part=1 gender=2 result=1
EQUIP BODY PART: item=1072238 part=7 gender=2 result=1
EQUIP BODY PART: item=1042033 part=5 gender=2 result=1
EQUIP BODY PART: item=1062135 part=6 gender=2 result=1
EQUIP BODY PART: item=1062143 part=6 gender=2 result=1
EQUIP BODY PART: item=1112241 part=12 gender=2 result=1
EQUIP BODY PART: item=1052761 part=5 gender=2 result=1
EQUIP BODY PART: item=1082525 part=8 gender=2 result=1
EQUIP BODY PART: item=1472079 part=11 gender=2 result=1
EQUIP BODY PART: item=1002550 part=1 gender=2 result=1
EQUIP BODY PART: item=1082167 part=8 gender=2 result=1
EQUIP BODY PART: item=1072358 part=7 gender=2 result=1
EQUIP BODY PART: item=1102207 part=9 gender=2 result=1
EQUIP BODY PART: item=1042047 part=5 gender=2 result=1
EQUIP BODY PART: item=1115107 part=12 gender=2 result=1
EQUIP BODY PART: item=1062130 part=6 gender=2 result=1
EQUIP BODY PART: item=1032073 part=4 gender=2 result=1
EQUIP BODY PART: item=1052709 part=5 gender=2 result=1
EQUIP BODY PART: item=1062146 part=6 gender=2 result=1
EQUIP BODY PART: item=1032029 part=4 gender=2 result=1
EQUIP BODY PART: item=1009929 part=1 gender=2 result=1
EQUIP BODY PART: item=1112225 part=12 gender=2 result=1
EQUIP BODY PART: item=1102044 part=9 gender=2 result=1
EQUIP BODY PART: item=1012035 part=2 gender=2 result=1
EQUIP BODY PART: item=1022038 part=3 gender=2 result=1
EQUIP BODY PART: item=1102024 part=9 gender=2 result=1
EQUIP BODY PART: item=1009962 part=1 gender=2 result=1
EQUIP BODY PART: item=1042044 part=5 gender=2 result=1
EQUIP BODY PART: item=1062185 part=6 gender=2 result=1
EQUIP BODY PART: item=1003063 part=1 gender=2 result=1
EQUIP BODY PART: item=1402029 part=11 gender=2 result=1
EQUIP BODY PART: item=1062155 part=6 gender=2 result=1
EQUIP BODY PART: item=1042017 part=5 gender=2 result=1
EQUIP BODY PART: item=1004033 part=1 gender=2 result=1
EQUIP BODY PART: item=1102199 part=9 gender=2 result=1
EQUIP BODY PART: item=1008926 part=1 gender=2 result=1
EQUIP BODY PART: item=1102235 part=9 gender=2 result=1
EQUIP BODY PART: item=1052747 part=5 gender=2 result=1
EQUIP BODY PART: item=1062149 part=6 gender=2 result=1
EQUIP BODY PART: item=1022047 part=3 gender=2 result=1
EQUIP BODY PART: item=1003055 part=1 gender=2 result=1
EQUIP BODY PART: item=1402013 part=11 gender=2 result=1
EQUIP BODY PART: item=1003065 part=1 gender=2 result=1
EQUIP BODY PART: item=1042041 part=5 gender=2 result=1
EQUIP BODY PART: item=1062150 part=6 gender=2 result=1
EQUIP BODY PART: item=1082620 part=8 gender=2 result=1
EQUIP BODY PART: item=1442011 part=11 gender=2 result=1
EQUIP BODY PART: item=1082145 part=8 gender=2 result=1
EQUIP BODY PART: item=1052772 part=5 gender=2 result=1
EQUIP BODY PART: item=1012022 part=2 gender=2 result=1
EQUIP BODY PART: item=1322022 part=11 gender=2 result=1
EQUIP BODY PART: item=1003062 part=1 gender=2 result=1
EQUIP BODY PART: item=1052757 part=5 gender=2 result=1
EQUIP BODY PART: item=1073009 part=7 gender=2 result=1
EQUIP BODY PART: item=1112243 part=12 gender=2 result=1
EQUIP BODY PART: item=1062158 part=6 gender=2 result=1
EQUIP BODY PART: item=1051418 part=5 gender=2 result=1
EQUIP BODY PART: item=1332029 part=11 gender=2 result=1
EQUIP BODY PART: item=1004570 part=1 gender=2 result=1
EQUIP BODY PART: item=1102203 part=9 gender=2 result=1
EQUIP BODY PART: item=1042022 part=5 gender=2 result=1
EQUIP BODY PART: item=1062186 part=6 gender=2 result=1
EQUIP BODY PART: item=1062148 part=6 gender=2 result=1
EQUIP BODY PART: item=1002081 part=1 gender=2 result=1
EQUIP BODY PART: item=1102041 part=9 gender=2 result=1
EQUIP BODY PART: item=1003054 part=1 gender=2 result=1
EQUIP BODY PART: item=1102234 part=9 gender=2 result=1
EQUIP BODY PART: item=1073097 part=7 gender=2 result=1
EQUIP BODY PART: item=1062141 part=6 gender=2 result=1
EQUIP BODY PART: item=1041183 part=5 gender=2 result=1
EQUIP BODY PART: item=1042019 part=5 gender=2 result=1
EQUIP BODY PART: item=1002972 part=1 gender=2 result=1
EQUIP BODY PART: item=1102057 part=9 gender=2 result=1
EQUIP BODY PART: item=1032046 part=4 gender=2 result=1
EQUIP BODY PART: item=1073014 part=7 gender=2 result=1
EQUIP BODY PART: item=1042243 part=5 gender=2 result=1
EQUIP BODY PART: item=1442089 part=11 gender=2 result=1
EQUIP BODY PART: item=1002976 part=1 gender=2 result=1
EQUIP BODY PART: item=1102066 part=9 gender=2 result=1
EQUIP BODY PART: item=1042046 part=5 gender=2 result=1
EQUIP REQUIREMENT: item=1062007 result=1 gender=0 level=255 job=112 stats=1016/1004/1003/1003 pop=0 unknown=1542992848 cover=0
