2026-09-29 12:04:29.946 [seq=1] [tid=9252] event=session_start session=20260929-120429-pid6472 pid=6472 exe_dir="C:\Mac\Home\Documents\mxd\BeiDou-Server\clien\" health_interval_ms=1000 hang_threshold_ms=5000 high_cpu_threshold=70 high_cpu_threshold_ms=3000 dump_on_hang=1 manual_dump_hotkey=1 log_first_chance_exceptions=1 log_successful_mappings=0
2026-09-29 12:04:29.949 [seq=2] [tid=9252] event=first_chance_handler status=installed av_limit=32 cpp_limit=32 filters=C0000005/E06D7363/80004003 cpp_after_client_window=1 av_stack_samples=4 cpp_stack_samples=8 stack_dwords=32/96
2026-09-29 12:04:29.979 [seq=3] [tid=9252] event=hook_summary total=14 CreateFileW=0 CreateFileA=1 _lopen=1 FindFirstFileA=1 GetProcAddress=0 Mapping=1/0/1 ReadFile=1 CloseHandle=1 ExceptionFilter=1 Exit=1/1 FatalAppExit=0/1 LoadLibrary=0/1/1 MessageBox=0/1 Ex=0/0 Indirect=0/0 DispatchMessage=0/0 fopen=0 fread=0 module="C:\Mac\Home\Documents\mxd\BeiDou-Server\clien\BeiDou.exe"
2026-09-29 12:04:29.997 [seq=4] [tid=9252] event=hook_summary total=9 CreateFileW=0 CreateFileA=1 _lopen=0 FindFirstFileA=1 GetProcAddress=0 Mapping=0/0/0 ReadFile=1 CloseHandle=1 ExceptionFilter=1 Exit=1/1 FatalAppExit=0/0 LoadLibrary=0/1/0 MessageBox=0/1 Ex=0/0 Indirect=0/0 DispatchMessage=0/0 fopen=0 fread=0 module="C:\Mac\Home\Documents\mxd\BeiDou-Server\clien\mss32.dll"
2026-09-29 12:04:30.006 [seq=5] [tid=9252] event=hook_summary total=6 CreateFileW=0 CreateFileA=0 _lopen=0 FindFirstFileA=0 GetProcAddress=0 Mapping=0/0/0 ReadFile=0 CloseHandle=1 ExceptionFilter=1 Exit=1/1 FatalAppExit=0/0 LoadLibrary=0/1/0 MessageBox=1/0 Ex=0/0 Indirect=0/0 DispatchMessage=0/0 fopen=0 fread=0 module="C:\Mac\Home\Documents\mxd\BeiDou-Server\clien\ijl15.dll"
2026-09-29 12:04:30.021 [seq=6] [tid=9252] event=hook_summary total=11 CreateFileW=1 CreateFileA=1 _lopen=0 FindFirstFileA=0 GetProcAddress=0 Mapping=1/0/1 ReadFile=1 CloseHandle=1 ExceptionFilter=1 Exit=1/1 FatalAppExit=0/0 LoadLibrary=1/1/0 MessageBox=0/0 Ex=0/0 Indirect=0/0 DispatchMessage=0/0 fopen=0 fread=0 module="C:\Mac\Home\Documents\mxd\BeiDou-Server\clien\nmcogame.dll"
2026-09-29 12:04:30.027 [seq=7] [tid=9252] event=hook_summary total=6 CreateFileW=0 CreateFileA=1 _lopen=0 FindFirstFileA=0 GetProcAddress=0 Mapping=0/0/0 ReadFile=1 CloseHandle=1 ExceptionFilter=0 Exit=1/1 FatalAppExit=0/0 LoadLibrary=0/1/0 MessageBox=0/0 Ex=0/0 Indirect=0/0 DispatchMessage=0/0 fopen=0 fread=0 module="C:\Mac\Home\Documents\mxd\BeiDou-Server\clien\2ijl15.dll"
2026-09-29 12:04:30.030 [seq=8] [tid=9252] event=hook_summary total=2 CreateFileW=0 CreateFileA=0 _lopen=0 FindFirstFileA=0 GetProcAddress=0 Mapping=0/0/0 ReadFile=0 CloseHandle=0 ExceptionFilter=1 Exit=0/1 FatalAppExit=0/0 LoadLibrary=0/0/0 MessageBox=0/0 Ex=0/0 Indirect=0/0 DispatchMessage=0/0 fopen=0 fread=0 module="C:\Mac\Home\Documents\mxd\BeiDou-Server\clien\CIL.dll"
2026-09-29 12:04:30.032 [seq=9] [tid=9252] event=hook_summary total=4 CreateFileW=0 CreateFileA=1 _lopen=0 FindFirstFileA=0 GetProcAddress=0 Mapping=0/0/0 ReadFile=1 CloseHandle=1 ExceptionFilter=0 Exit=0/0 FatalAppExit=0/0 LoadLibrary=0/1/0 MessageBox=0/0 Ex=0/0 Indirect=0/0 DispatchMessage=0/0 fopen=0 fread=0 module="C:\Mac\Home\Documents\mxd\BeiDou-Server\clien\DawnWarriorSkillCompat.dll"
2026-09-29 12:04:30.038 [seq=10] [tid=9252] event=hook_summary total=3 CreateFileW=0 CreateFileA=1 _lopen=0 FindFirstFileA=0 GetProcAddress=0 Mapping=0/0/0 ReadFile=0 CloseHandle=1 ExceptionFilter=0 Exit=0/0 FatalAppExit=0/0 LoadLibrary=0/1/0 MessageBox=0/0 Ex=0/0 Indirect=0/0 DispatchMessage=0/0 fopen=0 fread=0 module="C:\Mac\Home\Documents\mxd\BeiDou-Server\clien\BeiDouSkillCompatCore.dll"
2026-09-29 12:04:30.047 [seq=11] [tid=9252] event=hook_summary total=4 CreateFileW=0 CreateFileA=1 _lopen=0 FindFirstFileA=0 GetProcAddress=0 Mapping=0/0/0 ReadFile=0 CloseHandle=1 ExceptionFilter=0 Exit=0/0 FatalAppExit=0/0 LoadLibrary=1/1/0 MessageBox=0/0 Ex=0/0 Indirect=0/0 DispatchMessage=0/0 fopen=0 fread=0 module="C:\Mac\Home\Documents\mxd\BeiDou-Server\clien\BeiDouVellumVideoCompat.dll"
2026-09-29 12:04:30.053 [seq=12] [tid=9252] event=hook_summary total=3 CreateFileW=0 CreateFileA=1 _lopen=0 FindFirstFileA=0 GetProcAddress=0 Mapping=0/0/0 ReadFile=0 CloseHandle=1 ExceptionFilter=0 Exit=0/0 FatalAppExit=0/0 LoadLibrary=0/1/0 MessageBox=0/0 Ex=0/0 Indirect=0/0 DispatchMessage=0/0 fopen=0 fread=0 module="C:\Mac\Home\Documents\mxd\BeiDou-Server\clien\BeiDouSetItemCompat.dll"
2026-09-29 12:04:30.064 [seq=13] [tid=9252] event=watchdog status=started
2026-09-29 12:04:30.086 [seq=14] [tid=1488] event=diagnostic_file status=ok error=0 size=3837009 write_time=01dd3f36:0b5a4ae8 path="C:\Mac\Home\Documents\mxd\BeiDou-Server\clien\Data\Skill\000.img"
2026-09-29 12:04:30.113 [seq=15] [tid=1488] event=diagnostic_file status=ok error=0 size=179367 write_time=01dc5dee:d61b8680 path="C:\Mac\Home\Documents\mxd\BeiDou-Server\clien\Data\Skill\400.img"
2026-09-29 12:04:30.128 [seq=16] [tid=1488] event=diagnostic_file status=ok error=0 size=49296 write_time=01dc5dee:d61b8680 path="C:\Mac\Home\Documents\mxd\BeiDou-Server\clien\Data\Skill\410.img"
2026-09-29 12:04:30.135 [seq=17] [tid=1488] event=diagnostic_file status=ok error=0 size=483625 write_time=01dc5dee:d61b8680 path="C:\Mac\Home\Documents\mxd\BeiDou-Server\clien\Data\Skill\411.img"
2026-09-29 12:04:30.152 [seq=18] [tid=1488] event=diagnostic_file status=ok error=0 size=28436273 write_time=01dd2d4a:dee32859 path="C:\Mac\Home\Documents\mxd\BeiDou-Server\clien\Data\Skill\412.img"
2026-09-29 12:04:30.170 [seq=19] [tid=1488] event=diagnostic_file status=ok error=0 size=2305356 write_time=01dd4741:7026d48e path="C:\Mac\Home\Documents\mxd\BeiDou-Server\clien\Data\String\Skill.img"
2026-09-29 12:04:30.188 [seq=20] [tid=1488] event=diagnostic_file status=ok error=0 size=43008 write_time=01dd4bf7:3c92b55a path="C:\Mac\Home\Documents\mxd\BeiDou-Server\clien\WzFileLogger.dll"
2026-09-29 12:04:30.206 [seq=21] [tid=1488] event=diagnostic_file status=ok error=0 size=524288 write_time=01dd313d:d2c6e880 path="C:\Mac\Home\Documents\mxd\BeiDou-Server\clien\WzFlashRenderer.dll"
2026-09-29 12:04:30.217 [seq=22] [tid=1488] event=diagnostic_file status=ok error=0 size=9728 write_time=01dd4b53:bb5bc7a0 path="C:\Mac\Home\Documents\mxd\BeiDou-Server\clien\DawnWarriorSkillCompat.dll"
2026-09-29 12:04:30.224 [seq=23] [tid=1488] event=diagnostic_file status=ok error=0 size=23040 write_time=01dd4fc2:9cfcee2d path="C:\Mac\Home\Documents\mxd\BeiDou-Server\clien\BeiDouSetItemCompat.dll"
2026-09-29 12:04:30.240 [seq=24] [tid=6424] event=hook_summary total=2 CreateFileW=0 CreateFileA=1 _lopen=0 FindFirstFileA=0 GetProcAddress=0 Mapping=0/0/0 ReadFile=0 CloseHandle=1 ExceptionFilter=0 Exit=0/0 FatalAppExit=0/0 LoadLibrary=0/0/0 MessageBox=0/0 Ex=0/0 Indirect=0/0 DispatchMessage=0/0 fopen=0 fread=0 module="C:\Mac\Home\Documents\mxd\BeiDou-Server\clien\BeiDouDamageSkinCompat.dll"
2026-09-29 12:04:30.249 [seq=25] [tid=1488] event=indexed_damage_number_compat status=loaded
2026-09-29 12:04:30.921 [seq=26] [tid=9252] event=resource_open status=ok handle=000002C8 error=0 access=0x00000004 disposition=4 path="VellumVideoCompat.log"
2026-09-29 12:04:31.334 [seq=27] [tid=1488] event=health cpu_core_pct=121.4 working_set_mb=42 commit_mb=24 handles=273 gdi=0 user=4 window=missing last_resource="(none)" resource_offset=0 resource_bytes=0 resource_age_ms=0
2026-09-29 12:04:31.701 [seq=28] [tid=10908] event=module_load api=LoadLibraryW status=ok module=0EB60000 error=0 path="C:\Mac\Home\Documents\mxd\BeiDou-Server\clien\nmconew.dll"
2026-09-29 12:04:31.701 [seq=29] [tid=10908] event=hook_summary total=2 CreateFileW=0 CreateFileA=1 _lopen=0 FindFirstFileA=0 GetProcAddress=0 Mapping=0/0/0 ReadFile=0 CloseHandle=1 ExceptionFilter=0 Exit=0/0 FatalAppExit=0/0 LoadLibrary=0/0/0 MessageBox=0/0 Ex=0/0 Indirect=0/0 DispatchMessage=0/0 fopen=0 fread=0 module="C:\Mac\Home\Documents\mxd\BeiDou-Server\clien\IndexedDamageNumberCompat.dll"
2026-09-29 12:04:31.701 [seq=30] [tid=10908] event=hook_summary total=12 CreateFileW=1 CreateFileA=0 _lopen=0 FindFirstFileA=0 GetProcAddress=0 Mapping=1/0/1 ReadFile=1 CloseHandle=1 ExceptionFilter=1 Exit=1/1 FatalAppExit=0/1 LoadLibrary=1/1/0 MessageBox=1/0 Ex=0/0 Indirect=0/0 DispatchMessage=0/0 fopen=0 fread=0 module="C:\Mac\Home\Documents\mxd\BeiDou-Server\clien\nmconew.dll"
2026-09-29 12:04:31.701 [seq=31] [tid=10908] event=module_load api=LoadLibraryW status=ok module=0EB60000 error=0 path="C:\Mac\Home\Documents\mxd\BeiDou-Server\clien\nmconew.dll"
2026-09-29 12:04:31.717 [seq=32] [tid=10908] event=module_load api=LoadLibraryA status=ok module=50C00000 error=0 path="PCOM.DLL"
2026-09-29 12:04:31.717 [seq=33] [tid=10908] event=hook_summary total=3 CreateFileW=0 CreateFileA=0 _lopen=0 FindFirstFileA=0 GetProcAddress=0 Mapping=0/0/0 ReadFile=0 CloseHandle=0 ExceptionFilter=0 Exit=0/0 FatalAppExit=0/0 LoadLibrary=0/1/0 MessageBox=0/0 Ex=0/0 Indirect=0/0 DispatchMessage=0/0 fopen=1 fread=1 module="C:\Mac\Home\Documents\mxd\BeiDou-Server\clien\PCOM.DLL"
2026-09-29 12:04:32.291 [seq=34] [tid=10908] event=resource_open status=ok handle=00000594 error=0 access=0x00000004 disposition=4 path="VellumVideoCompat.log"
2026-09-29 12:04:32.310 [seq=35] [tid=10908] event=module_load api=LoadLibraryA status=ok module=51000000 error=0 path="C:/Mac/Home/Documents/mxd/BeiDou-Server/clien/RESMAN.DLL"
2026-09-29 12:04:32.320 [seq=36] [tid=3980] event=module_load api=LoadLibraryW status=ok module=704B0000 error=0 path="dbghelp.dll"
2026-09-29 12:04:32.322 [seq=37] [tid=10908] event=hook_summary total=1 CreateFileW=0 CreateFileA=0 _lopen=0 FindFirstFileA=0 GetProcAddress=0 Mapping=0/0/0 ReadFile=0 CloseHandle=0 ExceptionFilter=0 Exit=0/0 FatalAppExit=0/0 LoadLibrary=0/1/0 MessageBox=0/0 Ex=0/0 Indirect=0/0 DispatchMessage=0/0 fopen=0 fread=0 module="C:\Mac\Home\Documents\mxd\BeiDou-Server\clien\RESMAN.DLL"
2026-09-29 12:04:32.328 [seq=38] [tid=3980] event=resource_open status=ok handle=000005C8 error=0 access=0x40000000 disposition=2 path="C:\Mac\Home\Documents\mxd\BeiDou-Server\clien\diagnostics\first-chance-cpp-20260929-120432-pid6472-68387515.dmp"
2026-09-29 12:04:32.336 [seq=39] [tid=10908] event=module_load api=LoadLibraryA status=ok module=50800000 error=0 path="C:/Mac/Home/Documents/mxd/BeiDou-Server/clien/NAMESPACE.DLL"
2026-09-29 12:04:32.346 [seq=40] [tid=10908] event=hook_summary total=4 CreateFileW=0 CreateFileA=0 _lopen=0 FindFirstFileA=0 GetProcAddress=0 Mapping=1/1/1 ReadFile=0 CloseHandle=0 ExceptionFilter=0 Exit=0/0 FatalAppExit=0/0 LoadLibrary=0/1/0 MessageBox=0/0 Ex=0/0 Indirect=0/0 DispatchMessage=0/0 fopen=0 fread=0 module="C:\Mac\Home\Documents\mxd\BeiDou-Server\clien\NAMESPACE.DLL"
2026-09-29 12:04:32.361 [seq=41] [tid=10908] event=module_load api=LoadLibraryA status=ok module=50400000 error=0 path="C:/Mac/Home/Documents/mxd/BeiDou-Server/clien/GR2D_DX8.DLL"
2026-09-29 12:04:32.366 [seq=42] [tid=1488] event=health cpu_core_pct=57.1 working_set_mb=54 commit_mb=40 handles=358 gdi=9 user=10 window=missing last_resource="(none)" resource_offset=0 resource_bytes=0 resource_age_ms=0
2026-09-29 12:04:32.366 [seq=43] [tid=10908] event=hook_summary total=2 CreateFileW=0 CreateFileA=0 _lopen=0 FindFirstFileA=0 GetProcAddress=1 Mapping=0/0/0 ReadFile=0 CloseHandle=0 ExceptionFilter=0 Exit=0/0 FatalAppExit=0/0 LoadLibrary=0/1/0 MessageBox=0/0 Ex=0/0 Indirect=0/0 DispatchMessage=0/0 fopen=0 fread=0 module="C:\Mac\Home\Documents\mxd\BeiDou-Server\clien\GR2D_DX8.DLL"
2026-09-29 12:04:32.366 [seq=44] [tid=10908] event=module_load api=LoadLibraryA status=ok module=70980000 error=0 path="D3D8.DLL"
2026-09-29 12:04:32.382 [seq=45] [tid=10908] event=module_load api=LoadLibraryA status=ok module=50C00000 error=0 path="PCOM.DLL"
2026-09-29 12:04:33.111 [seq=46] [tid=3980] event=resource_open status=ok handle=00000620 error=0 access=0x00000004 disposition=4 path="VellumVideoCompat.log"
2026-09-29 12:04:33.113 [seq=47] [tid=10908] event=hook_summary total=1 CreateFileW=0 CreateFileA=0 _lopen=0 FindFirstFileA=0 GetProcAddress=1 Mapping=0/0/0 ReadFile=0 CloseHandle=0 ExceptionFilter=0 Exit=0/0 FatalAppExit=0/0 LoadLibrary=0/0/0 MessageBox=0/0 Ex=0/0 Indirect=0/0 DispatchMessage=0/0 fopen=0 fread=0 module="C:\Mac\Home\Documents\mxd\BeiDou-Server\clien\GR2D_DX8.DLL"
2026-09-29 12:04:33.113 [seq=48] [tid=10908] event=module_load api=LoadLibraryA status=ok module=51400000 error=0 path="C:/Mac/Home/Documents/mxd/BeiDou-Server/clien/SHAPE2D.DLL"
2026-09-29 12:04:33.122 [seq=49] [tid=10908] event=hook_summary total=1 CreateFileW=0 CreateFileA=0 _lopen=0 FindFirstFileA=0 GetProcAddress=0 Mapping=0/0/0 ReadFile=0 CloseHandle=0 ExceptionFilter=0 Exit=0/0 FatalAppExit=0/0 LoadLibrary=0/1/0 MessageBox=0/0 Ex=0/0 Indirect=0/0 DispatchMessage=0/0 fopen=0 fread=0 module="C:\Mac\Home\Documents\mxd\BeiDou-Server\clien\SHAPE2D.DLL"
2026-09-29 12:04:33.217 [seq=50] [tid=10908] event=module_load api=LoadLibraryA status=ok module=6FF40000 error=0 path="BeiDouVideo.dll"
2026-09-29 12:04:33.217 [seq=51] [tid=10908] event=hook_summary total=4 CreateFileW=0 CreateFileA=1 _lopen=0 FindFirstFileA=0 GetProcAddress=0 Mapping=1/0/1 ReadFile=0 CloseHandle=1 ExceptionFilter=0 Exit=0/0 FatalAppExit=0/0 LoadLibrary=0/0/0 MessageBox=0/0 Ex=0/0 Indirect=0/0 DispatchMessage=0/0 fopen=0 fread=0 module="C:\Mac\Home\Documents\mxd\BeiDou-Server\clien\BeiDouVideo.dll"
2026-09-29 12:04:33.217 [seq=52] [tid=10908] event=resource_open status=ok handle=00000584 error=0 access=0x00000004 disposition=4 path="BeiDouVideo.log"
2026-09-29 12:04:33.217 [seq=53] [tid=10908] event=resource_open status=ok handle=000005C8 error=0 access=0x00000004 disposition=4 path="BeiDouVideo.log"
2026-09-29 12:04:33.217 [seq=54] [tid=10908] event=resource_open status=ok handle=000005C8 error=0 access=0x00000004 disposition=4 path="VellumVideoCompat.log"
2026-09-29 12:04:33.232 [seq=55] [tid=7664] event=resource_open status=ok handle=00000594 error=0 access=0x00000004 disposition=4 path="VellumVideoCompat.log"
2026-09-29 12:04:33.258 [seq=56] [tid=10908] event=module_load api=LoadLibraryA status=ok module=50000000 error=0 path="C:/Mac/Home/Documents/mxd/BeiDou-Server/clien/CANVAS.DLL"
2026-09-29 12:04:33.258 [seq=57] [tid=10908] event=hook_summary total=3 CreateFileW=0 CreateFileA=0 _lopen=0 FindFirstFileA=0 GetProcAddress=0 Mapping=0/0/0 ReadFile=0 CloseHandle=0 ExceptionFilter=0 Exit=0/0 FatalAppExit=0/0 LoadLibrary=0/1/0 MessageBox=0/0 Ex=0/0 Indirect=0/0 DispatchMessage=0/0 fopen=1 fread=1 module="C:\Mac\Home\Documents\mxd\BeiDou-Server\clien\CANVAS.DLL"
2026-09-29 12:04:33.264 [seq=58] [tid=10908] event=hook_summary total=1 CreateFileW=0 CreateFileA=0 _lopen=0 FindFirstFileA=0 GetProcAddress=0 Mapping=0/0/0 ReadFile=0 CloseHandle=0 ExceptionFilter=0 Exit=0/0 FatalAppExit=0/0 LoadLibrary=0/1/0 MessageBox=0/0 Ex=0/0 Indirect=0/0 DispatchMessage=0/0 fopen=0 fread=0 module="C:\Mac\Home\Documents\mxd\BeiDou-Server\clien\ZLZ.dll"
2026-09-29 12:04:33.409 [seq=59] [tid=10908] event=module_load api=LoadLibraryA status=ok module=50C00000 error=0 path="PCOM.DLL"
2026-09-29 12:04:33.513 [seq=60] [tid=10908] event=resource_open api=fopen status=ok stream=7611C660 mode=rb path="C:\Mac\Home\Documents\mxd\BeiDou-Server\clien\List.wz"
2026-09-29 12:04:33.601 [seq=61] [tid=10908] event=module_load api=LoadLibraryA status=ok module=50C00000 error=0 path="PCOM.DLL"
2026-09-29 12:04:33.635 [seq=62] [tid=10908] event=resource_open api=fopen status=ok stream=7611C660 mode=rb path="C:\Mac\Home\Documents\mxd\BeiDou-Server\clien\List.wz"
2026-09-29 12:04:34.040 [seq=63] [tid=10908] event=module_load api=LoadLibraryA status=ok module=51800000 error=0 path="C:/Mac/Home/Documents/mxd/BeiDou-Server/clien/SOUND_DX8.DLL"
2026-09-29 12:04:34.057 [seq=64] [tid=10908] event=hook_summary total=4 CreateFileW=0 CreateFileA=0 _lopen=0 FindFirstFileA=0 GetProcAddress=0 Mapping=1/1/1 ReadFile=0 CloseHandle=0 ExceptionFilter=0 Exit=0/0 FatalAppExit=0/0 LoadLibrary=0/1/0 MessageBox=0/0 Ex=0/0 Indirect=0/0 DispatchMessage=0/0 fopen=0 fread=0 module="C:\Mac\Home\Documents\mxd\BeiDou-Server\clien\SOUND_DX8.DLL"
2026-09-29 12:04:34.088 [seq=65] [tid=10908] event=module_load api=LoadLibraryA status=ok module=12D50000 error=0 path="C:\Mac\Home\Documents\mxd\BeiDou-Server\clien\l3codeca.acm"
2026-09-29 12:04:34.094 [seq=66] [tid=10908] event=hook_summary total=5 CreateFileW=0 CreateFileA=0 _lopen=0 FindFirstFileA=0 GetProcAddress=0 Mapping=0/0/0 ReadFile=0 CloseHandle=1 ExceptionFilter=1 Exit=1/1 FatalAppExit=0/0 LoadLibrary=0/1/0 MessageBox=0/0 Ex=0/0 Indirect=0/0 DispatchMessage=0/0 fopen=0 fread=0 module="C:\Mac\Home\Documents\mxd\BeiDou-Server\clien\l3codeca.acm"
2026-09-29 12:05:20.769 [seq=67] [tid=10908] event=module_load api=LoadLibraryA status=ok module=28520000 error=0 path="WzFlashRenderer.dll"
2026-09-29 12:05:20.770 [seq=68] [tid=10908] event=flash_renderer_exports module=28520000 InitializeFlash=285216B0 InitializeFlashbyDevice=285213D0 IsRenderFlash=28521570 LoadMediaFile=28521480 ReleaseFlash=28521000 RenderFlash=285214F0
2026-09-29 12:05:20.777 [seq=69] [tid=10908] event=hook_summary total=3 CreateFileW=0 CreateFileA=0 _lopen=0 FindFirstFileA=0 GetProcAddress=0 Mapping=0/0/0 ReadFile=0 CloseHandle=0 ExceptionFilter=0 Exit=1/0 FatalAppExit=0/0 LoadLibrary=0/1/0 MessageBox=0/1 Ex=0/0 Indirect=0/0 DispatchMessage=0/0 fopen=0 fread=0 module="C:\Mac\Home\Documents\mxd\BeiDou-Server\clien\WzFlashRenderer.dll"
2026-09-29 12:05:20.779 [seq=70] [tid=10908] event=hook_summary total=1 CreateFileW=0 CreateFileA=0 _lopen=0 FindFirstFileA=0 GetProcAddress=0 Mapping=0/0/0 ReadFile=0 CloseHandle=0 ExceptionFilter=0 Exit=1/0 FatalAppExit=0/0 LoadLibrary=0/0/0 MessageBox=0/0 Ex=0/0 Indirect=0/0 DispatchMessage=0/0 fopen=0 fread=0 module="C:\Mac\Home\Documents\mxd\BeiDou-Server\clien\MSVCP71.dll"
2026-09-29 12:05:20.781 [seq=71] [tid=10908] event=hook_summary total=9 CreateFileW=1 CreateFileA=1 _lopen=0 FindFirstFileA=1 GetProcAddress=0 Mapping=0/0/0 ReadFile=1 CloseHandle=1 ExceptionFilter=1 Exit=1/1 FatalAppExit=0/0 LoadLibrary=0/1/0 MessageBox=0/0 Ex=0/0 Indirect=0/0 DispatchMessage=0/0 fopen=0 fread=0 module="C:\Mac\Home\Documents\mxd\BeiDou-Server\clien\MSVCR71.dll"
2026-09-29 12:05:20.782 [seq=72] [tid=10908] event=flash_render_guard status=installed module=28520000 render=285214F0 movie_slot=2858E088 path="C:\Mac\Home\Documents\mxd\BeiDou-Server\clien\WzFlashRenderer.dll"
2026-09-29 12:05:35.944 [seq=73] [tid=10908] event=resource_search status=failed handle=FFFFFFFF error=2 pattern="C:\Mac\Home\Documents\mxd\BeiDou-Server\clien\*.mix"
2026-09-29 12:05:35.945 [seq=74] [tid=10908] event=resource_search status=failed handle=FFFFFFFF error=3 pattern="C:\Mac\Home\Documents\mxd\BeiDou-Server\clien\./redist/*.mix"
2026-09-29 12:05:35.947 [seq=75] [tid=10908] event=resource_search status=failed handle=FFFFFFFF error=2 pattern="C:\Mac\Home\Documents\mxd\BeiDou-Server\clien\*.asi"
2026-09-29 12:05:35.948 [seq=76] [tid=10908] event=resource_search status=failed handle=FFFFFFFF error=3 pattern="C:\Mac\Home\Documents\mxd\BeiDou-Server\clien\./redist/*.asi"
2026-09-29 12:05:35.951 [seq=77] [tid=10908] event=resource_search status=failed handle=FFFFFFFF error=2 pattern="C:\Mac\Home\Documents\mxd\BeiDou-Server\clien\*.flt"
2026-09-29 12:05:35.952 [seq=78] [tid=10908] event=resource_search status=failed handle=FFFFFFFF error=3 pattern="C:\Mac\Home\Documents\mxd\BeiDou-Server\clien\./redist/*.flt"
2026-09-29 12:05:35.954 [seq=79] [tid=10908] event=module_load api=LoadLibraryA status=ok module=6FD80000 error=0 path="DSOUND.DLL"
2026-09-29 12:05:39.738 [seq=80] [tid=1488] event=boss_scene_compat status=loaded
2026-09-29 12:05:39.741 [seq=81] [tid=1488] event=health cpu_core_pct=54.6 working_set_mb=65 commit_mb=44 handles=433 gdi=15 user=20 window=responsive last_resource="(none)" resource_offset=0 resource_bytes=0 resource_age_ms=0
2026-09-29 12:05:40.751 [seq=82] [tid=1488] event=health cpu_core_pct=84.9 working_set_mb=438 commit_mb=315 handles=2383 gdi=55 user=21 window=responsive last_resource="(none)" resource_offset=0 resource_bytes=0 resource_age_ms=0
2026-09-29 12:05:41.757 [seq=83] [tid=1488] event=health cpu_core_pct=58.4 working_set_mb=439 commit_mb=316 handles=2383 gdi=55 user=21 window=responsive last_resource="(none)" resource_offset=0 resource_bytes=0 resource_age_ms=0
2026-09-29 12:05:42.765 [seq=84] [tid=1488] event=health cpu_core_pct=82.8 working_set_mb=440 commit_mb=316 handles=2383 gdi=55 user=22 window=responsive last_resource="(none)" resource_offset=0 resource_bytes=0 resource_age_ms=0
2026-09-29 12:05:43.772 [seq=85] [tid=1488] event=health cpu_core_pct=71.8 working_set_mb=440 commit_mb=317 handles=2384 gdi=55 user=21 window=responsive last_resource="(none)" resource_offset=0 resource_bytes=0 resource_age_ms=0
2026-09-29 12:05:44.779 [seq=86] [tid=1488] event=health cpu_core_pct=64.5 working_set_mb=440 commit_mb=317 handles=2398 gdi=55 user=21 window=responsive last_resource="(none)" resource_offset=0 resource_bytes=0 resource_age_ms=0
2026-09-29 12:05:45.784 [seq=87] [tid=1488] event=health cpu_core_pct=62.5 working_set_mb=440 commit_mb=317 handles=2398 gdi=55 user=21 window=responsive last_resource="(none)" resource_offset=0 resource_bytes=0 resource_age_ms=0
2026-09-29 12:05:46.871 [seq=88] [tid=1488] event=health cpu_core_pct=77.9 working_set_mb=457 commit_mb=333 handles=2403 gdi=62 user=22 window=responsive last_resource="(none)" resource_offset=0 resource_bytes=0 resource_age_ms=0
2026-09-29 12:05:47.907 [seq=89] [tid=1488] event=health cpu_core_pct=69.0 working_set_mb=461 commit_mb=336 handles=2401 gdi=62 user=22 window=responsive last_resource="(none)" resource_offset=0 resource_bytes=0 resource_age_ms=0
2026-09-29 12:05:48.926 [seq=90] [tid=1488] event=health cpu_core_pct=68.1 working_set_mb=476 commit_mb=350 handles=2432 gdi=66 user=22 window=responsive last_resource="(none)" resource_offset=0 resource_bytes=0 resource_age_ms=0
2026-09-29 12:05:50.194 [seq=91] [tid=1488] event=health cpu_core_pct=46.8 working_set_mb=477 commit_mb=350 handles=2438 gdi=67 user=22 window=responsive last_resource="(none)" resource_offset=0 resource_bytes=0 resource_age_ms=0
2026-09-29 12:05:50.316 [seq=92] [tid=10908] event=resource_open status=ok handle=000025C4 error=0 access=0x00000004 disposition=4 path="BeiDouDamageSkinCompat.log"
2026-09-29 12:05:54.217 [seq=93] [tid=10908] event=first_chance_cpp occurrence=1 code=0xe06d7363 address=75589E4F module="C:\WINDOWS\System32\KERNELBASE.dll" module_offset=0x00369e4f eip=75589E4F esp=001ADED0 eax=0x001aded0 ebx=0x00000000 ecx=0x00000004 edx=0x001adf64 esi=0x00b41270 edi=0x001adf64 exception_info="i0=0x19930520;i1=0x001adf74;i2=0x00b44b18" stack_candidates="s3:KERNELBASE.dll+0x00369e4f@75589E4F;s13:KERNEL32.DLL+0x000b41c4@751B41C4;s17:BeiDou.exe+0x000063cb@004063CB;s22:BeiDou.exe+0x00660beb@00A60BEB;s38:BeiDou.exe+0x006605e7@00A605E7;s46:BeiDou.exe+0x0065fdef@00A5FDEF;s49:BeiDou.exe+0x0000264d@0040264D;s52:BeiDou.exe+0x0000a497@0040A497"
2026-09-29 12:05:54.219 [seq=94] [tid=10908] event=resource_open status=ok handle=000027AC error=0 access=0x00000004 disposition=4 path="VellumVideoCompat.log"
2026-09-29 12:05:54.305 [seq=95] [tid=10908] event=first_chance_cpp occurrence=2 code=0xe06d7363 address=75589E4F module="C:\WINDOWS\System32\KERNELBASE.dll" module_offset=0x00369e4f eip=75589E4F esp=001ADED0 eax=0x001aded0 ebx=0x00000000 ecx=0x00000004 edx=0x001adf64 esi=0x00b41270 edi=0x001adf64 exception_info="i0=0x19930520;i1=0x001adf74;i2=0x00b44b18" stack_candidates="s3:KERNELBASE.dll+0x00369e4f@75589E4F;s13:KERNEL32.DLL+0x000b41c4@751B41C4;s17:BeiDou.exe+0x000063cb@004063CB;s22:BeiDou.exe+0x00660beb@00A60BEB;s38:BeiDou.exe+0x006605e7@00A605E7;s46:BeiDou.exe+0x0065fdef@00A5FDEF;s49:BeiDou.exe+0x0000264d@0040264D;s52:BeiDou.exe+0x0000a497@0040A497"
2026-09-29 12:05:54.316 [seq=96] [tid=10908] event=resource_open status=ok handle=000027AC error=0 access=0x00000004 disposition=4 path="VellumVideoCompat.log"
2026-09-29 12:05:54.332 [seq=97] [tid=10908] event=first_chance_cpp occurrence=3 code=0xe06d7363 address=75589E4F module="C:\WINDOWS\System32\KERNELBASE.dll" module_offset=0x00369e4f eip=75589E4F esp=001ADED0 eax=0x001aded0 ebx=0x00000000 ecx=0x00000004 edx=0x001adf64 esi=0x00b41270 edi=0x001adf64 exception_info="i0=0x19930520;i1=0x001adf74;i2=0x00b44b18" stack_candidates="s3:KERNELBASE.dll+0x00369e4f@75589E4F;s13:KERNEL32.DLL+0x000b41c4@751B41C4;s17:BeiDou.exe+0x000063cb@004063CB;s22:BeiDou.exe+0x00660beb@00A60BEB;s38:BeiDou.exe+0x006605e7@00A605E7;s46:BeiDou.exe+0x0065fdef@00A5FDEF;s49:BeiDou.exe+0x0000264d@0040264D;s52:BeiDou.exe+0x0000a497@0040A497"
2026-09-29 12:05:54.335 [seq=98] [tid=10908] event=resource_open status=ok handle=00002794 error=0 access=0x00000004 disposition=4 path="VellumVideoCompat.log"
2026-09-29 12:05:54.355 [seq=99] [tid=1488] event=health cpu_core_pct=64.1 working_set_mb=477 commit_mb=350 handles=2438 gdi=70 user=22 window=responsive last_resource="(none)" resource_offset=0 resource_bytes=0 resource_age_ms=0
2026-09-29 12:05:55.533 [seq=100] [tid=1488] event=health cpu_core_pct=89.1 working_set_mb=530 commit_mb=396 handles=2504 gdi=126 user=22 window=responsive last_resource="(none)" resource_offset=0 resource_bytes=0 resource_age_ms=0
2026-09-29 12:05:56.548 [seq=101] [tid=1488] event=health cpu_core_pct=63.0 working_set_mb=531 commit_mb=397 handles=2503 gdi=126 user=22 window=responsive last_resource="(none)" resource_offset=0 resource_bytes=0 resource_age_ms=0
2026-09-29 12:05:57.555 [seq=102] [tid=1488] event=health cpu_core_pct=66.1 working_set_mb=531 commit_mb=398 handles=2503 gdi=126 user=22 window=responsive last_resource="(none)" resource_offset=0 resource_bytes=0 resource_age_ms=0
2026-09-29 12:05:58.562 [seq=103] [tid=1488] event=health cpu_core_pct=75.0 working_set_mb=531 commit_mb=398 handles=2503 gdi=126 user=22 window=responsive last_resource="(none)" resource_offset=0 resource_bytes=0 resource_age_ms=0
2026-09-29 12:05:59.573 [seq=104] [tid=1488] event=health cpu_core_pct=84.3 working_set_mb=531 commit_mb=398 handles=2503 gdi=126 user=22 window=responsive last_resource="(none)" resource_offset=0 resource_bytes=0 resource_age_ms=0
2026-09-29 12:06:00.583 [seq=105] [tid=1488] event=health cpu_core_pct=75.3 working_set_mb=531 commit_mb=398 handles=2503 gdi=126 user=22 window=responsive last_resource="(none)" resource_offset=0 resource_bytes=0 resource_age_ms=0
2026-09-29 12:06:01.589 [seq=106] [tid=1488] event=health cpu_core_pct=56.9 working_set_mb=531 commit_mb=398 handles=2503 gdi=126 user=22 window=responsive last_resource="(none)" resource_offset=0 resource_bytes=0 resource_age_ms=0
2026-09-29 12:06:02.657 [seq=107] [tid=1488] event=health cpu_core_pct=69.2 working_set_mb=532 commit_mb=398 handles=2503 gdi=126 user=22 window=responsive last_resource="(none)" resource_offset=0 resource_bytes=0 resource_age_ms=0
2026-09-29 12:06:03.733 [seq=108] [tid=1488] event=health cpu_core_pct=77.9 working_set_mb=532 commit_mb=398 handles=2503 gdi=126 user=22 window=responsive last_resource="(none)" resource_offset=0 resource_bytes=0 resource_age_ms=0
2026-09-29 12:06:06.064 [seq=109] [tid=1488] event=health cpu_core_pct=102.5 working_set_mb=532 commit_mb=398 handles=2503 gdi=126 user=22 window=responsive last_resource="(none)" resource_offset=0 resource_bytes=0 resource_age_ms=0
2026-09-29 12:06:07.084 [seq=110] [tid=1488] event=health cpu_core_pct=91.9 working_set_mb=532 commit_mb=398 handles=2505 gdi=126 user=22 window=responsive last_resource="(none)" resource_offset=0 resource_bytes=0 resource_age_ms=0
2026-09-29 12:06:07.085 [seq=111] [tid=1488] event=hang_detected reason=sustained_high_cpu
2026-09-29 12:06:08.889 [seq=112] [tid=1488] event=dump status=ok reason=high-cpu error=0 path="C:\Mac\Home\Documents\mxd\BeiDou-Server\clien\diagnostics\high-cpu-20260929-120429-pid6472-68482296.dmp"
2026-09-29 12:06:09.900 [seq=113] [tid=1488] event=health cpu_core_pct=72.2 working_set_mb=532 commit_mb=398 handles=2519 gdi=126 user=22 window=responsive last_resource="(none)" resource_offset=0 resource_bytes=0 resource_age_ms=0
2026-09-29 12:06:10.907 [seq=114] [tid=1488] event=health cpu_core_pct=69.2 working_set_mb=532 commit_mb=398 handles=2519 gdi=126 user=22 window=responsive last_resource="(none)" resource_offset=0 resource_bytes=0 resource_age_ms=0
2026-09-29 12:06:11.919 [seq=115] [tid=1488] event=health cpu_core_pct=79.9 working_set_mb=532 commit_mb=398 handles=2519 gdi=126 user=22 window=responsive last_resource="(none)" resource_offset=0 resource_bytes=0 resource_age_ms=0
2026-09-29 12:06:12.929 [seq=116] [tid=1488] event=health cpu_core_pct=73.4 working_set_mb=532 commit_mb=398 handles=2519 gdi=126 user=22 window=responsive last_resource="(none)" resource_offset=0 resource_bytes=0 resource_age_ms=0
2026-09-29 12:06:13.937 [seq=117] [tid=1488] event=health cpu_core_pct=86.2 working_set_mb=532 commit_mb=398 handles=2519 gdi=126 user=22 window=responsive last_resource="(none)" resource_offset=0 resource_bytes=0 resource_age_ms=0
2026-09-29 12:06:16.144 [seq=118] [tid=1488] event=health cpu_core_pct=102.5 working_set_mb=532 commit_mb=398 handles=2519 gdi=126 user=22 window=responsive last_resource="(none)" resource_offset=0 resource_bytes=0 resource_age_ms=0
2026-09-29 12:06:17.180 [seq=119] [tid=1488] event=health cpu_core_pct=96.8 working_set_mb=532 commit_mb=398 handles=2519 gdi=126 user=22 window=responsive last_resource="(none)" resource_offset=0 resource_bytes=0 resource_age_ms=0
2026-09-29 12:06:18.188 [seq=120] [tid=1488] event=health cpu_core_pct=70.8 working_set_mb=532 commit_mb=398 handles=2519 gdi=126 user=22 window=responsive last_resource="(none)" resource_offset=0 resource_bytes=0 resource_age_ms=0
2026-09-29 12:06:19.202 [seq=121] [tid=1488] event=health cpu_core_pct=76.5 working_set_mb=532 commit_mb=398 handles=2519 gdi=126 user=22 window=responsive last_resource="(none)" resource_offset=0 resource_bytes=0 resource_age_ms=0
2026-09-29 12:06:20.211 [seq=122] [tid=1488] event=health cpu_core_pct=84.5 working_set_mb=532 commit_mb=398 handles=2519 gdi=126 user=22 window=responsive last_resource="(none)" resource_offset=0 resource_bytes=0 resource_age_ms=0
2026-09-29 12:06:21.219 [seq=123] [tid=1488] event=health cpu_core_pct=70.8 working_set_mb=533 commit_mb=398 handles=2519 gdi=126 user=22 window=responsive last_resource="(none)" resource_offset=0 resource_bytes=0 resource_age_ms=0
2026-09-29 12:06:22.229 [seq=124] [tid=1488] event=health cpu_core_pct=70.3 working_set_mb=533 commit_mb=398 handles=2519 gdi=126 user=22 window=responsive last_resource="(none)" resource_offset=0 resource_bytes=0 resource_age_ms=0
2026-09-29 12:06:23.237 [seq=125] [tid=1488] event=health cpu_core_pct=75.3 working_set_mb=533 commit_mb=398 handles=2519 gdi=126 user=22 window=responsive last_resource="(none)" resource_offset=0 resource_bytes=0 resource_age_ms=0
2026-09-29 12:06:24.178 [seq=126] [tid=10908] event=module_load api=LoadLibraryA status=ok module=28520000 error=0 path="WzFlashRenderer.dll"
2026-09-29 12:06:24.182 [seq=127] [tid=10908] event=flash_renderer_exports module=28520000 InitializeFlash=285216B0 InitializeFlashbyDevice=285213D0 IsRenderFlash=28521570 LoadMediaFile=28521480 ReleaseFlash=28521000 RenderFlash=285214F0
2026-09-29 12:06:24.211 [seq=128] [tid=10908] event=hook_summary total=2 CreateFileW=0 CreateFileA=1 _lopen=0 FindFirstFileA=0 GetProcAddress=0 Mapping=0/0/0 ReadFile=0 CloseHandle=1 ExceptionFilter=0 Exit=0/0 FatalAppExit=0/0 LoadLibrary=0/0/0 MessageBox=0/0 Ex=0/0 Indirect=0/0 DispatchMessage=0/0 fopen=0 fread=0 module="C:\Mac\Home\Documents\mxd\BeiDou-Server\clien\KaringSceneCompat.dll"
2026-09-29 12:06:24.215 [seq=129] [tid=10908] event=flash_render_guard status=installed module=28520000 render=285214F0 movie_slot=2858E088 path="C:\Mac\Home\Documents\mxd\BeiDou-Server\clien\WzFlashRenderer.dll"
2026-09-29 12:06:24.245 [seq=130] [tid=1488] event=health cpu_core_pct=63.0 working_set_mb=535 commit_mb=398 handles=2509 gdi=126 user=14 window=missing last_resource="(none)" resource_offset=0 resource_bytes=0 resource_age_ms=0
2026-09-29 12:06:24.248 [seq=131] [tid=1488] event=window_lost reason=visible_client_window_disappeared
2026-09-29 12:06:26.144 [seq=132] [tid=1488] event=dump status=ok reason=window-lost error=0 path="C:\Mac\Home\Documents\mxd\BeiDou-Server\clien\diagnostics\window-lost-20260929-120429-pid6472-68499453.dmp"
2026-09-29 12:06:27.624 [seq=133] [tid=1488] event=health cpu_core_pct=65.2 working_set_mb=535 commit_mb=399 handles=2506 gdi=126 user=14 window=missing last_resource="(none)" resource_offset=0 resource_bytes=0 resource_age_ms=0
2026-09-29 12:06:29.154 [seq=134] [tid=1488] event=health cpu_core_pct=63.2 working_set_mb=534 commit_mb=397 handles=2480 gdi=126 user=13 window=missing last_resource="(none)" resource_offset=0 resource_bytes=0 resource_age_ms=0
2026-09-29 12:06:31.113 [seq=135] [tid=1488] event=health cpu_core_pct=81.6 working_set_mb=517 commit_mb=380 handles=2480 gdi=126 user=13 window=missing last_resource="(none)" resource_offset=0 resource_bytes=0 resource_age_ms=0
2026-09-29 12:06:32.997 [seq=136] [tid=1488] event=health cpu_core_pct=89.2 working_set_mb=517 commit_mb=380 handles=2480 gdi=126 user=13 window=missing last_resource="(none)" resource_offset=0 resource_bytes=0 resource_age_ms=0
2026-09-29 12:06:34.909 [seq=137] [tid=1488] event=health cpu_core_pct=100.0 working_set_mb=517 commit_mb=380 handles=2480 gdi=126 user=13 window=missing last_resource="(none)" resource_offset=0 resource_bytes=0 resource_age_ms=0
2026-09-29 12:06:36.873 [seq=138] [tid=1488] event=health cpu_core_pct=96.8 working_set_mb=517 commit_mb=380 handles=2478 gdi=126 user=13 window=missing last_resource="(none)" resource_offset=0 resource_bytes=0 resource_age_ms=0
2026-09-29 12:06:37.116 [seq=139] [tid=10908] event=exception_filter action=preserved_client_filter
2026-09-29 12:06:38.240 [seq=140] [tid=1488] event=health cpu_core_pct=40.5 working_set_mb=442 commit_mb=306 handles=2473 gdi=126 user=16 window=missing last_resource="(none)" resource_offset=0 resource_bytes=0 resource_age_ms=0
2026-09-29 12:06:39.269 [seq=141] [tid=1488] event=health cpu_core_pct=74.6 working_set_mb=435 commit_mb=306 handles=2295 gdi=126 user=16 window=missing last_resource="(none)" resource_offset=0 resource_bytes=0 resource_age_ms=0
2026-09-29 12:06:40.335 [seq=142] [tid=1488] event=health cpu_core_pct=92.7 working_set_mb=370 commit_mb=304 handles=1453 gdi=126 user=16 window=missing last_resource="(none)" resource_offset=0 resource_bytes=0 resource_age_ms=0
2026-09-29 12:06:40.908 [seq=143] [tid=10908] event=resource_search status=failed handle=FFFFFFFF error=2 pattern="C:\Users\lizixian\AppData\Local\Temp\nst*.tmp"
2026-09-29 12:06:41.003 [seq=144] [tid=10908] event=exception_filter action=preserved_client_filter
2026-09-29 12:06:41.160 [seq=145] [tid=10908] event=exception_filter action=preserved_client_filter
2026-09-29 12:06:41.161 [seq=146] [tid=10908] event=process_exit api=ExitProcess code=0 tid=10908
2026-09-29 12:06:41.161 [seq=147] [tid=10908] event=incident_state reason=exit-process tid=10908 handles=592 gdi=52 user=9 client_window_ready=1 flash_slot=2858E088 flash_movie=00000000 flash_null_skips=0 last_resource="(none)" resource_offset=0 resource_bytes=0 resource_age_ms=0
2026-09-29 12:06:41.161 [seq=148] [tid=10908] event=incident_mapping reason=exit-process age_ms=47750 api=CreateFileMappingA input=000026D8 result=000026FC error=0 access=0x00000002 offset=0:0 bytes=0 path="(unknown)"
2026-09-29 12:06:41.161 [seq=149] [tid=10908] event=incident_mapping reason=exit-process age_ms=47750 api=MapViewOfFile input=000026FC result=65EA0000 error=0 access=0x00000004 offset=0:0 bytes=0 path="(unknown)"
2026-09-29 12:06:41.161 [seq=150] [tid=10908] event=incident_mapping reason=exit-process age_ms=47719 api=CreateFileMappingA input=00002700 result=00002704 error=0 access=0x00000002 offset=0:0 bytes=0 path="(unknown)"
2026-09-29 12:06:41.161 [seq=151] [tid=10908] event=incident_mapping reason=exit-process age_ms=47719 api=MapViewOfFile input=00002704 result=66210000 error=0 access=0x00000004 offset=0:0 bytes=0 path="(unknown)"
2026-09-29 12:06:41.161 [seq=152] [tid=10908] event=incident_mapping reason=exit-process age_ms=47688 api=CreateFileMappingA input=000026C4 result=000026B8 error=0 access=0x00000002 offset=0:0 bytes=0 path="(unknown)"
2026-09-29 12:06:41.161 [seq=153] [tid=10908] event=incident_mapping reason=exit-process age_ms=47688 api=MapViewOfFile input=000026B8 result=5FA80000 error=0 access=0x00000004 offset=0:0 bytes=0 path="(unknown)"
2026-09-29 12:06:41.161 [seq=154] [tid=10908] event=incident_mapping reason=exit-process age_ms=47688 api=CreateFileMappingA input=00002708 result=0000270C error=0 access=0x00000002 offset=0:0 bytes=0 path="(unknown)"
2026-09-29 12:06:41.177 [seq=155] [tid=10908] event=incident_mapping reason=exit-process age_ms=47703 api=MapViewOfFile input=0000270C result=5FA80000 error=0 access=0x00000004 offset=0:0 bytes=0 path="(unknown)"
2026-09-29 12:06:41.177 [seq=156] [tid=10908] event=incident_mapping reason=exit-process age_ms=47656 api=CreateFileMappingA input=00002710 result=00002714 error=0 access=0x00000002 offset=0:0 bytes=0 path="(unknown)"
2026-09-29 12:06:41.177 [seq=157] [tid=10908] event=incident_mapping reason=exit-process age_ms=47656 api=MapViewOfFile input=00002714 result=5FA80000 error=0 access=0x00000004 offset=0:0 bytes=0 path="(unknown)"
2026-09-29 12:06:41.177 [seq=158] [tid=10908] event=incident_mapping reason=exit-process age_ms=47640 api=CreateFileMappingA input=00002718 result=0000271C error=0 access=0x00000002 offset=0:0 bytes=0 path="(unknown)"
2026-09-29 12:06:41.177 [seq=159] [tid=10908] event=incident_mapping reason=exit-process age_ms=47640 api=MapViewOfFile input=0000271C result=5FA80000 error=0 access=0x00000004 offset=0:0 bytes=0 path="(unknown)"
2026-09-29 12:06:41.177 [seq=160] [tid=10908] event=incident_mapping reason=exit-process age_ms=47625 api=CreateFileMappingA input=00002720 result=00002724 error=0 access=0x00000002 offset=0:0 bytes=0 path="(unknown)"
2026-09-29 12:06:41.177 [seq=161] [tid=10908] event=incident_mapping reason=exit-process age_ms=47625 api=MapViewOfFile input=00002724 result=5FA80000 error=0 access=0x00000004 offset=0:0 bytes=0 path="(unknown)"
2026-09-29 12:06:41.188 [seq=162] [tid=10908] event=incident_mapping reason=exit-process age_ms=47625 api=CreateFileMappingA input=00002728 result=0000272C error=0 access=0x00000002 offset=0:0 bytes=0 path="(unknown)"
2026-09-29 12:06:41.188 [seq=163] [tid=10908] event=incident_mapping reason=exit-process age_ms=47625 api=MapViewOfFile input=0000272C result=5FA80000 error=0 access=0x00000004 offset=0:0 bytes=0 path="(unknown)"
2026-09-29 12:06:41.188 [seq=164] [tid=10908] event=incident_mapping reason=exit-process age_ms=47609 api=CreateFileMappingA input=00002730 result=00002734 error=0 access=0x00000002 offset=0:0 bytes=0 path="(unknown)"
2026-09-29 12:06:41.188 [seq=165] [tid=10908] event=incident_mapping reason=exit-process age_ms=47609 api=MapViewOfFile input=00002734 result=5FA80000 error=0 access=0x00000004 offset=0:0 bytes=0 path="(unknown)"
2026-09-29 12:06:41.193 [seq=166] [tid=10908] event=incident_mapping reason=exit-process age_ms=47594 api=CreateFileMappingA input=00002738 result=0000273C error=0 access=0x00000002 offset=0:0 bytes=0 path="(unknown)"
2026-09-29 12:06:41.195 [seq=167] [tid=10908] event=incident_mapping reason=exit-process age_ms=47610 api=MapViewOfFile input=0000273C result=5FA80000 error=0 access=0x00000004 offset=0:0 bytes=0 path="(unknown)"
2026-09-29 12:06:41.197 [seq=168] [tid=10908] event=incident_mapping reason=exit-process age_ms=47594 api=CreateFileMappingA input=00002738 result=0000273C error=0 access=0x00000002 offset=0:0 bytes=0 path="(unknown)"
2026-09-29 12:06:41.197 [seq=169] [tid=10908] event=incident_mapping reason=exit-process age_ms=47594 api=MapViewOfFile input=0000273C result=5FA80000 error=0 access=0x00000004 offset=0:0 bytes=0 path="(unknown)"
2026-09-29 12:06:41.197 [seq=170] [tid=10908] event=incident_mapping reason=exit-process age_ms=47594 api=CreateFileMappingA input=00002740 result=00002744 error=0 access=0x00000002 offset=0:0 bytes=0 path="(unknown)"
2026-09-29 12:06:41.197 [seq=171] [tid=10908] event=incident_mapping reason=exit-process age_ms=47594 api=MapViewOfFile input=00002744 result=5FA80000 error=0 access=0x00000004 offset=0:0 bytes=0 path="(unknown)"
2026-09-29 12:06:41.197 [seq=172] [tid=10908] event=incident_mapping reason=exit-process age_ms=47578 api=CreateFileMappingA input=00002748 result=0000274C error=0 access=0x00000002 offset=0:0 bytes=0 path="(unknown)"
2026-09-29 12:06:41.197 [seq=173] [tid=10908] event=incident_mapping reason=exit-process age_ms=47578 api=MapViewOfFile input=0000274C result=5FA80000 error=0 access=0x00000004 offset=0:0 bytes=0 path="(unknown)"
2026-09-29 12:06:41.197 [seq=174] [tid=10908] event=incident_mapping reason=exit-process age_ms=47563 api=CreateFileMappingA input=00002748 result=0000274C error=0 access=0x00000002 offset=0:0 bytes=0 path="(unknown)"
2026-09-29 12:06:41.197 [seq=175] [tid=10908] event=incident_mapping reason=exit-process age_ms=47563 api=MapViewOfFile input=0000274C result=5FA80000 error=0 access=0x00000004 offset=0:0 bytes=0 path="(unknown)"
2026-09-29 12:06:41.197 [seq=176] [tid=10908] event=incident_mapping reason=exit-process age_ms=47547 api=CreateFileMappingA input=00002750 result=00002754 error=0 access=0x00000002 offset=0:0 bytes=0 path="(unknown)"
2026-09-29 12:06:41.208 [seq=177] [tid=10908] event=incident_mapping reason=exit-process age_ms=47562 api=MapViewOfFile input=00002754 result=5FA80000 error=0 access=0x00000004 offset=0:0 bytes=0 path="(unknown)"
2026-09-29 12:06:41.208 [seq=178] [tid=10908] event=incident_mapping reason=exit-process age_ms=47437 api=CreateFileMappingA input=00002518 result=0000275C error=0 access=0x00000002 offset=0:0 bytes=0 path="(unknown)"
2026-09-29 12:06:41.208 [seq=179] [tid=10908] event=incident_mapping reason=exit-process age_ms=47437 api=MapViewOfFile input=0000275C result=5FF90000 error=0 access=0x00000004 offset=0:0 bytes=0 path="(unknown)"
2026-09-29 12:06:41.208 [seq=180] [tid=10908] event=incident_mapping reason=exit-process age_ms=47390 api=CreateFileMappingA input=00002760 result=00002764 error=0 access=0x00000002 offset=0:0 bytes=0 path="(unknown)"
2026-09-29 12:06:41.208 [seq=181] [tid=10908] event=incident_mapping reason=exit-process age_ms=47390 api=MapViewOfFile input=00002764 result=5FA90000 error=0 access=0x00000004 offset=0:0 bytes=0 path="(unknown)"
2026-09-29 12:06:41.208 [seq=182] [tid=10908] event=incident_mapping reason=exit-process age_ms=47359 api=CreateFileMappingA input=00002768 result=0000276C error=0 access=0x00000002 offset=0:0 bytes=0 path="(unknown)"
2026-09-29 12:06:41.224 [seq=183] [tid=10908] event=incident_mapping reason=exit-process age_ms=47359 api=MapViewOfFile input=0000276C result=5FFB0000 error=0 access=0x00000004 offset=0:0 bytes=0 path="(unknown)"
2026-09-29 12:06:41.227 [seq=184] [tid=10908] event=incident_mapping reason=exit-process age_ms=47359 api=CreateFileMappingA input=00002770 result=00002774 error=0 access=0x00000002 offset=0:0 bytes=0 path="(unknown)"
2026-09-29 12:06:41.227 [seq=185] [tid=10908] event=incident_mapping reason=exit-process age_ms=47359 api=MapViewOfFile input=00002774 result=5FFC0000 error=0 access=0x00000004 offset=0:0 bytes=0 path="(unknown)"
2026-09-29 12:06:41.227 [seq=186] [tid=10908] event=incident_mapping reason=exit-process age_ms=47344 api=CreateFileMappingA input=00002778 result=0000277C error=0 access=0x00000002 offset=0:0 bytes=0 path="(unknown)"
2026-09-29 12:06:41.227 [seq=187] [tid=10908] event=incident_mapping reason=exit-process age_ms=47344 api=MapViewOfFile input=0000277C result=5FFD0000 error=0 access=0x00000004 offset=0:0 bytes=0 path="(unknown)"
2026-09-29 12:06:41.227 [seq=188] [tid=10908] event=incident_mapping reason=exit-process age_ms=47250 api=CreateFileMappingA input=00002750 result=00002754 error=0 access=0x00000002 offset=0:0 bytes=0 path="(unknown)"
2026-09-29 12:06:41.227 [seq=189] [tid=10908] event=incident_mapping reason=exit-process age_ms=47250 api=MapViewOfFile input=00002754 result=5FFD0000 error=0 access=0x00000004 offset=0:0 bytes=0 path="(unknown)"
2026-09-29 12:06:41.227 [seq=190] [tid=10908] event=incident_mapping reason=exit-process age_ms=47156 api=CreateFileMappingA input=00002560 result=00002780 error=0 access=0x00000002 offset=0:0 bytes=0 path="(unknown)"
2026-09-29 12:06:41.240 [seq=191] [tid=10908] event=incident_mapping reason=exit-process age_ms=47156 api=MapViewOfFile input=00002780 result=5FFE0000 error=0 access=0x00000004 offset=0:0 bytes=0 path="(unknown)"
2026-09-29 12:06:41.240 [seq=192] [tid=10908] event=incident_mapping reason=exit-process age_ms=47141 api=CreateFileMappingA input=00002784 result=00002788 error=0 access=0x00000002 offset=0:0 bytes=0 path="(unknown)"
2026-09-29 12:06:41.240 [seq=193] [tid=10908] event=incident_mapping reason=exit-process age_ms=47141 api=MapViewOfFile input=00002788 result=5FFE0000 error=0 access=0x00000004 offset=0:0 bytes=0 path="(unknown)"
2026-09-29 12:06:41.240 [seq=194] [tid=10908] event=incident_mapping reason=exit-process age_ms=47110 api=CreateFileMappingA input=0000278C result=00002790 error=0 access=0x00000002 offset=0:0 bytes=0 path="(unknown)"
2026-09-29 12:06:41.240 [seq=195] [tid=10908] event=incident_mapping reason=exit-process age_ms=47110 api=MapViewOfFile input=00002790 result=5FFE0000 error=0 access=0x00000004 offset=0:0 bytes=0 path="(unknown)"
2026-09-29 12:06:41.259 [seq=196] [tid=10908] event=incident_mapping reason=exit-process age_ms=47110 api=CreateFileMappingA input=00002794 result=00002798 error=0 access=0x00000002 offset=0:0 bytes=0 path="(unknown)"
2026-09-29 12:06:41.264 [seq=197] [tid=10908] event=incident_mapping reason=exit-process age_ms=47125 api=MapViewOfFile input=00002798 result=5FFE0000 error=0 access=0x00000004 offset=0:0 bytes=0 path="(unknown)"
2026-09-29 12:06:41.279 [seq=198] [tid=10908] event=incident_mapping reason=exit-process age_ms=47109 api=CreateFileMappingA input=0000279C result=000027A0 error=0 access=0x00000002 offset=0:0 bytes=0 path="(unknown)"
2026-09-29 12:06:41.295 [seq=199] [tid=10908] event=incident_mapping reason=exit-process age_ms=47125 api=MapViewOfFile input=000027A0 result=5FFE0000 error=0 access=0x00000004 offset=0:0 bytes=0 path="(unknown)"
2026-09-29 12:06:41.299 [seq=200] [tid=10908] event=incident_mapping reason=exit-process age_ms=47125 api=CreateFileMappingA input=000027A4 result=000027A8 error=0 access=0x00000002 offset=0:0 bytes=0 path="(unknown)"
2026-09-29 12:06:41.299 [seq=201] [tid=10908] event=incident_mapping reason=exit-process age_ms=47140 api=MapViewOfFile input=000027A8 result=5FFE0000 error=0 access=0x00000004 offset=0:0 bytes=0 path="(unknown)"
2026-09-29 12:06:41.299 [seq=202] [tid=10908] event=incident_mapping reason=exit-process age_ms=46922 api=CreateFileMappingA input=00002644 result=0000279C error=0 access=0x00000002 offset=0:0 bytes=0 path="(unknown)"
2026-09-29 12:06:41.299 [seq=203] [tid=10908] event=incident_mapping reason=exit-process age_ms=46922 api=MapViewOfFile input=0000279C result=66700000 error=0 access=0x00000004 offset=0:0 bytes=0 path="(unknown)"
2026-09-29 12:06:41.311 [seq=204] [tid=10908] event=incident_mapping reason=exit-process age_ms=46906 api=CreateFileMappingA input=000027B0 result=000027B4 error=0 access=0x00000002 offset=0:0 bytes=0 path="(unknown)"
2026-09-29 12:06:41.311 [seq=205] [tid=10908] event=incident_mapping reason=exit-process age_ms=46906 api=MapViewOfFile input=000027B4 result=66720000 error=0 access=0x00000004 offset=0:0 bytes=0 path="(unknown)"
2026-09-29 12:06:41.311 [seq=206] [tid=10908] event=incident_mapping reason=exit-process age_ms=46765 api=CreateFileMappingA input=000027B8 result=000027BC error=0 access=0x00000002 offset=0:0 bytes=0 path="(unknown)"
2026-09-29 12:06:41.311 [seq=207] [tid=10908] event=incident_mapping reason=exit-process age_ms=46765 api=MapViewOfFile input=000027BC result=66840000 error=0 access=0x00000004 offset=0:0 bytes=0 path="(unknown)"
2026-09-29 12:06:41.311 [seq=208] [tid=10908] event=incident_mapping reason=exit-process age_ms=46734 api=CreateFileMappingA input=00002798 result=00002784 error=0 access=0x00000002 offset=0:0 bytes=0 path="(unknown)"
2026-09-29 12:06:41.311 [seq=209] [tid=10908] event=incident_mapping reason=exit-process age_ms=46734 api=MapViewOfFile input=00002784 result=5FFF0000 error=0 access=0x00000004 offset=0:0 bytes=0 path="(unknown)"
2026-09-29 12:06:41.311 [seq=210] [tid=10908] event=incident_mapping reason=exit-process age_ms=46719 api=CreateFileMappingA input=000027C0 result=000027C4 error=0 access=0x00000002 offset=0:0 bytes=0 path="(unknown)"
2026-09-29 12:06:41.311 [seq=211] [tid=10908] event=incident_mapping reason=exit-process age_ms=46719 api=MapViewOfFile input=000027C4 result=669F0000 error=0 access=0x00000004 offset=0:0 bytes=0 path="(unknown)"
2026-09-29 12:06:41.329 [seq=212] [tid=10908] event=incident_log_snapshot reason=exit-process status=ok error=0 bytes=4317 file="EquipSlotDiagnostic.log"
2026-09-29 12:06:41.329 [seq=213] [tid=10908] event=incident_log_snapshot reason=exit-process status=ok error=0 bytes=686 file="BeiDouSetItemCompat.log"
2026-09-29 12:06:41.329 [seq=214] [tid=10908] event=incident_log_snapshot reason=exit-process status=ok error=0 bytes=841 file="DawnWarriorSkillCompat.log"
2026-09-29 12:06:41.342 [seq=215] [tid=10908] event=incident_log_snapshot reason=exit-process status=ok error=0 bytes=144 file="BeiDouDamageSkinCompat.log"
2026-09-29 12:06:41.350 [seq=216] [tid=10908] event=incident_log_snapshot reason=exit-process status=ok error=0 bytes=113 file="IndexedDamageNumberCompat.log"
2026-09-29 12:06:41.352 [seq=217] [tid=10908] event=incident_log_snapshot reason=exit-process status=ok error=0 bytes=35 file="KaringSceneCompat.log"
2026-09-29 12:06:41.352 [seq=218] [tid=10908] event=incident_log_snapshot reason=exit-process status=ok error=0 bytes=120 file="BeiDouVideo.log"
2026-09-29 12:06:41.358 [seq=219] [tid=10908] event=incident_module reason=exit-process base=00400000 size=11091968 path="C:\Mac\Home\Documents\mxd\BeiDou-Server\clien\BeiDou.exe"
2026-09-29 12:06:41.358 [seq=220] [tid=10908] event=incident_module reason=exit-process base=77090000 size=2433024 path="C:\WINDOWS\SYSTEM32\ntdll.dll"
2026-09-29 12:06:41.358 [seq=221] [tid=10908] event=incident_module reason=exit-process base=75100000 size=1179648 path="C:\WINDOWS\System32\KERNEL32.DLL"
2026-09-29 12:06:41.358 [seq=222] [tid=10908] event=incident_module reason=exit-process base=75220000 size=4014080 path="C:\WINDOWS\System32\KERNELBASE.dll"
2026-09-29 12:06:41.358 [seq=223] [tid=10908] event=incident_module reason=exit-process base=727A0000 size=716800 path="C:\WINDOWS\SYSTEM32\apphelp.dll"
2026-09-29 12:06:41.358 [seq=224] [tid=10908] event=incident_module reason=exit-process base=76AB0000 size=905216 path="C:\WINDOWS\System32\advapi32.dll"
2026-09-29 12:06:41.358 [seq=225] [tid=10908] event=incident_module reason=exit-process base=76010000 size=1179648 path="C:\WINDOWS\System32\msvcrt.dll"
2026-09-29 12:06:41.358 [seq=226] [tid=10908] event=incident_module reason=exit-process base=744A0000 size=544768 path="C:\WINDOWS\System32\sechost.dll"
2026-09-29 12:06:41.358 [seq=227] [tid=10908] event=incident_module reason=exit-process base=76970000 size=1269760 path="C:\WINDOWS\System32\RPCRT4.dll"
2026-09-29 12:06:41.358 [seq=228] [tid=10908] event=incident_module reason=exit-process base=76790000 size=315392 path="C:\WINDOWS\System32\gdi32.dll"
2026-09-29 12:06:41.358 [seq=229] [tid=10908] event=incident_module reason=exit-process base=72CE0000 size=114688 path="C:\WINDOWS\System32\win32u.dll"
2026-09-29 12:06:41.358 [seq=230] [tid=10908] event=incident_module reason=exit-process base=714C0000 size=229376 path="C:\WINDOWS\SYSTEM32\dinput8.dll"
2026-09-29 12:06:41.374 [seq=231] [tid=10908] event=incident_module reason=exit-process base=74FB0000 size=1351680 path="C:\WINDOWS\System32\gdi32full.dll"
2026-09-29 12:06:41.374 [seq=232] [tid=10908] event=incident_module reason=exit-process base=767E0000 size=1593344 path="C:\WINDOWS\System32\ucrtbase.dll"
2026-09-29 12:06:41.374 [seq=233] [tid=10908] event=incident_module reason=exit-process base=745E0000 size=544768 path="C:\WINDOWS\System32\msvcp_win.dll"
2026-09-29 12:06:41.374 [seq=234] [tid=10908] event=incident_module reason=exit-process base=73190000 size=1994752 path="C:\WINDOWS\System32\USER32.dll"
2026-09-29 12:06:41.374 [seq=235] [tid=10908] event=incident_module reason=exit-process base=76B90000 size=1101824 path="C:\WINDOWS\System32\oleaut32.dll"
2026-09-29 12:06:41.374 [seq=236] [tid=10908] event=incident_module reason=exit-process base=76130000 size=4222976 path="C:\WINDOWS\System32\combase.dll"
2026-09-29 12:06:41.374 [seq=237] [tid=10908] event=incident_module reason=exit-process base=71880000 size=86016 path="C:\WINDOWS\SYSTEM32\netapi32.dll"
2026-09-29 12:06:41.374 [seq=238] [tid=10908] event=incident_module reason=exit-process base=75600000 size=10506240 path="C:\WINDOWS\System32\shell32.dll"
2026-09-29 12:06:41.374 [seq=239] [tid=10908] event=incident_module reason=exit-process base=73090000 size=434176 path="C:\WINDOWS\System32\ws2_32.dll"
2026-09-29 12:06:41.374 [seq=240] [tid=10908] event=incident_module reason=exit-process base=72770000 size=32768 path="C:\WINDOWS\SYSTEM32\version.dll"
2026-09-29 12:06:41.374 [seq=241] [tid=10908] event=incident_module reason=exit-process base=74DB0000 size=2097152 path="C:\WINDOWS\System32\ole32.dll"
2026-09-29 12:06:41.374 [seq=242] [tid=10908] event=incident_module reason=exit-process base=711C0000 size=3117056 path="C:\WINDOWS\SYSTEM32\wininet.dll"
2026-09-29 12:06:41.374 [seq=243] [tid=10908] event=incident_module reason=exit-process base=71190000 size=155648 path="C:\WINDOWS\SYSTEM32\iphlpapi.dll"
2026-09-29 12:06:41.391 [seq=244] [tid=10908] event=incident_module reason=exit-process base=71150000 size=208896 path="C:\WINDOWS\SYSTEM32\winmm.dll"
2026-09-29 12:06:41.391 [seq=245] [tid=10908] event=incident_module reason=exit-process base=21100000 size=626688 path="C:\Mac\Home\Documents\mxd\BeiDou-Server\clien\mss32.dll"
2026-09-29 12:06:41.391 [seq=246] [tid=10908] event=incident_module reason=exit-process base=71100000 size=327680 path="C:\Mac\Home\Documents\mxd\BeiDou-Server\clien\ijl15.dll"
2026-09-29 12:06:41.391 [seq=247] [tid=10908] event=incident_module reason=exit-process base=10000000 size=323584 path="C:\Mac\Home\Documents\mxd\BeiDou-Server\clien\nmcogame.dll"
2026-09-29 12:06:41.391 [seq=248] [tid=10908] event=incident_module reason=exit-process base=73100000 size=335872 path="C:\WINDOWS\System32\SHLWAPI.dll"
2026-09-29 12:06:41.391 [seq=249] [tid=10908] event=incident_module reason=exit-process base=710F0000 size=24576 path="C:\WINDOWS\SYSTEM32\SHFOLDER.dll"
2026-09-29 12:06:41.391 [seq=250] [tid=10908] event=incident_module reason=exit-process base=72CA0000 size=151552 path="C:\WINDOWS\System32\IMM32.dll"
2026-09-29 12:06:41.391 [seq=251] [tid=10908] event=incident_module reason=exit-process base=71050000 size=614400 path="C:\WINDOWS\SYSTEM32\MSVCP140.dll"
2026-09-29 12:06:41.391 [seq=252] [tid=10908] event=incident_module reason=exit-process base=71030000 size=118784 path="C:\WINDOWS\SYSTEM32\VCRUNTIME140.dll"
2026-09-29 12:06:41.391 [seq=253] [tid=10908] event=incident_module reason=exit-process base=60000000 size=364544 path="C:\Mac\Home\Documents\mxd\BeiDou-Server\clien\2ijl15.dll"
2026-09-29 12:06:41.391 [seq=254] [tid=10908] event=incident_module reason=exit-process base=71020000 size=40960 path="C:\Mac\Home\Documents\mxd\BeiDou-Server\clien\CIL.dll"
2026-09-29 12:06:41.391 [seq=255] [tid=10908] event=incident_module reason=exit-process base=71010000 size=32768 path="C:\Mac\Home\Documents\mxd\BeiDou-Server\clien\DawnWarriorSkillCompat.dll"
2026-09-29 12:06:41.407 [seq=256] [tid=10908] event=incident_module reason=exit-process base=70E90000 size=1515520 path="C:\WINDOWS\SYSTEM32\inputhost.dll"
2026-09-29 12:06:41.407 [seq=257] [tid=10908] event=incident_module reason=exit-process base=70DA0000 size=917504 path="C:\WINDOWS\SYSTEM32\CoreMessaging.dll"
2026-09-29 12:06:41.407 [seq=258] [tid=10908] event=incident_module reason=exit-process base=70D80000 size=86016 path="C:\Mac\Home\Documents\mxd\BeiDou-Server\clien\BeiDouSkillCompatCore.dll"
2026-09-29 12:06:41.407 [seq=259] [tid=10908] event=incident_module reason=exit-process base=74670000 size=499712 path="C:\WINDOWS\System32\bcryptPrimitives.dll"
2026-09-29 12:06:41.407 [seq=260] [tid=10908] event=incident_module reason=exit-process base=70D70000 size=45056 path="C:\Mac\Home\Documents\mxd\BeiDou-Server\clien\BeiDouVellumVideoCompat.dll"
2026-09-29 12:06:41.407 [seq=261] [tid=10908] event=incident_module reason=exit-process base=71520000 size=40960 path="C:\WINDOWS\SYSTEM32\CRYPTBASE.DLL"
2026-09-29 12:06:41.407 [seq=262] [tid=10908] event=incident_module reason=exit-process base=70A50000 size=3223552 path="C:\Mac\Home\Documents\mxd\BeiDou-Server\clien\BeiDouSetItemCompat.dll"
2026-09-29 12:06:41.407 [seq=263] [tid=10908] event=incident_module reason=exit-process base=72750000 size=86016 path="C:\WINDOWS\SYSTEM32\kernel.appcore.dll"
2026-09-29 12:06:41.407 [seq=264] [tid=10908] event=incident_module reason=exit-process base=70980000 size=765952 path="C:\WINDOWS\SYSTEM32\d3d8.dll"
2026-09-29 12:06:41.407 [seq=265] [tid=10908] event=incident_module reason=exit-process base=70970000 size=28672 path="C:\WINDOWS\SYSTEM32\d3d8thk.dll"
2026-09-29 12:06:41.407 [seq=266] [tid=10908] event=incident_module reason=exit-process base=70940000 size=155648 path="C:\WINDOWS\SYSTEM32\dwmapi.dll"
2026-09-29 12:06:41.407 [seq=267] [tid=10908] event=incident_module reason=exit-process base=708D0000 size=401408 path="C:\WINDOWS\SYSTEM32\dxcore.dll"
2026-09-29 12:06:41.407 [seq=268] [tid=10908] event=incident_module reason=exit-process base=70870000 size=344064 path="C:\Mac\Home\Documents\mxd\BeiDou-Server\clien\WzFileLogger.dll"
2026-09-29 12:06:41.422 [seq=269] [tid=10908] event=incident_module reason=exit-process base=70860000 size=32768 path="C:\Mac\Home\Documents\mxd\BeiDou-Server\clien\BeiDouDamageSkinCompat.dll"
2026-09-29 12:06:41.422 [seq=270] [tid=10908] event=incident_module reason=exit-process base=70850000 size=24576 path="C:\Mac\Home\Documents\mxd\BeiDou-Server\clien\IndexedDamageNumberCompat.dll"
2026-09-29 12:06:41.422 [seq=271] [tid=10908] event=incident_module reason=exit-process base=74490000 size=24576 path="C:\WINDOWS\System32\psapi.dll"
2026-09-29 12:06:41.422 [seq=272] [tid=10908] event=incident_module reason=exit-process base=70820000 size=167936 path="C:\WINDOWS\SYSTEM32\ntmarta.dll"
2026-09-29 12:06:41.422 [seq=273] [tid=10908] event=incident_module reason=exit-process base=70790000 size=516096 path="C:\WINDOWS\system32\uxtheme.dll"
2026-09-29 12:06:41.422 [seq=274] [tid=10908] event=incident_module reason=exit-process base=70760000 size=114688 path="C:\WINDOWS\SYSTEM32\bcrypt.dll"
2026-09-29 12:06:41.422 [seq=275] [tid=10908] event=incident_module reason=exit-process base=0EB60000 size=3420160 path="C:\Mac\Home\Documents\mxd\BeiDou-Server\clien\nmconew.dll"
2026-09-29 12:06:41.422 [seq=276] [tid=10908] event=incident_module reason=exit-process base=53400000 size=12288 path="C:\WINDOWS\SYSTEM32\ICMP.dll"
2026-09-29 12:06:41.422 [seq=277] [tid=10908] event=incident_module reason=exit-process base=74C90000 size=1142784 path="C:\WINDOWS\System32\MSCTF.dll"
2026-09-29 12:06:41.422 [seq=278] [tid=10908] event=incident_module reason=exit-process base=70700000 size=344064 path="C:\WINDOWS\system32\mswsock.dll"
2026-09-29 12:06:41.422 [seq=279] [tid=10908] event=incident_module reason=exit-process base=704B0000 size=1998848 path="C:\WINDOWS\SYSTEM32\dbghelp.dll"
2026-09-29 12:06:41.422 [seq=280] [tid=10908] event=incident_module reason=exit-process base=706C0000 size=196608 path="C:\WINDOWS\SYSTEM32\dbgcore.DLL"
2026-09-29 12:06:41.436 [seq=281] [tid=10908] event=incident_module reason=exit-process base=50800000 size=143360 path="C:\Mac\Home\Documents\mxd\BeiDou-Server\clien\NAMESPACE.DLL"
2026-09-29 12:06:41.438 [seq=282] [tid=10908] event=incident_module reason=exit-process base=50400000 size=262144 path="C:\Mac\Home\Documents\mxd\BeiDou-Server\clien\GR2D_DX8.DLL"
2026-09-29 12:06:41.438 [seq=283] [tid=10908] event=incident_module reason=exit-process base=51400000 size=86016 path="C:\Mac\Home\Documents\mxd\BeiDou-Server\clien\SHAPE2D.DLL"
2026-09-29 12:06:41.438 [seq=284] [tid=10908] event=incident_module reason=exit-process base=73BC0000 size=548864 path="C:\WINDOWS\System32\clbcatq.dll"
2026-09-29 12:06:41.438 [seq=285] [tid=10908] event=incident_module reason=exit-process base=703A0000 size=1044480 path="C:\WINDOWS\SYSTEM32\textinputframework.dll"
2026-09-29 12:06:41.444 [seq=286] [tid=10908] event=incident_module reason=exit-process base=70340000 size=389120 path="C:\WINDOWS\SYSTEM32\prl_umdd.dll"
2026-09-29 12:06:41.444 [seq=287] [tid=10908] event=incident_module reason=exit-process base=6FF40000 size=4190208 path="C:\Mac\Home\Documents\mxd\BeiDou-Server\clien\BeiDouVideo.dll"
2026-09-29 12:06:41.444 [seq=288] [tid=10908] event=incident_module reason=exit-process base=50000000 size=565248 path="C:\Mac\Home\Documents\mxd\BeiDou-Server\clien\CANVAS.DLL"
2026-09-29 12:06:41.449 [seq=289] [tid=10908] event=incident_module reason=exit-process base=0FCB0000 size=102400 path="C:\Mac\Home\Documents\mxd\BeiDou-Server\clien\ZLZ.dll"
2026-09-29 12:06:41.454 [seq=290] [tid=10908] event=incident_module reason=exit-process base=706A0000 size=45056 path="C:\WINDOWS\SYSTEM32\HID.DLL"
2026-09-29 12:06:41.454 [seq=291] [tid=10908] event=incident_module reason=exit-process base=746F0000 size=4526080 path="C:\WINDOWS\System32\SETUPAPI.DLL"
2026-09-29 12:06:41.454 [seq=292] [tid=10908] event=incident_module reason=exit-process base=6FEF0000 size=262144 path="C:\WINDOWS\SYSTEM32\cfgmgr32.DLL"
2026-09-29 12:06:41.454 [seq=293] [tid=10908] event=incident_module reason=exit-process base=6FEC0000 size=151552 path="C:\WINDOWS\SYSTEM32\DEVOBJ.dll"
2026-09-29 12:06:41.454 [seq=294] [tid=10908] event=incident_module reason=exit-process base=72980000 size=421888 path="C:\WINDOWS\System32\WINTRUST.dll"
2026-09-29 12:06:41.454 [seq=295] [tid=10908] event=incident_module reason=exit-process base=72860000 size=1105920 path="C:\WINDOWS\System32\CRYPT32.dll"
2026-09-29 12:06:41.454 [seq=296] [tid=10908] event=incident_module reason=exit-process base=6FEA0000 size=57344 path="C:\WINDOWS\SYSTEM32\MSASN1.dll"
2026-09-29 12:06:41.454 [seq=297] [tid=10908] event=incident_module reason=exit-process base=6FE80000 size=106496 path="C:\WINDOWS\SYSTEM32\MSACM32.dll"
2026-09-29 12:06:41.454 [seq=298] [tid=10908] event=incident_module reason=exit-process base=12D50000 size=565248 path="C:\Mac\Home\Documents\mxd\BeiDou-Server\clien\l3codeca.acm"
2026-09-29 12:06:41.470 [seq=299] [tid=10908] event=incident_module reason=exit-process base=6FE50000 size=151552 path="C:\WINDOWS\SYSTEM32\WINMMBASE.dll"
2026-09-29 12:06:41.470 [seq=300] [tid=10908] event=incident_module reason=exit-process base=74250000 size=876544 path="C:\WINDOWS\System32\shcore.dll"
2026-09-29 12:06:41.470 [seq=301] [tid=10908] event=incident_module reason=exit-process base=6FD80000 size=851968 path="C:\WINDOWS\System32\dsound.dll"
2026-09-29 12:06:41.470 [seq=302] [tid=10908] event=incident_module reason=exit-process base=6FCB0000 size=823296 path="C:\WINDOWS\System32\ResampleDmo.DLL"
2026-09-29 12:06:41.470 [seq=303] [tid=10908] event=incident_module reason=exit-process base=6FC50000 size=348160 path="C:\WINDOWS\SYSTEM32\powrprof.dll"
2026-09-29 12:06:41.470 [seq=304] [tid=10908] event=incident_module reason=exit-process base=6FC40000 size=36864 path="C:\WINDOWS\System32\msdmo.dll"
2026-09-29 12:06:41.470 [seq=305] [tid=10908] event=incident_module reason=exit-process base=6FC20000 size=61440 path="C:\WINDOWS\SYSTEM32\UMPDC.dll"
2026-09-29 12:06:41.470 [seq=306] [tid=10908] event=incident_module reason=exit-process base=6FB30000 size=983040 path="C:\WINDOWS\System32\MMDevApi.dll"
2026-09-29 12:06:41.470 [seq=307] [tid=10908] event=incident_module reason=exit-process base=6F8D0000 size=2449408 path="C:\WINDOWS\SYSTEM32\AUDIOSES.DLL"
2026-09-29 12:06:41.470 [seq=308] [tid=10908] event=incident_module reason=exit-process base=6F8B0000 size=65536 path="C:\WINDOWS\SYSTEM32\resourcepolicyclient.dll"
2026-09-29 12:06:41.470 [seq=309] [tid=10908] event=incident_module reason=exit-process base=71B10000 size=12812288 path="C:\WINDOWS\SYSTEM32\windows.storage.dll"
2026-09-29 12:06:41.485 [seq=310] [tid=10908] event=incident_module reason=exit-process base=71620000 size=122880 path="C:\WINDOWS\SYSTEM32\profapi.dll"
2026-09-29 12:06:41.485 [seq=311] [tid=10908] event=incident_module reason=exit-process base=6F790000 size=1118208 path="C:\Windows\System32\Windows.UI.dll"
2026-09-29 12:06:41.485 [seq=312] [tid=10908] event=incident_module reason=exit-process base=6F780000 size=36864 path="C:\WINDOWS\SYSTEM32\avrt.dll"
2026-09-29 12:06:41.485 [seq=313] [tid=10908] event=incident_module reason=exit-process base=6F730000 size=262144 path="C:\WINDOWS\SYSTEM32\wdmaud.drv"
2026-09-29 12:06:41.485 [seq=314] [tid=10908] event=incident_module reason=exit-process base=6F700000 size=118784 path="C:\WINDOWS\SYSTEM32\wdmaud2.drv"
2026-09-29 12:06:41.485 [seq=315] [tid=10908] event=incident_module reason=exit-process base=6F6E0000 size=45056 path="C:\WINDOWS\SYSTEM32\msacm32.drv"
2026-09-29 12:06:41.485 [seq=316] [tid=10908] event=incident_module reason=exit-process base=6F6D0000 size=32768 path="C:\WINDOWS\SYSTEM32\midimap.dll"
2026-09-29 12:06:41.485 [seq=317] [tid=10908] event=incident_module reason=exit-process base=6F6C0000 size=28672 path="C:\Mac\Home\Documents\mxd\BeiDou-Server\clien\KaringSceneCompat.dll"
2026-09-29 12:06:41.485 [seq=318] [tid=10908] event=incident_module reason=exit-process base=6F420000 size=2699264 path="C:\WINDOWS\SYSTEM32\CoreUIComponents.dll"
2026-09-29 12:06:41.485 [seq=319] [tid=10908] event=incident_module reason=exit-process base=6F320000 size=1019904 path="C:\WINDOWS\SYSTEM32\wintypes.dll"
2026-09-29 12:06:41.485 [seq=320] [tid=10908] event=incident_module reason=exit-process base=6F310000 size=40960 path="C:\WINDOWS\SYSTEM32\netbios.dll"
2026-09-29 12:06:41.485 [seq=321] [tid=10908] event=incident_module reason=exit-process base=6F2F0000 size=90112 path="C:\Windows\System32\l3codeca.acm"
2026-09-29 12:06:41.501 [seq=322] [tid=10908] event=incident_module reason=exit-process base=6F1F0000 size=962560 path="C:\WINDOWS\SYSTEM32\TextShaping.dll"
2026-09-29 12:06:41.501 [seq=323] [tid=10908] event=incident_module reason=exit-process base=729F0000 size=28672 path="C:\WINDOWS\System32\NSI.dll"
2026-09-29 12:06:41.501 [seq=324] [tid=10908] event=incident_module reason=exit-process base=6F1C0000 size=110592 path="C:\WINDOWS\SYSTEM32\dhcpcsvc.DLL"
