2026-09-12 15:14:23.051 [seq=1] [tid=14548] event=session_start session=20260912-151422-pid1892 pid=1892 exe_dir="C:\Mac\Home\Documents\mxd\BeiDou-Server\clien\" health_interval_ms=1000 hang_threshold_ms=5000 high_cpu_threshold=70 high_cpu_threshold_ms=3000 dump_on_hang=1 manual_dump_hotkey=1 log_first_chance_exceptions=1 log_successful_mappings=0
2026-09-12 15:14:23.057 [seq=2] [tid=14548] event=first_chance_handler status=installed av_limit=32 cpp_limit=32 filters=C0000005/E06D7363/80004003 cpp_after_client_window=1 av_stack_samples=4 cpp_stack_samples=8 stack_dwords=32/96
2026-09-12 15:14:23.074 [seq=3] [tid=14548] event=hook_summary total=14 CreateFileW=0 CreateFileA=1 _lopen=1 FindFirstFileA=1 GetProcAddress=0 Mapping=1/0/1 ReadFile=1 CloseHandle=1 ExceptionFilter=1 Exit=1/1 FatalAppExit=0/1 LoadLibrary=0/1/1 MessageBox=0/1 Ex=0/0 Indirect=0/0 DispatchMessage=0/0 fopen=0 fread=0 module="C:\Mac\Home\Documents\mxd\BeiDou-Server\clien\BeiDou.exe"
2026-09-12 15:14:23.092 [seq=4] [tid=14548] event=hook_summary total=6 CreateFileW=0 CreateFileA=0 _lopen=0 FindFirstFileA=0 GetProcAddress=0 Mapping=0/0/0 ReadFile=0 CloseHandle=1 ExceptionFilter=1 Exit=1/1 FatalAppExit=0/0 LoadLibrary=0/1/0 MessageBox=1/0 Ex=0/0 Indirect=0/0 DispatchMessage=0/0 fopen=0 fread=0 module="C:\Mac\Home\Documents\mxd\BeiDou-Server\clien\ijl15.dll"
2026-09-12 15:14:23.096 [seq=5] [tid=14548] event=hook_summary total=11 CreateFileW=1 CreateFileA=1 _lopen=0 FindFirstFileA=0 GetProcAddress=0 Mapping=1/0/1 ReadFile=1 CloseHandle=1 ExceptionFilter=1 Exit=1/1 FatalAppExit=0/0 LoadLibrary=1/1/0 MessageBox=0/0 Ex=0/0 Indirect=0/0 DispatchMessage=0/0 fopen=0 fread=0 module="C:\Mac\Home\Documents\mxd\BeiDou-Server\clien\nmcogame.dll"
2026-09-12 15:14:23.102 [seq=6] [tid=14548] event=hook_summary total=9 CreateFileW=0 CreateFileA=1 _lopen=0 FindFirstFileA=1 GetProcAddress=0 Mapping=0/0/0 ReadFile=1 CloseHandle=1 ExceptionFilter=1 Exit=1/1 FatalAppExit=0/0 LoadLibrary=0/1/0 MessageBox=0/1 Ex=0/0 Indirect=0/0 DispatchMessage=0/0 fopen=0 fread=0 module="C:\Mac\Home\Documents\mxd\BeiDou-Server\clien\mss32.dll"
2026-09-12 15:14:23.110 [seq=7] [tid=14548] event=hook_summary total=6 CreateFileW=0 CreateFileA=1 _lopen=0 FindFirstFileA=0 GetProcAddress=0 Mapping=0/0/0 ReadFile=1 CloseHandle=1 ExceptionFilter=0 Exit=1/1 FatalAppExit=0/0 LoadLibrary=0/1/0 MessageBox=0/0 Ex=0/0 Indirect=0/0 DispatchMessage=0/0 fopen=0 fread=0 module="C:\Mac\Home\Documents\mxd\BeiDou-Server\clien\2ijl15.dll"
2026-09-12 15:14:23.121 [seq=8] [tid=14548] event=hook_summary total=2 CreateFileW=0 CreateFileA=0 _lopen=0 FindFirstFileA=0 GetProcAddress=0 Mapping=0/0/0 ReadFile=0 CloseHandle=0 ExceptionFilter=1 Exit=0/1 FatalAppExit=0/0 LoadLibrary=0/0/0 MessageBox=0/0 Ex=0/0 Indirect=0/0 DispatchMessage=0/0 fopen=0 fread=0 module="C:\Mac\Home\Documents\mxd\BeiDou-Server\clien\CIL.dll"
2026-09-12 15:14:23.128 [seq=9] [tid=14548] event=hook_summary total=4 CreateFileW=0 CreateFileA=1 _lopen=0 FindFirstFileA=0 GetProcAddress=0 Mapping=0/0/0 ReadFile=1 CloseHandle=1 ExceptionFilter=0 Exit=0/0 FatalAppExit=0/0 LoadLibrary=0/1/0 MessageBox=0/0 Ex=0/0 Indirect=0/0 DispatchMessage=0/0 fopen=0 fread=0 module="C:\Mac\Home\Documents\mxd\BeiDou-Server\clien\DawnWarriorSkillCompat.dll"
2026-09-12 15:14:23.132 [seq=10] [tid=14548] event=hook_summary total=3 CreateFileW=0 CreateFileA=1 _lopen=0 FindFirstFileA=0 GetProcAddress=0 Mapping=0/0/0 ReadFile=0 CloseHandle=1 ExceptionFilter=0 Exit=0/0 FatalAppExit=0/0 LoadLibrary=0/1/0 MessageBox=0/0 Ex=0/0 Indirect=0/0 DispatchMessage=0/0 fopen=0 fread=0 module="C:\Mac\Home\Documents\mxd\BeiDou-Server\clien\BeiDouSkillCompatCore.dll"
2026-09-12 15:14:23.143 [seq=11] [tid=14548] event=hook_summary total=3 CreateFileW=0 CreateFileA=1 _lopen=0 FindFirstFileA=0 GetProcAddress=0 Mapping=0/0/0 ReadFile=0 CloseHandle=1 ExceptionFilter=0 Exit=0/0 FatalAppExit=0/0 LoadLibrary=0/1/0 MessageBox=0/0 Ex=0/0 Indirect=0/0 DispatchMessage=0/0 fopen=0 fread=0 module="C:\Mac\Home\Documents\mxd\BeiDou-Server\clien\BeiDouSetItemCompat.dll"
2026-09-12 15:14:23.151 [seq=12] [tid=14548] event=watchdog status=started
2026-09-12 15:14:23.165 [seq=13] [tid=8932] event=diagnostic_file status=ok error=0 size=3837009 write_time=01dd3f36:0b5a4ae8 path="C:\Mac\Home\Documents\mxd\BeiDou-Server\clien\Data\Skill\000.img"
2026-09-12 15:14:23.174 [seq=14] [tid=8932] event=diagnostic_file status=ok error=0 size=179367 write_time=01dc5dee:d61b8680 path="C:\Mac\Home\Documents\mxd\BeiDou-Server\clien\Data\Skill\400.img"
2026-09-12 15:14:23.180 [seq=15] [tid=8932] event=diagnostic_file status=ok error=0 size=49296 write_time=01dc5dee:d61b8680 path="C:\Mac\Home\Documents\mxd\BeiDou-Server\clien\Data\Skill\410.img"
2026-09-12 15:14:23.186 [seq=16] [tid=8932] event=diagnostic_file status=ok error=0 size=483625 write_time=01dc5dee:d61b8680 path="C:\Mac\Home\Documents\mxd\BeiDou-Server\clien\Data\Skill\411.img"
2026-09-12 15:14:23.192 [seq=17] [tid=8932] event=diagnostic_file status=ok error=0 size=28436273 write_time=01dd2d4a:dee32859 path="C:\Mac\Home\Documents\mxd\BeiDou-Server\clien\Data\Skill\412.img"
2026-09-12 15:14:23.204 [seq=18] [tid=8932] event=diagnostic_file status=ok error=0 size=2305962 write_time=01dd3e87:cc536b2e path="C:\Mac\Home\Documents\mxd\BeiDou-Server\clien\Data\String\Skill.img"
2026-09-12 15:14:23.213 [seq=19] [tid=8932] event=diagnostic_file status=ok error=0 size=43008 write_time=01dd39ca:d681d6e7 path="C:\Mac\Home\Documents\mxd\BeiDou-Server\clien\WzFileLogger.dll"
2026-09-12 15:14:23.221 [seq=20] [tid=8932] event=diagnostic_file status=ok error=0 size=524288 write_time=01dd313d:d2c6e880 path="C:\Mac\Home\Documents\mxd\BeiDou-Server\clien\WzFlashRenderer.dll"
2026-09-12 15:14:23.223 [seq=21] [tid=8932] event=diagnostic_file status=ok error=0 size=9728 write_time=01dd4282:0f25fd53 path="C:\Mac\Home\Documents\mxd\BeiDou-Server\clien\DawnWarriorSkillCompat.dll"
2026-09-12 15:14:23.227 [seq=22] [tid=8932] event=diagnostic_file status=ok error=0 size=18944 write_time=01dd3f37:110b88ec path="C:\Mac\Home\Documents\mxd\BeiDou-Server\clien\BeiDouSetItemCompat.dll"
2026-09-12 15:14:23.239 [seq=23] [tid=4408] event=module_load api=LoadLibraryA status=ok module=614E0000 error=0 path="BeiDouDamageSkinCompat.dll"
2026-09-12 15:14:23.253 [seq=24] [tid=4408] event=hook_summary total=2 CreateFileW=0 CreateFileA=1 _lopen=0 FindFirstFileA=0 GetProcAddress=0 Mapping=0/0/0 ReadFile=0 CloseHandle=1 ExceptionFilter=0 Exit=0/0 FatalAppExit=0/0 LoadLibrary=0/0/0 MessageBox=0/0 Ex=0/0 Indirect=0/0 DispatchMessage=0/0 fopen=0 fread=0 module="C:\Mac\Home\Documents\mxd\BeiDou-Server\clien\BeiDouDamageSkinCompat.dll"
2026-09-12 15:14:23.259 [seq=25] [tid=8932] event=indexed_damage_number_compat status=loaded
2026-09-12 15:14:23.275 [seq=26] [tid=2324] event=resource_open status=ok handle=0000040C error=0 access=0x00000004 disposition=4 path="BeiDouDamageSkinCompat.log"
2026-09-12 15:14:23.933 [seq=27] [tid=15020] event=module_load api=LoadLibraryW status=ok module=0E6A0000 error=0 path="C:\Mac\Home\Documents\mxd\BeiDou-Server\clien\nmconew.dll"
2026-09-12 15:14:23.959 [seq=28] [tid=15020] event=hook_summary total=2 CreateFileW=0 CreateFileA=1 _lopen=0 FindFirstFileA=0 GetProcAddress=0 Mapping=0/0/0 ReadFile=0 CloseHandle=1 ExceptionFilter=0 Exit=0/0 FatalAppExit=0/0 LoadLibrary=0/0/0 MessageBox=0/0 Ex=0/0 Indirect=0/0 DispatchMessage=0/0 fopen=0 fread=0 module="C:\Mac\Home\Documents\mxd\BeiDou-Server\clien\IndexedDamageNumberCompat.dll"
2026-09-12 15:14:23.965 [seq=29] [tid=15020] event=hook_summary total=12 CreateFileW=1 CreateFileA=0 _lopen=0 FindFirstFileA=0 GetProcAddress=0 Mapping=1/0/1 ReadFile=1 CloseHandle=1 ExceptionFilter=1 Exit=1/1 FatalAppExit=0/1 LoadLibrary=1/1/0 MessageBox=1/0 Ex=0/0 Indirect=0/0 DispatchMessage=0/0 fopen=0 fread=0 module="C:\Mac\Home\Documents\mxd\BeiDou-Server\clien\nmconew.dll"
2026-09-12 15:14:23.969 [seq=30] [tid=15020] event=module_load api=LoadLibraryW status=ok module=0E6A0000 error=0 path="C:\Mac\Home\Documents\mxd\BeiDou-Server\clien\nmconew.dll"
2026-09-12 15:14:23.995 [seq=31] [tid=15020] event=module_load api=LoadLibraryA status=ok module=50C00000 error=0 path="PCOM.DLL"
2026-09-12 15:14:24.008 [seq=32] [tid=15020] event=hook_summary total=3 CreateFileW=0 CreateFileA=0 _lopen=0 FindFirstFileA=0 GetProcAddress=0 Mapping=0/0/0 ReadFile=0 CloseHandle=0 ExceptionFilter=0 Exit=0/0 FatalAppExit=0/0 LoadLibrary=0/1/0 MessageBox=0/0 Ex=0/0 Indirect=0/0 DispatchMessage=0/0 fopen=1 fread=1 module="C:\Mac\Home\Documents\mxd\BeiDou-Server\clien\PCOM.DLL"
2026-09-12 15:14:24.272 [seq=33] [tid=8932] event=health cpu_core_pct=61.5 working_set_mb=47 commit_mb=39 handles=317 gdi=9 user=9 window=missing last_resource="(none)" resource_offset=0 resource_bytes=0 resource_age_ms=0
2026-09-12 15:14:24.575 [seq=34] [tid=15020] event=module_load api=LoadLibraryA status=ok module=51000000 error=0 path="C:/Mac/Home/Documents/mxd/BeiDou-Server/clien/RESMAN.DLL"
2026-09-12 15:14:24.579 [seq=35] [tid=15020] event=hook_summary total=1 CreateFileW=0 CreateFileA=0 _lopen=0 FindFirstFileA=0 GetProcAddress=0 Mapping=0/0/0 ReadFile=0 CloseHandle=0 ExceptionFilter=0 Exit=0/0 FatalAppExit=0/0 LoadLibrary=0/1/0 MessageBox=0/0 Ex=0/0 Indirect=0/0 DispatchMessage=0/0 fopen=0 fread=0 module="C:\Mac\Home\Documents\mxd\BeiDou-Server\clien\RESMAN.DLL"
2026-09-12 15:14:24.593 [seq=36] [tid=15020] event=module_load api=LoadLibraryA status=ok module=50800000 error=0 path="C:/Mac/Home/Documents/mxd/BeiDou-Server/clien/NAMESPACE.DLL"
2026-09-12 15:14:24.597 [seq=37] [tid=15020] event=hook_summary total=4 CreateFileW=0 CreateFileA=0 _lopen=0 FindFirstFileA=0 GetProcAddress=0 Mapping=1/1/1 ReadFile=0 CloseHandle=0 ExceptionFilter=0 Exit=0/0 FatalAppExit=0/0 LoadLibrary=0/1/0 MessageBox=0/0 Ex=0/0 Indirect=0/0 DispatchMessage=0/0 fopen=0 fread=0 module="C:\Mac\Home\Documents\mxd\BeiDou-Server\clien\NAMESPACE.DLL"
2026-09-12 15:14:24.617 [seq=38] [tid=15020] event=module_load api=LoadLibraryA status=ok module=50400000 error=0 path="C:/Mac/Home/Documents/mxd/BeiDou-Server/clien/GR2D_DX8.DLL"
2026-09-12 15:14:24.622 [seq=39] [tid=15020] event=hook_summary total=2 CreateFileW=0 CreateFileA=0 _lopen=0 FindFirstFileA=0 GetProcAddress=1 Mapping=0/0/0 ReadFile=0 CloseHandle=0 ExceptionFilter=0 Exit=0/0 FatalAppExit=0/0 LoadLibrary=0/1/0 MessageBox=0/0 Ex=0/0 Indirect=0/0 DispatchMessage=0/0 fopen=0 fread=0 module="C:\Mac\Home\Documents\mxd\BeiDou-Server\clien\GR2D_DX8.DLL"
2026-09-12 15:14:24.659 [seq=40] [tid=15020] event=module_load api=LoadLibraryA status=ok module=61350000 error=0 path="D3D8.DLL"
2026-09-12 15:14:24.749 [seq=41] [tid=15020] event=module_load api=LoadLibraryA status=ok module=50C00000 error=0 path="PCOM.DLL"
2026-09-12 15:14:24.755 [seq=42] [tid=15020] event=hook_summary total=1 CreateFileW=0 CreateFileA=0 _lopen=0 FindFirstFileA=0 GetProcAddress=1 Mapping=0/0/0 ReadFile=0 CloseHandle=0 ExceptionFilter=0 Exit=0/0 FatalAppExit=0/0 LoadLibrary=0/0/0 MessageBox=0/0 Ex=0/0 Indirect=0/0 DispatchMessage=0/0 fopen=0 fread=0 module="C:\Mac\Home\Documents\mxd\BeiDou-Server\clien\GR2D_DX8.DLL"
2026-09-12 15:14:24.780 [seq=43] [tid=15020] event=module_load api=LoadLibraryA status=ok module=51400000 error=0 path="C:/Mac/Home/Documents/mxd/BeiDou-Server/clien/SHAPE2D.DLL"
2026-09-12 15:14:24.786 [seq=44] [tid=15020] event=hook_summary total=1 CreateFileW=0 CreateFileA=0 _lopen=0 FindFirstFileA=0 GetProcAddress=0 Mapping=0/0/0 ReadFile=0 CloseHandle=0 ExceptionFilter=0 Exit=0/0 FatalAppExit=0/0 LoadLibrary=0/1/0 MessageBox=0/0 Ex=0/0 Indirect=0/0 DispatchMessage=0/0 fopen=0 fread=0 module="C:\Mac\Home\Documents\mxd\BeiDou-Server\clien\SHAPE2D.DLL"
2026-09-12 15:14:25.059 [seq=45] [tid=15020] event=module_load api=LoadLibraryA status=ok module=50000000 error=0 path="C:/Mac/Home/Documents/mxd/BeiDou-Server/clien/CANVAS.DLL"
2026-09-12 15:14:25.067 [seq=46] [tid=15020] event=hook_summary total=3 CreateFileW=0 CreateFileA=0 _lopen=0 FindFirstFileA=0 GetProcAddress=0 Mapping=0/0/0 ReadFile=0 CloseHandle=0 ExceptionFilter=0 Exit=0/0 FatalAppExit=0/0 LoadLibrary=0/1/0 MessageBox=0/0 Ex=0/0 Indirect=0/0 DispatchMessage=0/0 fopen=1 fread=1 module="C:\Mac\Home\Documents\mxd\BeiDou-Server\clien\CANVAS.DLL"
2026-09-12 15:14:25.069 [seq=47] [tid=15020] event=hook_summary total=1 CreateFileW=0 CreateFileA=0 _lopen=0 FindFirstFileA=0 GetProcAddress=0 Mapping=0/0/0 ReadFile=0 CloseHandle=0 ExceptionFilter=0 Exit=0/0 FatalAppExit=0/0 LoadLibrary=0/1/0 MessageBox=0/0 Ex=0/0 Indirect=0/0 DispatchMessage=0/0 fopen=0 fread=0 module="C:\Mac\Home\Documents\mxd\BeiDou-Server\clien\ZLZ.dll"
2026-09-12 15:14:25.414 [seq=48] [tid=15020] event=module_load api=LoadLibraryA status=ok module=50C00000 error=0 path="PCOM.DLL"
2026-09-12 15:14:25.457 [seq=49] [tid=15020] event=resource_open api=fopen status=ok stream=7634C660 mode=rb path="C:\Mac\Home\Documents\mxd\BeiDou-Server\clien\List.wz"
2026-09-12 15:14:25.485 [seq=50] [tid=15020] event=module_load api=LoadLibraryA status=ok module=50C00000 error=0 path="PCOM.DLL"
2026-09-12 15:14:25.499 [seq=51] [tid=15020] event=resource_open api=fopen status=ok stream=7634C660 mode=rb path="C:\Mac\Home\Documents\mxd\BeiDou-Server\clien\List.wz"
2026-09-12 15:14:25.868 [seq=52] [tid=15020] event=module_load api=LoadLibraryA status=ok module=51800000 error=0 path="C:/Mac/Home/Documents/mxd/BeiDou-Server/clien/SOUND_DX8.DLL"
2026-09-12 15:14:25.884 [seq=53] [tid=15020] event=hook_summary total=4 CreateFileW=0 CreateFileA=0 _lopen=0 FindFirstFileA=0 GetProcAddress=0 Mapping=1/1/1 ReadFile=0 CloseHandle=0 ExceptionFilter=0 Exit=0/0 FatalAppExit=0/0 LoadLibrary=0/1/0 MessageBox=0/0 Ex=0/0 Indirect=0/0 DispatchMessage=0/0 fopen=0 fread=0 module="C:\Mac\Home\Documents\mxd\BeiDou-Server\clien\SOUND_DX8.DLL"
2026-09-12 15:14:25.907 [seq=54] [tid=15020] event=module_load api=LoadLibraryA status=ok module=12A50000 error=0 path="C:\Mac\Home\Documents\mxd\BeiDou-Server\clien\l3codeca.acm"
2026-09-12 15:14:25.924 [seq=55] [tid=15020] event=hook_summary total=5 CreateFileW=0 CreateFileA=0 _lopen=0 FindFirstFileA=0 GetProcAddress=0 Mapping=0/0/0 ReadFile=0 CloseHandle=1 ExceptionFilter=1 Exit=1/1 FatalAppExit=0/0 LoadLibrary=0/1/0 MessageBox=0/0 Ex=0/0 Indirect=0/0 DispatchMessage=0/0 fopen=0 fread=0 module="C:\Mac\Home\Documents\mxd\BeiDou-Server\clien\l3codeca.acm"
2026-09-12 15:15:15.538 [seq=56] [tid=15020] event=module_load api=LoadLibraryA status=ok module=0DEB0000 error=0 path="WzFlashRenderer.dll"
2026-09-12 15:15:15.541 [seq=57] [tid=15020] event=flash_renderer_exports module=0DEB0000 InitializeFlash=0DEB16B0 InitializeFlashbyDevice=0DEB13D0 IsRenderFlash=0DEB1570 LoadMediaFile=0DEB1480 ReleaseFlash=0DEB1000 RenderFlash=0DEB14F0
2026-09-12 15:15:15.548 [seq=58] [tid=15020] event=hook_summary total=3 CreateFileW=0 CreateFileA=0 _lopen=0 FindFirstFileA=0 GetProcAddress=0 Mapping=0/0/0 ReadFile=0 CloseHandle=0 ExceptionFilter=0 Exit=1/0 FatalAppExit=0/0 LoadLibrary=0/1/0 MessageBox=0/1 Ex=0/0 Indirect=0/0 DispatchMessage=0/0 fopen=0 fread=0 module="C:\Mac\Home\Documents\mxd\BeiDou-Server\clien\WzFlashRenderer.dll"
2026-09-12 15:15:15.551 [seq=59] [tid=15020] event=hook_summary total=1 CreateFileW=0 CreateFileA=0 _lopen=0 FindFirstFileA=0 GetProcAddress=0 Mapping=0/0/0 ReadFile=0 CloseHandle=0 ExceptionFilter=0 Exit=1/0 FatalAppExit=0/0 LoadLibrary=0/0/0 MessageBox=0/0 Ex=0/0 Indirect=0/0 DispatchMessage=0/0 fopen=0 fread=0 module="C:\Mac\Home\Documents\mxd\BeiDou-Server\clien\MSVCP71.dll"
2026-09-12 15:15:15.554 [seq=60] [tid=15020] event=hook_summary total=9 CreateFileW=1 CreateFileA=1 _lopen=0 FindFirstFileA=1 GetProcAddress=0 Mapping=0/0/0 ReadFile=1 CloseHandle=1 ExceptionFilter=1 Exit=1/1 FatalAppExit=0/0 LoadLibrary=0/1/0 MessageBox=0/0 Ex=0/0 Indirect=0/0 DispatchMessage=0/0 fopen=0 fread=0 module="C:\Mac\Home\Documents\mxd\BeiDou-Server\clien\MSVCR71.dll"
2026-09-12 15:15:15.557 [seq=61] [tid=15020] event=flash_render_guard status=installed module=0DEB0000 render=0DEB14F0 movie_slot=0DF1E088 path="C:\Mac\Home\Documents\mxd\BeiDou-Server\clien\WzFlashRenderer.dll"
2026-09-12 15:15:40.549 [seq=62] [tid=15020] event=resource_search status=failed handle=FFFFFFFF error=2 pattern="C:\Mac\Home\Documents\mxd\BeiDou-Server\clien\*.mix"
2026-09-12 15:15:40.555 [seq=63] [tid=15020] event=resource_search status=failed handle=FFFFFFFF error=3 pattern="C:\Mac\Home\Documents\mxd\BeiDou-Server\clien\./redist/*.mix"
2026-09-12 15:15:40.560 [seq=64] [tid=15020] event=resource_search status=failed handle=FFFFFFFF error=2 pattern="C:\Mac\Home\Documents\mxd\BeiDou-Server\clien\*.asi"
2026-09-12 15:15:40.566 [seq=65] [tid=15020] event=resource_search status=failed handle=FFFFFFFF error=3 pattern="C:\Mac\Home\Documents\mxd\BeiDou-Server\clien\./redist/*.asi"
2026-09-12 15:15:40.573 [seq=66] [tid=15020] event=resource_search status=failed handle=FFFFFFFF error=2 pattern="C:\Mac\Home\Documents\mxd\BeiDou-Server\clien\*.flt"
2026-09-12 15:15:40.586 [seq=67] [tid=15020] event=resource_search status=failed handle=FFFFFFFF error=3 pattern="C:\Mac\Home\Documents\mxd\BeiDou-Server\clien\./redist/*.flt"
2026-09-12 15:15:40.596 [seq=68] [tid=15020] event=module_load api=LoadLibraryA status=ok module=60D10000 error=0 path="DSOUND.DLL"
2026-09-12 15:15:43.240 [seq=69] [tid=8932] event=health cpu_core_pct=32.8 working_set_mb=55 commit_mb=44 handles=399 gdi=16 user=23 window=responsive last_resource="(none)" resource_offset=0 resource_bytes=0 resource_age_ms=0
2026-09-12 15:15:43.243 [seq=70] [tid=15020] event=first_chance_cpp occurrence=1 code=0xe06d7363 address=76798DFF module="C:\WINDOWS\System32\KERNELBASE.dll" module_offset=0x00358dff eip=76798DFF esp=0019CD94 eax=0x0019cd94 ebx=0x7351d900 ecx=0x00000004 edx=0x0019ce90 esi=0x735916b4 edi=0x0019cecc exception_info="i0=0x19930520;i1=0x0019cecc;i2=0x735916b4" stack_candidates="s3:KERNELBASE.dll+0x00358dff@76798DFF;s7:MSCTF.dll+0x001016b4@735916B4;s12:ntdll.dll+0x00054378@776D4378;s22:msvcrt.dll+0x000cdf98@7630DF98;s28:msvcrt.dll+0x00048a54@76288A54;s31:MSCTF.dll+0x001016b4@735916B4;s35:MSCTF.dll+0x0008d900@7351D900;s39:msvcrt.dll+0x000489b0@762889B0"
2026-09-12 15:15:43.247 [seq=71] [tid=15020] event=first_chance_cpp occurrence=2 code=0xe06d7363 address=76798DFF module="C:\WINDOWS\System32\KERNELBASE.dll" module_offset=0x00358dff eip=76798DFF esp=0019B514 eax=0x0019b514 ebx=0x00000000 ecx=0x00000004 edx=0x0019b610 esi=0x00000000 edi=0x00000000 exception_info="i0=0x19930520;i1=0x00000000;i2=0x00000000" stack_candidates="s3:KERNELBASE.dll+0x00358dff@76798DFF;s12:WzFileLogger.dll+0x00002f75@614F2F75;s22:msvcrt.dll+0x000cdf98@7630DF98;s28:msvcrt.dll+0x00048a54@76288A54;s39:MSCTF.dll+0x00074800@73504800;s52:msvcrt.dll+0x000cd95c@7630D95C;s68:MSCTF.dll+0x000749f0@735049F0;s72:MSCTF.dll+0x000749f0@735049F0"
2026-09-12 15:15:44.258 [seq=72] [tid=8932] event=health cpu_core_pct=94.4 working_set_mb=425 commit_mb=311 handles=2316 gdi=55 user=21 window=responsive last_resource="(none)" resource_offset=0 resource_bytes=0 resource_age_ms=0
2026-09-12 15:15:45.282 [seq=73] [tid=8932] event=health cpu_core_pct=61.5 working_set_mb=426 commit_mb=312 handles=2316 gdi=55 user=21 window=responsive last_resource="(none)" resource_offset=0 resource_bytes=0 resource_age_ms=0
2026-09-12 15:15:46.356 [seq=74] [tid=8932] event=health cpu_core_pct=72.7 working_set_mb=427 commit_mb=313 handles=2316 gdi=55 user=21 window=responsive last_resource="(none)" resource_offset=0 resource_bytes=0 resource_age_ms=0
2026-09-12 15:15:47.372 [seq=75] [tid=8932] event=health cpu_core_pct=77.9 working_set_mb=427 commit_mb=313 handles=2316 gdi=55 user=21 window=responsive last_resource="(none)" resource_offset=0 resource_bytes=0 resource_age_ms=0
2026-09-12 15:15:48.393 [seq=76] [tid=8932] event=health cpu_core_pct=58.4 working_set_mb=427 commit_mb=313 handles=2316 gdi=55 user=21 window=responsive last_resource="(none)" resource_offset=0 resource_bytes=0 resource_age_ms=0
2026-09-12 15:15:49.412 [seq=77] [tid=8932] event=health cpu_core_pct=60.5 working_set_mb=427 commit_mb=313 handles=2316 gdi=55 user=21 window=responsive last_resource="(none)" resource_offset=0 resource_bytes=0 resource_age_ms=0
2026-09-12 15:15:50.422 [seq=78] [tid=8932] event=health cpu_core_pct=76.9 working_set_mb=427 commit_mb=313 handles=2316 gdi=55 user=21 window=responsive last_resource="(none)" resource_offset=0 resource_bytes=0 resource_age_ms=0
2026-09-12 15:15:51.436 [seq=79] [tid=8932] event=health cpu_core_pct=56.2 working_set_mb=427 commit_mb=313 handles=2316 gdi=55 user=21 window=responsive last_resource="(none)" resource_offset=0 resource_bytes=0 resource_age_ms=0
2026-09-12 15:15:52.443 [seq=80] [tid=8932] event=health cpu_core_pct=61.5 working_set_mb=427 commit_mb=313 handles=2326 gdi=55 user=21 window=responsive last_resource="(none)" resource_offset=0 resource_bytes=0 resource_age_ms=0
2026-09-12 15:15:53.654 [seq=81] [tid=8932] event=health cpu_core_pct=73.9 working_set_mb=427 commit_mb=313 handles=2326 gdi=55 user=21 window=responsive last_resource="(none)" resource_offset=0 resource_bytes=0 resource_age_ms=0
2026-09-12 15:15:54.690 [seq=82] [tid=8932] event=health cpu_core_pct=71.6 working_set_mb=427 commit_mb=313 handles=2326 gdi=55 user=21 window=responsive last_resource="(none)" resource_offset=0 resource_bytes=0 resource_age_ms=0
2026-09-12 15:15:55.795 [seq=83] [tid=8932] event=health cpu_core_pct=69.7 working_set_mb=427 commit_mb=313 handles=2326 gdi=55 user=21 window=responsive last_resource="(none)" resource_offset=0 resource_bytes=0 resource_age_ms=0
2026-09-12 15:15:56.822 [seq=84] [tid=8932] event=health cpu_core_pct=54.2 working_set_mb=427 commit_mb=313 handles=2326 gdi=55 user=21 window=responsive last_resource="(none)" resource_offset=0 resource_bytes=0 resource_age_ms=0
2026-09-12 15:15:57.861 [seq=85] [tid=8932] event=health cpu_core_pct=75.7 working_set_mb=427 commit_mb=313 handles=2326 gdi=55 user=21 window=responsive last_resource="(none)" resource_offset=0 resource_bytes=0 resource_age_ms=0
2026-09-12 15:15:58.889 [seq=86] [tid=8932] event=health cpu_core_pct=68.1 working_set_mb=427 commit_mb=313 handles=2326 gdi=55 user=21 window=responsive last_resource="(none)" resource_offset=0 resource_bytes=0 resource_age_ms=0
2026-09-12 15:15:59.911 [seq=87] [tid=8932] event=health cpu_core_pct=68.1 working_set_mb=427 commit_mb=313 handles=2326 gdi=55 user=21 window=responsive last_resource="(none)" resource_offset=0 resource_bytes=0 resource_age_ms=0
2026-09-12 15:16:01.048 [seq=88] [tid=8932] event=health cpu_core_pct=68.1 working_set_mb=427 commit_mb=313 handles=2326 gdi=55 user=21 window=responsive last_resource="(none)" resource_offset=0 resource_bytes=0 resource_age_ms=0
2026-09-12 15:16:02.169 [seq=89] [tid=8932] event=health cpu_core_pct=51.3 working_set_mb=427 commit_mb=313 handles=2326 gdi=55 user=21 window=responsive last_resource="(none)" resource_offset=0 resource_bytes=0 resource_age_ms=0
2026-09-12 15:16:03.338 [seq=90] [tid=8932] event=health cpu_core_pct=71.2 working_set_mb=427 commit_mb=313 handles=2326 gdi=55 user=21 window=responsive last_resource="(none)" resource_offset=0 resource_bytes=0 resource_age_ms=0
2026-09-12 15:16:04.680 [seq=91] [tid=8932] event=health cpu_core_pct=79.7 working_set_mb=427 commit_mb=313 handles=2326 gdi=55 user=21 window=responsive last_resource="(none)" resource_offset=0 resource_bytes=0 resource_age_ms=0
2026-09-12 15:16:05.778 [seq=92] [tid=8932] event=health cpu_core_pct=86.5 working_set_mb=427 commit_mb=313 handles=2326 gdi=55 user=21 window=responsive last_resource="(none)" resource_offset=0 resource_bytes=0 resource_age_ms=0
2026-09-12 15:16:06.863 [seq=93] [tid=8932] event=health cpu_core_pct=82.8 working_set_mb=427 commit_mb=313 handles=2326 gdi=55 user=21 window=responsive last_resource="(none)" resource_offset=0 resource_bytes=0 resource_age_ms=0
2026-09-12 15:16:06.913 [seq=94] [tid=8932] event=hang_detected reason=sustained_high_cpu
2026-09-12 15:16:16.274 [seq=95] [tid=8932] event=dump status=ok reason=high-cpu error=0 path="C:\Mac\Home\Documents\mxd\BeiDou-Server\clien\diagnostics\high-cpu-20260912-151422-pid1892-11034796.dmp"
2026-09-12 15:16:17.288 [seq=96] [tid=8932] event=health cpu_core_pct=59.5 working_set_mb=433 commit_mb=314 handles=2360 gdi=55 user=21 window=responsive last_resource="(none)" resource_offset=0 resource_bytes=0 resource_age_ms=0
2026-09-12 15:16:18.314 [seq=97] [tid=8932] event=health cpu_core_pct=64.6 working_set_mb=433 commit_mb=314 handles=2360 gdi=55 user=21 window=responsive last_resource="(none)" resource_offset=0 resource_bytes=0 resource_age_ms=0
2026-09-12 15:16:19.359 [seq=98] [tid=8932] event=health cpu_core_pct=62.1 working_set_mb=433 commit_mb=314 handles=2360 gdi=55 user=21 window=responsive last_resource="(none)" resource_offset=0 resource_bytes=0 resource_age_ms=0
2026-09-12 15:16:20.402 [seq=99] [tid=8932] event=health cpu_core_pct=70.1 working_set_mb=433 commit_mb=314 handles=2360 gdi=55 user=21 window=responsive last_resource="(none)" resource_offset=0 resource_bytes=0 resource_age_ms=0
2026-09-12 15:16:21.456 [seq=100] [tid=8932] event=health cpu_core_pct=64.6 working_set_mb=433 commit_mb=314 handles=2360 gdi=55 user=21 window=responsive last_resource="(none)" resource_offset=0 resource_bytes=0 resource_age_ms=0
2026-09-12 15:16:22.548 [seq=101] [tid=8932] event=health cpu_core_pct=59.6 working_set_mb=433 commit_mb=314 handles=2360 gdi=55 user=21 window=responsive last_resource="(none)" resource_offset=0 resource_bytes=0 resource_age_ms=0
2026-09-12 15:16:23.577 [seq=102] [tid=8932] event=health cpu_core_pct=75.3 working_set_mb=433 commit_mb=314 handles=2360 gdi=55 user=21 window=responsive last_resource="(none)" resource_offset=0 resource_bytes=0 resource_age_ms=0
2026-09-12 15:16:24.604 [seq=103] [tid=8932] event=health cpu_core_pct=56.9 working_set_mb=434 commit_mb=314 handles=2360 gdi=55 user=21 window=responsive last_resource="(none)" resource_offset=0 resource_bytes=0 resource_age_ms=0
2026-09-12 15:16:25.640 [seq=104] [tid=8932] event=health cpu_core_pct=69.6 working_set_mb=434 commit_mb=314 handles=2360 gdi=55 user=21 window=responsive last_resource="(none)" resource_offset=0 resource_bytes=0 resource_age_ms=0
2026-09-12 15:16:26.682 [seq=105] [tid=8932] event=health cpu_core_pct=65.6 working_set_mb=434 commit_mb=314 handles=2360 gdi=55 user=21 window=responsive last_resource="(none)" resource_offset=0 resource_bytes=0 resource_age_ms=0
2026-09-12 15:16:27.859 [seq=106] [tid=8932] event=health cpu_core_pct=69.7 working_set_mb=434 commit_mb=314 handles=2363 gdi=55 user=21 window=responsive last_resource="(none)" resource_offset=0 resource_bytes=0 resource_age_ms=0
2026-09-12 15:16:28.966 [seq=107] [tid=8932] event=health cpu_core_pct=80.2 working_set_mb=434 commit_mb=314 handles=2372 gdi=55 user=21 window=responsive last_resource="(none)" resource_offset=0 resource_bytes=0 resource_age_ms=0
2026-09-12 15:16:31.264 [seq=108] [tid=8932] event=health cpu_core_pct=63.9 working_set_mb=436 commit_mb=316 handles=2372 gdi=55 user=21 window=responsive last_resource="(none)" resource_offset=0 resource_bytes=0 resource_age_ms=0
2026-09-12 15:16:32.346 [seq=109] [tid=8932] event=health cpu_core_pct=73.6 working_set_mb=444 commit_mb=324 handles=2376 gdi=61 user=22 window=responsive last_resource="(none)" resource_offset=0 resource_bytes=0 resource_age_ms=0
2026-09-12 15:16:33.384 [seq=110] [tid=8932] event=health cpu_core_pct=70.5 working_set_mb=444 commit_mb=324 handles=2376 gdi=61 user=22 window=responsive last_resource="(none)" resource_offset=0 resource_bytes=0 resource_age_ms=0
2026-09-12 15:16:34.482 [seq=111] [tid=8932] event=health cpu_core_pct=84.0 working_set_mb=452 commit_mb=332 handles=2376 gdi=62 user=22 window=responsive last_resource="(none)" resource_offset=0 resource_bytes=0 resource_age_ms=0
2026-09-12 15:16:35.500 [seq=112] [tid=8932] event=health cpu_core_pct=72.0 working_set_mb=452 commit_mb=332 handles=2375 gdi=62 user=22 window=responsive last_resource="(none)" resource_offset=0 resource_bytes=0 resource_age_ms=0
2026-09-12 15:16:37.701 [seq=113] [tid=8932] event=health cpu_core_pct=68.1 working_set_mb=453 commit_mb=333 handles=2375 gdi=62 user=22 window=responsive last_resource="(none)" resource_offset=0 resource_bytes=0 resource_age_ms=0
2026-09-12 15:16:38.804 [seq=114] [tid=8932] event=health cpu_core_pct=79.6 working_set_mb=465 commit_mb=343 handles=2394 gdi=67 user=22 window=responsive last_resource="(none)" resource_offset=0 resource_bytes=0 resource_age_ms=0
2026-09-12 15:16:39.824 [seq=115] [tid=8932] event=health cpu_core_pct=77.9 working_set_mb=466 commit_mb=344 handles=2401 gdi=67 user=22 window=responsive last_resource="(none)" resource_offset=0 resource_bytes=0 resource_age_ms=0
2026-09-12 15:16:40.876 [seq=116] [tid=8932] event=health cpu_core_pct=77.2 working_set_mb=466 commit_mb=344 handles=2402 gdi=67 user=22 window=responsive last_resource="(none)" resource_offset=0 resource_bytes=0 resource_age_ms=0
2026-09-12 15:16:41.907 [seq=117] [tid=8932] event=health cpu_core_pct=86.3 working_set_mb=466 commit_mb=344 handles=2401 gdi=67 user=22 window=responsive last_resource="(none)" resource_offset=0 resource_bytes=0 resource_age_ms=0
2026-09-12 15:16:42.973 [seq=118] [tid=8932] event=health cpu_core_pct=79.0 working_set_mb=466 commit_mb=345 handles=2403 gdi=67 user=22 window=responsive last_resource="(none)" resource_offset=0 resource_bytes=0 resource_age_ms=0
2026-09-12 15:16:44.024 [seq=119] [tid=8932] event=health cpu_core_pct=82.3 working_set_mb=467 commit_mb=345 handles=2405 gdi=67 user=22 window=responsive last_resource="(none)" resource_offset=0 resource_bytes=0 resource_age_ms=0
2026-09-12 15:16:45.102 [seq=120] [tid=8932] event=health cpu_core_pct=67.6 working_set_mb=467 commit_mb=345 handles=2404 gdi=67 user=22 window=responsive last_resource="(none)" resource_offset=0 resource_bytes=0 resource_age_ms=0
2026-09-12 15:16:46.161 [seq=121] [tid=8932] event=health cpu_core_pct=80.8 working_set_mb=467 commit_mb=345 handles=2404 gdi=67 user=22 window=responsive last_resource="(none)" resource_offset=0 resource_bytes=0 resource_age_ms=0
2026-09-12 15:16:47.222 [seq=122] [tid=8932] event=health cpu_core_pct=85.3 working_set_mb=467 commit_mb=345 handles=2403 gdi=67 user=22 window=responsive last_resource="(none)" resource_offset=0 resource_bytes=0 resource_age_ms=0
2026-09-12 15:16:48.238 [seq=123] [tid=8932] event=health cpu_core_pct=79.3 working_set_mb=467 commit_mb=345 handles=2400 gdi=67 user=22 window=responsive last_resource="(none)" resource_offset=0 resource_bytes=0 resource_age_ms=0
2026-09-12 15:16:49.280 [seq=124] [tid=8932] event=health cpu_core_pct=81.5 working_set_mb=467 commit_mb=345 handles=2398 gdi=67 user=22 window=responsive last_resource="(none)" resource_offset=0 resource_bytes=0 resource_age_ms=0
2026-09-12 15:16:50.333 [seq=125] [tid=8932] event=health cpu_core_pct=78.7 working_set_mb=467 commit_mb=345 handles=2398 gdi=67 user=22 window=responsive last_resource="(none)" resource_offset=0 resource_bytes=0 resource_age_ms=0
2026-09-12 15:16:51.414 [seq=126] [tid=8932] event=health cpu_core_pct=76.5 working_set_mb=467 commit_mb=345 handles=2398 gdi=67 user=22 window=responsive last_resource="(none)" resource_offset=0 resource_bytes=0 resource_age_ms=0
2026-09-12 15:16:52.559 [seq=127] [tid=8932] event=health cpu_core_pct=88.4 working_set_mb=467 commit_mb=345 handles=2398 gdi=67 user=22 window=responsive last_resource="(none)" resource_offset=0 resource_bytes=0 resource_age_ms=0
2026-09-12 15:16:53.588 [seq=128] [tid=8932] event=health cpu_core_pct=83.5 working_set_mb=467 commit_mb=345 handles=2400 gdi=67 user=22 window=responsive last_resource="(none)" resource_offset=0 resource_bytes=0 resource_age_ms=0
2026-09-12 15:16:54.626 [seq=129] [tid=8932] event=health cpu_core_pct=87.9 working_set_mb=467 commit_mb=345 handles=2400 gdi=67 user=22 window=responsive last_resource="(none)" resource_offset=0 resource_bytes=0 resource_age_ms=0
2026-09-12 15:16:56.922 [seq=130] [tid=8932] event=health cpu_core_pct=34.8 working_set_mb=469 commit_mb=345 handles=2400 gdi=67 user=23 window=missing last_resource="(none)" resource_offset=0 resource_bytes=0 resource_age_ms=0
2026-09-12 15:16:57.001 [seq=131] [tid=8932] event=window_lost reason=visible_client_window_disappeared
2026-09-12 15:16:57.131 [seq=132] [tid=15020] event=flash_render_guard status=installed module=0DEB0000 render=0DEB14F0 movie_slot=0DF1E088 path="C:\Mac\Home\Documents\mxd\BeiDou-Server\clien\WzFlashRenderer.dll"
