2026-09-23 17:38:34.688 [seq=1] [tid=7952] event=session_start session=20260923-173834-pid8792 pid=8792 exe_dir="C:\Mac\Home\Documents\mxd\BeiDou-Server\clien\" health_interval_ms=1000 hang_threshold_ms=5000 high_cpu_threshold=70 high_cpu_threshold_ms=3000 dump_on_hang=1 manual_dump_hotkey=1 log_first_chance_exceptions=1 log_successful_mappings=0
2026-09-23 17:38:34.691 [seq=2] [tid=7952] event=first_chance_handler status=installed av_limit=32 cpp_limit=32 filters=C0000005/E06D7363/80004003 cpp_after_client_window=1 av_stack_samples=4 cpp_stack_samples=8 stack_dwords=32/96
2026-09-23 17:38:34.697 [seq=3] [tid=7952] event=hook_summary total=14 CreateFileW=0 CreateFileA=1 _lopen=1 FindFirstFileA=1 GetProcAddress=0 Mapping=1/0/1 ReadFile=1 CloseHandle=1 ExceptionFilter=1 Exit=1/1 FatalAppExit=0/1 LoadLibrary=0/1/1 MessageBox=0/1 Ex=0/0 Indirect=0/0 DispatchMessage=0/0 fopen=0 fread=0 module="C:\Mac\Home\Documents\mxd\BeiDou-Server\clien\BeiDou.exe"
2026-09-23 17:38:34.727 [seq=4] [tid=7952] event=hook_summary total=9 CreateFileW=0 CreateFileA=1 _lopen=0 FindFirstFileA=1 GetProcAddress=0 Mapping=0/0/0 ReadFile=1 CloseHandle=1 ExceptionFilter=1 Exit=1/1 FatalAppExit=0/0 LoadLibrary=0/1/0 MessageBox=0/1 Ex=0/0 Indirect=0/0 DispatchMessage=0/0 fopen=0 fread=0 module="C:\Mac\Home\Documents\mxd\BeiDou-Server\clien\mss32.dll"
2026-09-23 17:38:34.727 [seq=5] [tid=7952] event=hook_summary total=6 CreateFileW=0 CreateFileA=0 _lopen=0 FindFirstFileA=0 GetProcAddress=0 Mapping=0/0/0 ReadFile=0 CloseHandle=1 ExceptionFilter=1 Exit=1/1 FatalAppExit=0/0 LoadLibrary=0/1/0 MessageBox=1/0 Ex=0/0 Indirect=0/0 DispatchMessage=0/0 fopen=0 fread=0 module="C:\Mac\Home\Documents\mxd\BeiDou-Server\clien\ijl15.dll"
2026-09-23 17:38:34.757 [seq=6] [tid=7952] event=hook_summary total=11 CreateFileW=1 CreateFileA=1 _lopen=0 FindFirstFileA=0 GetProcAddress=0 Mapping=1/0/1 ReadFile=1 CloseHandle=1 ExceptionFilter=1 Exit=1/1 FatalAppExit=0/0 LoadLibrary=1/1/0 MessageBox=0/0 Ex=0/0 Indirect=0/0 DispatchMessage=0/0 fopen=0 fread=0 module="C:\Mac\Home\Documents\mxd\BeiDou-Server\clien\nmcogame.dll"
2026-09-23 17:38:34.777 [seq=7] [tid=7952] event=hook_summary total=6 CreateFileW=0 CreateFileA=1 _lopen=0 FindFirstFileA=0 GetProcAddress=0 Mapping=0/0/0 ReadFile=1 CloseHandle=1 ExceptionFilter=0 Exit=1/1 FatalAppExit=0/0 LoadLibrary=0/1/0 MessageBox=0/0 Ex=0/0 Indirect=0/0 DispatchMessage=0/0 fopen=0 fread=0 module="C:\Mac\Home\Documents\mxd\BeiDou-Server\clien\2ijl15.dll"
2026-09-23 17:38:34.781 [seq=8] [tid=7952] event=hook_summary total=2 CreateFileW=0 CreateFileA=0 _lopen=0 FindFirstFileA=0 GetProcAddress=0 Mapping=0/0/0 ReadFile=0 CloseHandle=0 ExceptionFilter=1 Exit=0/1 FatalAppExit=0/0 LoadLibrary=0/0/0 MessageBox=0/0 Ex=0/0 Indirect=0/0 DispatchMessage=0/0 fopen=0 fread=0 module="C:\Mac\Home\Documents\mxd\BeiDou-Server\clien\CIL.dll"
2026-09-23 17:38:34.788 [seq=9] [tid=7952] event=hook_summary total=4 CreateFileW=0 CreateFileA=1 _lopen=0 FindFirstFileA=0 GetProcAddress=0 Mapping=0/0/0 ReadFile=1 CloseHandle=1 ExceptionFilter=0 Exit=0/0 FatalAppExit=0/0 LoadLibrary=0/1/0 MessageBox=0/0 Ex=0/0 Indirect=0/0 DispatchMessage=0/0 fopen=0 fread=0 module="C:\Mac\Home\Documents\mxd\BeiDou-Server\clien\DawnWarriorSkillCompat.dll"
2026-09-23 17:38:34.791 [seq=10] [tid=7952] event=hook_summary total=3 CreateFileW=0 CreateFileA=1 _lopen=0 FindFirstFileA=0 GetProcAddress=0 Mapping=0/0/0 ReadFile=0 CloseHandle=1 ExceptionFilter=0 Exit=0/0 FatalAppExit=0/0 LoadLibrary=0/1/0 MessageBox=0/0 Ex=0/0 Indirect=0/0 DispatchMessage=0/0 fopen=0 fread=0 module="C:\Mac\Home\Documents\mxd\BeiDou-Server\clien\BeiDouSkillCompatCore.dll"
2026-09-23 17:38:34.791 [seq=11] [tid=7952] event=hook_summary total=3 CreateFileW=0 CreateFileA=1 _lopen=0 FindFirstFileA=0 GetProcAddress=0 Mapping=0/0/0 ReadFile=0 CloseHandle=1 ExceptionFilter=0 Exit=0/0 FatalAppExit=0/0 LoadLibrary=0/1/0 MessageBox=0/0 Ex=0/0 Indirect=0/0 DispatchMessage=0/0 fopen=0 fread=0 module="C:\Mac\Home\Documents\mxd\BeiDou-Server\clien\BeiDouVellumVideoCompat.dll"
2026-09-23 17:38:34.791 [seq=12] [tid=7952] event=hook_summary total=3 CreateFileW=0 CreateFileA=1 _lopen=0 FindFirstFileA=0 GetProcAddress=0 Mapping=0/0/0 ReadFile=0 CloseHandle=1 ExceptionFilter=0 Exit=0/0 FatalAppExit=0/0 LoadLibrary=0/1/0 MessageBox=0/0 Ex=0/0 Indirect=0/0 DispatchMessage=0/0 fopen=0 fread=0 module="C:\Mac\Home\Documents\mxd\BeiDou-Server\clien\BeiDouSetItemCompat.dll"
2026-09-23 17:38:34.796 [seq=13] [tid=7952] event=watchdog status=started
2026-09-23 17:38:34.817 [seq=14] [tid=2152] event=diagnostic_file status=ok error=0 size=3837009 write_time=01dd3f36:0b5a4ae8 path="C:\Mac\Home\Documents\mxd\BeiDou-Server\clien\Data\Skill\000.img"
2026-09-23 17:38:34.821 [seq=15] [tid=2152] event=diagnostic_file status=ok error=0 size=179367 write_time=01dc5dee:d61b8680 path="C:\Mac\Home\Documents\mxd\BeiDou-Server\clien\Data\Skill\400.img"
2026-09-23 17:38:34.821 [seq=16] [tid=2152] event=diagnostic_file status=ok error=0 size=49296 write_time=01dc5dee:d61b8680 path="C:\Mac\Home\Documents\mxd\BeiDou-Server\clien\Data\Skill\410.img"
2026-09-23 17:38:34.821 [seq=17] [tid=2152] event=diagnostic_file status=ok error=0 size=483625 write_time=01dc5dee:d61b8680 path="C:\Mac\Home\Documents\mxd\BeiDou-Server\clien\Data\Skill\411.img"
2026-09-23 17:38:34.821 [seq=18] [tid=2152] event=diagnostic_file status=ok error=0 size=28436273 write_time=01dd2d4a:dee32859 path="C:\Mac\Home\Documents\mxd\BeiDou-Server\clien\Data\Skill\412.img"
2026-09-23 17:38:34.821 [seq=19] [tid=2152] event=diagnostic_file status=ok error=0 size=2305356 write_time=01dd4741:7026d48e path="C:\Mac\Home\Documents\mxd\BeiDou-Server\clien\Data\String\Skill.img"
2026-09-23 17:38:34.821 [seq=20] [tid=2152] event=diagnostic_file status=ok error=0 size=43008 write_time=01dd39ca:d681d6e7 path="C:\Mac\Home\Documents\mxd\BeiDou-Server\clien\WzFileLogger.dll"
2026-09-23 17:38:34.821 [seq=21] [tid=2152] event=diagnostic_file status=ok error=0 size=524288 write_time=01dd313d:d2c6e880 path="C:\Mac\Home\Documents\mxd\BeiDou-Server\clien\WzFlashRenderer.dll"
2026-09-23 17:38:34.834 [seq=22] [tid=2152] event=diagnostic_file status=ok error=0 size=9728 write_time=01dd4af9:13a48154 path="C:\Mac\Home\Documents\mxd\BeiDou-Server\clien\DawnWarriorSkillCompat.dll"
2026-09-23 17:38:34.834 [seq=23] [tid=2152] event=diagnostic_file status=ok error=0 size=18944 write_time=01dd3f37:110b88ec path="C:\Mac\Home\Documents\mxd\BeiDou-Server\clien\BeiDouSetItemCompat.dll"
2026-09-23 17:38:34.834 [seq=24] [tid=6372] event=hook_summary total=2 CreateFileW=0 CreateFileA=1 _lopen=0 FindFirstFileA=0 GetProcAddress=0 Mapping=0/0/0 ReadFile=0 CloseHandle=1 ExceptionFilter=0 Exit=0/0 FatalAppExit=0/0 LoadLibrary=0/0/0 MessageBox=0/0 Ex=0/0 Indirect=0/0 DispatchMessage=0/0 fopen=0 fread=0 module="C:\Mac\Home\Documents\mxd\BeiDou-Server\clien\BeiDouDamageSkinCompat.dll"
2026-09-23 17:38:34.834 [seq=25] [tid=2152] event=indexed_damage_number_compat status=loaded
2026-09-23 17:38:34.850 [seq=26] [tid=4512] event=resource_open status=ok handle=000003E4 error=0 access=0x00000004 disposition=4 path="BeiDouDamageSkinCompat.log"
2026-09-23 17:38:34.850 [seq=27] [tid=4512] event=resource_open status=ok handle=00000420 error=0 access=0x00000004 disposition=4 path="BeiDouDamageSkinCompat.log"
2026-09-23 17:38:35.368 [seq=28] [tid=2360] event=module_load api=LoadLibraryW status=ok module=0E630000 error=0 path="C:\Mac\Home\Documents\mxd\BeiDou-Server\clien\nmconew.dll"
2026-09-23 17:38:35.372 [seq=29] [tid=2360] event=hook_summary total=2 CreateFileW=0 CreateFileA=1 _lopen=0 FindFirstFileA=0 GetProcAddress=0 Mapping=0/0/0 ReadFile=0 CloseHandle=1 ExceptionFilter=0 Exit=0/0 FatalAppExit=0/0 LoadLibrary=0/0/0 MessageBox=0/0 Ex=0/0 Indirect=0/0 DispatchMessage=0/0 fopen=0 fread=0 module="C:\Mac\Home\Documents\mxd\BeiDou-Server\clien\IndexedDamageNumberCompat.dll"
2026-09-23 17:38:35.372 [seq=30] [tid=2360] event=hook_summary total=12 CreateFileW=1 CreateFileA=0 _lopen=0 FindFirstFileA=0 GetProcAddress=0 Mapping=1/0/1 ReadFile=1 CloseHandle=1 ExceptionFilter=1 Exit=1/1 FatalAppExit=0/1 LoadLibrary=1/1/0 MessageBox=1/0 Ex=0/0 Indirect=0/0 DispatchMessage=0/0 fopen=0 fread=0 module="C:\Mac\Home\Documents\mxd\BeiDou-Server\clien\nmconew.dll"
2026-09-23 17:38:35.374 [seq=31] [tid=2360] event=module_load api=LoadLibraryW status=ok module=0E630000 error=0 path="C:\Mac\Home\Documents\mxd\BeiDou-Server\clien\nmconew.dll"
2026-09-23 17:38:35.384 [seq=32] [tid=2360] event=module_load api=LoadLibraryA status=ok module=50C00000 error=0 path="PCOM.DLL"
2026-09-23 17:38:35.387 [seq=33] [tid=2360] event=hook_summary total=3 CreateFileW=0 CreateFileA=0 _lopen=0 FindFirstFileA=0 GetProcAddress=0 Mapping=0/0/0 ReadFile=0 CloseHandle=0 ExceptionFilter=0 Exit=0/0 FatalAppExit=0/0 LoadLibrary=0/1/0 MessageBox=0/0 Ex=0/0 Indirect=0/0 DispatchMessage=0/0 fopen=1 fread=1 module="C:\Mac\Home\Documents\mxd\BeiDou-Server\clien\PCOM.DLL"
2026-09-23 17:38:35.862 [seq=34] [tid=2152] event=health cpu_core_pct=63.0 working_set_mb=48 commit_mb=39 handles=330 gdi=9 user=9 window=missing last_resource="(none)" resource_offset=0 resource_bytes=0 resource_age_ms=0
2026-09-23 17:38:35.942 [seq=35] [tid=2360] event=module_load api=LoadLibraryA status=ok module=51000000 error=0 path="C:/Mac/Home/Documents/mxd/BeiDou-Server/clien/RESMAN.DLL"
2026-09-23 17:38:35.946 [seq=36] [tid=2360] event=hook_summary total=1 CreateFileW=0 CreateFileA=0 _lopen=0 FindFirstFileA=0 GetProcAddress=0 Mapping=0/0/0 ReadFile=0 CloseHandle=0 ExceptionFilter=0 Exit=0/0 FatalAppExit=0/0 LoadLibrary=0/1/0 MessageBox=0/0 Ex=0/0 Indirect=0/0 DispatchMessage=0/0 fopen=0 fread=0 module="C:\Mac\Home\Documents\mxd\BeiDou-Server\clien\RESMAN.DLL"
2026-09-23 17:38:35.956 [seq=37] [tid=2360] event=module_load api=LoadLibraryA status=ok module=50800000 error=0 path="C:/Mac/Home/Documents/mxd/BeiDou-Server/clien/NAMESPACE.DLL"
2026-09-23 17:38:35.960 [seq=38] [tid=2360] event=hook_summary total=4 CreateFileW=0 CreateFileA=0 _lopen=0 FindFirstFileA=0 GetProcAddress=0 Mapping=1/1/1 ReadFile=0 CloseHandle=0 ExceptionFilter=0 Exit=0/0 FatalAppExit=0/0 LoadLibrary=0/1/0 MessageBox=0/0 Ex=0/0 Indirect=0/0 DispatchMessage=0/0 fopen=0 fread=0 module="C:\Mac\Home\Documents\mxd\BeiDou-Server\clien\NAMESPACE.DLL"
2026-09-23 17:38:35.969 [seq=39] [tid=2360] event=module_load api=LoadLibraryA status=ok module=50400000 error=0 path="C:/Mac/Home/Documents/mxd/BeiDou-Server/clien/GR2D_DX8.DLL"
2026-09-23 17:38:35.973 [seq=40] [tid=2360] event=hook_summary total=2 CreateFileW=0 CreateFileA=0 _lopen=0 FindFirstFileA=0 GetProcAddress=1 Mapping=0/0/0 ReadFile=0 CloseHandle=0 ExceptionFilter=0 Exit=0/0 FatalAppExit=0/0 LoadLibrary=0/1/0 MessageBox=0/0 Ex=0/0 Indirect=0/0 DispatchMessage=0/0 fopen=0 fread=0 module="C:\Mac\Home\Documents\mxd\BeiDou-Server\clien\GR2D_DX8.DLL"
2026-09-23 17:38:36.007 [seq=41] [tid=2360] event=module_load api=LoadLibraryA status=ok module=70B00000 error=0 path="D3D8.DLL"
2026-09-23 17:38:36.033 [seq=42] [tid=2360] event=module_load api=LoadLibraryA status=ok module=50C00000 error=0 path="PCOM.DLL"
2026-09-23 17:38:36.037 [seq=43] [tid=2360] event=hook_summary total=1 CreateFileW=0 CreateFileA=0 _lopen=0 FindFirstFileA=0 GetProcAddress=1 Mapping=0/0/0 ReadFile=0 CloseHandle=0 ExceptionFilter=0 Exit=0/0 FatalAppExit=0/0 LoadLibrary=0/0/0 MessageBox=0/0 Ex=0/0 Indirect=0/0 DispatchMessage=0/0 fopen=0 fread=0 module="C:\Mac\Home\Documents\mxd\BeiDou-Server\clien\GR2D_DX8.DLL"
2026-09-23 17:38:36.044 [seq=44] [tid=2360] event=module_load api=LoadLibraryA status=ok module=51400000 error=0 path="C:/Mac/Home/Documents/mxd/BeiDou-Server/clien/SHAPE2D.DLL"
2026-09-23 17:38:36.050 [seq=45] [tid=2360] event=hook_summary total=1 CreateFileW=0 CreateFileA=0 _lopen=0 FindFirstFileA=0 GetProcAddress=0 Mapping=0/0/0 ReadFile=0 CloseHandle=0 ExceptionFilter=0 Exit=0/0 FatalAppExit=0/0 LoadLibrary=0/1/0 MessageBox=0/0 Ex=0/0 Indirect=0/0 DispatchMessage=0/0 fopen=0 fread=0 module="C:\Mac\Home\Documents\mxd\BeiDou-Server\clien\SHAPE2D.DLL"
2026-09-23 17:38:36.360 [seq=46] [tid=2360] event=module_load api=LoadLibraryA status=ok module=50000000 error=0 path="C:/Mac/Home/Documents/mxd/BeiDou-Server/clien/CANVAS.DLL"
2026-09-23 17:38:36.373 [seq=47] [tid=2360] event=hook_summary total=3 CreateFileW=0 CreateFileA=0 _lopen=0 FindFirstFileA=0 GetProcAddress=0 Mapping=0/0/0 ReadFile=0 CloseHandle=0 ExceptionFilter=0 Exit=0/0 FatalAppExit=0/0 LoadLibrary=0/1/0 MessageBox=0/0 Ex=0/0 Indirect=0/0 DispatchMessage=0/0 fopen=1 fread=1 module="C:\Mac\Home\Documents\mxd\BeiDou-Server\clien\CANVAS.DLL"
2026-09-23 17:38:36.379 [seq=48] [tid=2360] event=hook_summary total=1 CreateFileW=0 CreateFileA=0 _lopen=0 FindFirstFileA=0 GetProcAddress=0 Mapping=0/0/0 ReadFile=0 CloseHandle=0 ExceptionFilter=0 Exit=0/0 FatalAppExit=0/0 LoadLibrary=0/1/0 MessageBox=0/0 Ex=0/0 Indirect=0/0 DispatchMessage=0/0 fopen=0 fread=0 module="C:\Mac\Home\Documents\mxd\BeiDou-Server\clien\ZLZ.dll"
2026-09-23 17:38:36.570 [seq=49] [tid=2360] event=module_load api=LoadLibraryA status=ok module=50C00000 error=0 path="PCOM.DLL"
2026-09-23 17:38:36.592 [seq=50] [tid=2360] event=resource_open api=fopen status=ok stream=761EC660 mode=rb path="C:\Mac\Home\Documents\mxd\BeiDou-Server\clien\List.wz"
2026-09-23 17:38:36.608 [seq=51] [tid=2360] event=module_load api=LoadLibraryA status=ok module=50C00000 error=0 path="PCOM.DLL"
2026-09-23 17:38:36.617 [seq=52] [tid=2360] event=resource_open api=fopen status=ok stream=761EC660 mode=rb path="C:\Mac\Home\Documents\mxd\BeiDou-Server\clien\List.wz"
2026-09-23 17:38:36.974 [seq=53] [tid=2360] event=module_load api=LoadLibraryA status=ok module=51800000 error=0 path="C:/Mac/Home/Documents/mxd/BeiDou-Server/clien/SOUND_DX8.DLL"
2026-09-23 17:38:36.985 [seq=54] [tid=2360] event=hook_summary total=4 CreateFileW=0 CreateFileA=0 _lopen=0 FindFirstFileA=0 GetProcAddress=0 Mapping=1/1/1 ReadFile=0 CloseHandle=0 ExceptionFilter=0 Exit=0/0 FatalAppExit=0/0 LoadLibrary=0/1/0 MessageBox=0/0 Ex=0/0 Indirect=0/0 DispatchMessage=0/0 fopen=0 fread=0 module="C:\Mac\Home\Documents\mxd\BeiDou-Server\clien\SOUND_DX8.DLL"
2026-09-23 17:38:37.012 [seq=55] [tid=2360] event=module_load api=LoadLibraryA status=ok module=12910000 error=0 path="C:\Mac\Home\Documents\mxd\BeiDou-Server\clien\l3codeca.acm"
2026-09-23 17:38:37.017 [seq=56] [tid=2360] event=hook_summary total=5 CreateFileW=0 CreateFileA=0 _lopen=0 FindFirstFileA=0 GetProcAddress=0 Mapping=0/0/0 ReadFile=0 CloseHandle=1 ExceptionFilter=1 Exit=1/1 FatalAppExit=0/0 LoadLibrary=0/1/0 MessageBox=0/0 Ex=0/0 Indirect=0/0 DispatchMessage=0/0 fopen=0 fread=0 module="C:\Mac\Home\Documents\mxd\BeiDou-Server\clien\l3codeca.acm"
2026-09-23 17:40:02.047 [seq=57] [tid=2360] event=module_load api=LoadLibraryA status=ok module=22A80000 error=0 path="WzFlashRenderer.dll"
2026-09-23 17:40:02.048 [seq=58] [tid=2360] event=flash_renderer_exports module=22A80000 InitializeFlash=22A816B0 InitializeFlashbyDevice=22A813D0 IsRenderFlash=22A81570 LoadMediaFile=22A81480 ReleaseFlash=22A81000 RenderFlash=22A814F0
2026-09-23 17:40:02.060 [seq=59] [tid=2360] event=hook_summary total=3 CreateFileW=0 CreateFileA=0 _lopen=0 FindFirstFileA=0 GetProcAddress=0 Mapping=0/0/0 ReadFile=0 CloseHandle=0 ExceptionFilter=0 Exit=1/0 FatalAppExit=0/0 LoadLibrary=0/1/0 MessageBox=0/1 Ex=0/0 Indirect=0/0 DispatchMessage=0/0 fopen=0 fread=0 module="C:\Mac\Home\Documents\mxd\BeiDou-Server\clien\WzFlashRenderer.dll"
2026-09-23 17:40:02.063 [seq=60] [tid=2360] event=hook_summary total=9 CreateFileW=1 CreateFileA=1 _lopen=0 FindFirstFileA=1 GetProcAddress=0 Mapping=0/0/0 ReadFile=1 CloseHandle=1 ExceptionFilter=1 Exit=1/1 FatalAppExit=0/0 LoadLibrary=0/1/0 MessageBox=0/0 Ex=0/0 Indirect=0/0 DispatchMessage=0/0 fopen=0 fread=0 module="C:\Mac\Home\Documents\mxd\BeiDou-Server\clien\MSVCR71.dll"
2026-09-23 17:40:02.064 [seq=61] [tid=2360] event=hook_summary total=1 CreateFileW=0 CreateFileA=0 _lopen=0 FindFirstFileA=0 GetProcAddress=0 Mapping=0/0/0 ReadFile=0 CloseHandle=0 ExceptionFilter=0 Exit=1/0 FatalAppExit=0/0 LoadLibrary=0/0/0 MessageBox=0/0 Ex=0/0 Indirect=0/0 DispatchMessage=0/0 fopen=0 fread=0 module="C:\Mac\Home\Documents\mxd\BeiDou-Server\clien\MSVCP71.dll"
2026-09-23 17:40:02.065 [seq=62] [tid=2360] event=flash_render_guard status=installed module=22A80000 render=22A814F0 movie_slot=22AEE088 path="C:\Mac\Home\Documents\mxd\BeiDou-Server\clien\WzFlashRenderer.dll"
2026-09-23 17:40:19.673 [seq=63] [tid=2360] event=resource_search status=failed handle=FFFFFFFF error=2 pattern="C:\Mac\Home\Documents\mxd\BeiDou-Server\clien\*.mix"
2026-09-23 17:40:19.675 [seq=64] [tid=2360] event=resource_search status=failed handle=FFFFFFFF error=3 pattern="C:\Mac\Home\Documents\mxd\BeiDou-Server\clien\./redist/*.mix"
2026-09-23 17:40:19.676 [seq=65] [tid=2360] event=resource_search status=failed handle=FFFFFFFF error=2 pattern="C:\Mac\Home\Documents\mxd\BeiDou-Server\clien\*.asi"
2026-09-23 17:40:19.677 [seq=66] [tid=2360] event=resource_search status=failed handle=FFFFFFFF error=3 pattern="C:\Mac\Home\Documents\mxd\BeiDou-Server\clien\./redist/*.asi"
2026-09-23 17:40:19.678 [seq=67] [tid=2360] event=resource_search status=failed handle=FFFFFFFF error=2 pattern="C:\Mac\Home\Documents\mxd\BeiDou-Server\clien\*.flt"
2026-09-23 17:40:19.679 [seq=68] [tid=2360] event=resource_search status=failed handle=FFFFFFFF error=3 pattern="C:\Mac\Home\Documents\mxd\BeiDou-Server\clien\./redist/*.flt"
2026-09-23 17:40:19.682 [seq=69] [tid=2360] event=module_load api=LoadLibraryA status=ok module=70360000 error=0 path="DSOUND.DLL"
2026-09-23 17:40:23.161 [seq=70] [tid=2152] event=health cpu_core_pct=67.6 working_set_mb=57 commit_mb=44 handles=419 gdi=15 user=23 window=responsive last_resource="(none)" resource_offset=0 resource_bytes=0 resource_age_ms=0
2026-09-23 17:40:24.168 [seq=71] [tid=2152] event=health cpu_core_pct=93.2 working_set_mb=428 commit_mb=314 handles=2326 gdi=55 user=21 window=responsive last_resource="(none)" resource_offset=0 resource_bytes=0 resource_age_ms=0
2026-09-23 17:40:25.173 [seq=72] [tid=2152] event=health cpu_core_pct=32.2 working_set_mb=428 commit_mb=314 handles=2326 gdi=55 user=21 window=responsive last_resource="(none)" resource_offset=0 resource_bytes=0 resource_age_ms=0
2026-09-23 17:40:26.183 [seq=73] [tid=2152] event=health cpu_core_pct=50.0 working_set_mb=429 commit_mb=315 handles=2326 gdi=55 user=21 window=responsive last_resource="(none)" resource_offset=0 resource_bytes=0 resource_age_ms=0
2026-09-23 17:40:27.195 [seq=74] [tid=2152] event=health cpu_core_pct=50.8 working_set_mb=429 commit_mb=315 handles=2326 gdi=55 user=21 window=responsive last_resource="(none)" resource_offset=0 resource_bytes=0 resource_age_ms=0
2026-09-23 17:40:28.215 [seq=75] [tid=2152] event=health cpu_core_pct=46.1 working_set_mb=429 commit_mb=315 handles=2326 gdi=55 user=21 window=responsive last_resource="(none)" resource_offset=0 resource_bytes=0 resource_age_ms=0
2026-09-23 17:40:29.222 [seq=76] [tid=2152] event=health cpu_core_pct=52.3 working_set_mb=429 commit_mb=315 handles=2326 gdi=55 user=21 window=responsive last_resource="(none)" resource_offset=0 resource_bytes=0 resource_age_ms=0
2026-09-23 17:40:30.229 [seq=77] [tid=2152] event=health cpu_core_pct=50.0 working_set_mb=429 commit_mb=315 handles=2326 gdi=55 user=21 window=responsive last_resource="(none)" resource_offset=0 resource_bytes=0 resource_age_ms=0
2026-09-23 17:40:31.235 [seq=78] [tid=2152] event=health cpu_core_pct=44.5 working_set_mb=429 commit_mb=315 handles=2326 gdi=55 user=21 window=responsive last_resource="(none)" resource_offset=0 resource_bytes=0 resource_age_ms=0
2026-09-23 17:40:32.240 [seq=79] [tid=2152] event=health cpu_core_pct=51.5 working_set_mb=429 commit_mb=315 handles=2326 gdi=55 user=21 window=responsive last_resource="(none)" resource_offset=0 resource_bytes=0 resource_age_ms=0
2026-09-23 17:40:33.248 [seq=80] [tid=2152] event=health cpu_core_pct=54.6 working_set_mb=429 commit_mb=315 handles=2326 gdi=55 user=21 window=responsive last_resource="(none)" resource_offset=0 resource_bytes=0 resource_age_ms=0
2026-09-23 17:40:34.253 [seq=81] [tid=2152] event=health cpu_core_pct=56.9 working_set_mb=429 commit_mb=315 handles=2326 gdi=55 user=21 window=responsive last_resource="(none)" resource_offset=0 resource_bytes=0 resource_age_ms=0
2026-09-23 17:40:35.307 [seq=82] [tid=2152] event=health cpu_core_pct=43.1 working_set_mb=429 commit_mb=315 handles=2326 gdi=55 user=21 window=responsive last_resource="(none)" resource_offset=0 resource_bytes=0 resource_age_ms=0
2026-09-23 17:40:36.318 [seq=83] [tid=2152] event=health cpu_core_pct=43.2 working_set_mb=429 commit_mb=315 handles=2326 gdi=55 user=21 window=responsive last_resource="(none)" resource_offset=0 resource_bytes=0 resource_age_ms=0
2026-09-23 17:40:37.323 [seq=84] [tid=2152] event=health cpu_core_pct=53.1 working_set_mb=429 commit_mb=315 handles=2326 gdi=55 user=21 window=responsive last_resource="(none)" resource_offset=0 resource_bytes=0 resource_age_ms=0
2026-09-23 17:40:38.350 [seq=85] [tid=2152] event=health cpu_core_pct=58.4 working_set_mb=429 commit_mb=315 handles=2326 gdi=55 user=21 window=responsive last_resource="(none)" resource_offset=0 resource_bytes=0 resource_age_ms=0
2026-09-23 17:40:39.470 [seq=86] [tid=2152] event=health cpu_core_pct=52.2 working_set_mb=429 commit_mb=315 handles=2326 gdi=55 user=21 window=responsive last_resource="(none)" resource_offset=0 resource_bytes=0 resource_age_ms=0
2026-09-23 17:40:40.476 [seq=87] [tid=2152] event=health cpu_core_pct=52.8 working_set_mb=429 commit_mb=315 handles=2326 gdi=55 user=21 window=responsive last_resource="(none)" resource_offset=0 resource_bytes=0 resource_age_ms=0
2026-09-23 17:40:41.669 [seq=88] [tid=2152] event=health cpu_core_pct=40.6 working_set_mb=429 commit_mb=315 handles=2326 gdi=55 user=21 window=responsive last_resource="(none)" resource_offset=0 resource_bytes=0 resource_age_ms=0
2026-09-23 17:40:42.685 [seq=89] [tid=2152] event=health cpu_core_pct=71.3 working_set_mb=429 commit_mb=315 handles=2326 gdi=55 user=21 window=responsive last_resource="(none)" resource_offset=0 resource_bytes=0 resource_age_ms=0
2026-09-23 17:40:43.692 [seq=90] [tid=2152] event=health cpu_core_pct=55.4 working_set_mb=429 commit_mb=315 handles=2326 gdi=55 user=21 window=responsive last_resource="(none)" resource_offset=0 resource_bytes=0 resource_age_ms=0
2026-09-23 17:40:44.699 [seq=91] [tid=2152] event=health cpu_core_pct=53.1 working_set_mb=429 commit_mb=315 handles=2326 gdi=55 user=21 window=responsive last_resource="(none)" resource_offset=0 resource_bytes=0 resource_age_ms=0
2026-09-23 17:40:45.708 [seq=92] [tid=2152] event=health cpu_core_pct=44.5 working_set_mb=429 commit_mb=315 handles=2326 gdi=55 user=21 window=responsive last_resource="(none)" resource_offset=0 resource_bytes=0 resource_age_ms=0
2026-09-23 17:40:46.718 [seq=93] [tid=2152] event=health cpu_core_pct=54.6 working_set_mb=429 commit_mb=315 handles=2326 gdi=55 user=21 window=responsive last_resource="(none)" resource_offset=0 resource_bytes=0 resource_age_ms=0
2026-09-23 17:40:47.725 [seq=94] [tid=2152] event=health cpu_core_pct=47.7 working_set_mb=429 commit_mb=315 handles=2326 gdi=55 user=21 window=responsive last_resource="(none)" resource_offset=0 resource_bytes=0 resource_age_ms=0
2026-09-23 17:40:48.729 [seq=95] [tid=2152] event=health cpu_core_pct=50.0 working_set_mb=429 commit_mb=315 handles=2326 gdi=55 user=21 window=responsive last_resource="(none)" resource_offset=0 resource_bytes=0 resource_age_ms=0
2026-09-23 17:40:49.734 [seq=96] [tid=2152] event=health cpu_core_pct=47.6 working_set_mb=429 commit_mb=315 handles=2326 gdi=55 user=21 window=responsive last_resource="(none)" resource_offset=0 resource_bytes=0 resource_age_ms=0
2026-09-23 17:40:50.741 [seq=97] [tid=2152] event=health cpu_core_pct=68.7 working_set_mb=429 commit_mb=315 handles=2326 gdi=55 user=21 window=responsive last_resource="(none)" resource_offset=0 resource_bytes=0 resource_age_ms=0
2026-09-23 17:40:51.748 [seq=98] [tid=2152] event=health cpu_core_pct=56.2 working_set_mb=429 commit_mb=315 handles=2326 gdi=55 user=21 window=responsive last_resource="(none)" resource_offset=0 resource_bytes=0 resource_age_ms=0
2026-09-23 17:40:52.758 [seq=99] [tid=2152] event=health cpu_core_pct=47.6 working_set_mb=429 commit_mb=315 handles=2326 gdi=55 user=21 window=responsive last_resource="(none)" resource_offset=0 resource_bytes=0 resource_age_ms=0
2026-09-23 17:40:53.763 [seq=100] [tid=2152] event=health cpu_core_pct=56.9 working_set_mb=429 commit_mb=315 handles=2326 gdi=55 user=21 window=responsive last_resource="(none)" resource_offset=0 resource_bytes=0 resource_age_ms=0
2026-09-23 17:40:54.774 [seq=101] [tid=2152] event=health cpu_core_pct=51.5 working_set_mb=429 commit_mb=315 handles=2326 gdi=55 user=21 window=responsive last_resource="(none)" resource_offset=0 resource_bytes=0 resource_age_ms=0
2026-09-23 17:40:55.778 [seq=102] [tid=2152] event=health cpu_core_pct=41.5 working_set_mb=429 commit_mb=315 handles=2326 gdi=55 user=21 window=responsive last_resource="(none)" resource_offset=0 resource_bytes=0 resource_age_ms=0
2026-09-23 17:40:56.795 [seq=103] [tid=2152] event=health cpu_core_pct=60.9 working_set_mb=430 commit_mb=315 handles=2326 gdi=55 user=21 window=responsive last_resource="(none)" resource_offset=0 resource_bytes=0 resource_age_ms=0
2026-09-23 17:40:57.845 [seq=104] [tid=2152] event=health cpu_core_pct=39.9 working_set_mb=430 commit_mb=315 handles=2326 gdi=55 user=21 window=responsive last_resource="(none)" resource_offset=0 resource_bytes=0 resource_age_ms=0
2026-09-23 17:40:58.849 [seq=105] [tid=2152] event=health cpu_core_pct=47.8 working_set_mb=430 commit_mb=315 handles=2326 gdi=55 user=21 window=responsive last_resource="(none)" resource_offset=0 resource_bytes=0 resource_age_ms=0
2026-09-23 17:40:59.862 [seq=106] [tid=2152] event=health cpu_core_pct=67.1 working_set_mb=430 commit_mb=315 handles=2326 gdi=55 user=21 window=responsive last_resource="(none)" resource_offset=0 resource_bytes=0 resource_age_ms=0
2026-09-23 17:41:01.037 [seq=107] [tid=2152] event=health cpu_core_pct=53.7 working_set_mb=430 commit_mb=315 handles=2326 gdi=55 user=21 window=responsive last_resource="(none)" resource_offset=0 resource_bytes=0 resource_age_ms=0
2026-09-23 17:41:02.044 [seq=108] [tid=2152] event=health cpu_core_pct=45.1 working_set_mb=430 commit_mb=315 handles=2326 gdi=55 user=21 window=responsive last_resource="(none)" resource_offset=0 resource_bytes=0 resource_age_ms=0
2026-09-23 17:41:03.220 [seq=109] [tid=2152] event=health cpu_core_pct=57.3 working_set_mb=430 commit_mb=315 handles=2326 gdi=55 user=21 window=responsive last_resource="(none)" resource_offset=0 resource_bytes=0 resource_age_ms=0
2026-09-23 17:41:04.237 [seq=110] [tid=2152] event=health cpu_core_pct=55.5 working_set_mb=430 commit_mb=315 handles=2326 gdi=55 user=21 window=responsive last_resource="(none)" resource_offset=0 resource_bytes=0 resource_age_ms=0
2026-09-23 17:41:05.251 [seq=111] [tid=2152] event=health cpu_core_pct=44.5 working_set_mb=429 commit_mb=315 handles=2311 gdi=55 user=21 window=responsive last_resource="(none)" resource_offset=0 resource_bytes=0 resource_age_ms=0
2026-09-23 17:41:06.524 [seq=112] [tid=2152] event=health cpu_core_pct=60.6 working_set_mb=429 commit_mb=315 handles=2311 gdi=55 user=21 window=responsive last_resource="(none)" resource_offset=0 resource_bytes=0 resource_age_ms=0
2026-09-23 17:41:07.532 [seq=113] [tid=2152] event=health cpu_core_pct=51.8 working_set_mb=429 commit_mb=315 handles=2311 gdi=55 user=21 window=responsive last_resource="(none)" resource_offset=0 resource_bytes=0 resource_age_ms=0
2026-09-23 17:41:08.539 [seq=114] [tid=2152] event=health cpu_core_pct=50.0 working_set_mb=429 commit_mb=315 handles=2311 gdi=55 user=21 window=responsive last_resource="(none)" resource_offset=0 resource_bytes=0 resource_age_ms=0
2026-09-23 17:41:09.546 [seq=115] [tid=2152] event=health cpu_core_pct=35.3 working_set_mb=429 commit_mb=315 handles=2311 gdi=55 user=21 window=responsive last_resource="(none)" resource_offset=0 resource_bytes=0 resource_age_ms=0
2026-09-23 17:41:10.553 [seq=116] [tid=2152] event=health cpu_core_pct=39.0 working_set_mb=429 commit_mb=315 handles=2311 gdi=55 user=21 window=responsive last_resource="(none)" resource_offset=0 resource_bytes=0 resource_age_ms=0
2026-09-23 17:41:11.561 [seq=117] [tid=2152] event=health cpu_core_pct=45.3 working_set_mb=429 commit_mb=315 handles=2311 gdi=55 user=21 window=responsive last_resource="(none)" resource_offset=0 resource_bytes=0 resource_age_ms=0
2026-09-23 17:41:12.565 [seq=118] [tid=2152] event=health cpu_core_pct=55.4 working_set_mb=429 commit_mb=315 handles=2311 gdi=55 user=21 window=responsive last_resource="(none)" resource_offset=0 resource_bytes=0 resource_age_ms=0
2026-09-23 17:41:13.572 [seq=119] [tid=2152] event=health cpu_core_pct=56.2 working_set_mb=429 commit_mb=315 handles=2311 gdi=55 user=21 window=responsive last_resource="(none)" resource_offset=0 resource_bytes=0 resource_age_ms=0
2026-09-23 17:41:14.580 [seq=120] [tid=2152] event=health cpu_core_pct=66.1 working_set_mb=429 commit_mb=315 handles=2311 gdi=55 user=21 window=responsive last_resource="(none)" resource_offset=0 resource_bytes=0 resource_age_ms=0
2026-09-23 17:41:15.595 [seq=121] [tid=2152] event=health cpu_core_pct=53.1 working_set_mb=429 commit_mb=315 handles=2311 gdi=55 user=21 window=responsive last_resource="(none)" resource_offset=0 resource_bytes=0 resource_age_ms=0
2026-09-23 17:41:16.602 [seq=122] [tid=2152] event=health cpu_core_pct=50.8 working_set_mb=429 commit_mb=315 handles=2311 gdi=55 user=21 window=responsive last_resource="(none)" resource_offset=0 resource_bytes=0 resource_age_ms=0
2026-09-23 17:41:17.739 [seq=123] [tid=2152] event=health cpu_core_pct=49.9 working_set_mb=429 commit_mb=315 handles=2311 gdi=55 user=21 window=responsive last_resource="(none)" resource_offset=0 resource_bytes=0 resource_age_ms=0
2026-09-23 17:41:18.788 [seq=124] [tid=2152] event=health cpu_core_pct=43.2 working_set_mb=429 commit_mb=315 handles=2311 gdi=55 user=21 window=responsive last_resource="(none)" resource_offset=0 resource_bytes=0 resource_age_ms=0
2026-09-23 17:41:19.798 [seq=125] [tid=2152] event=health cpu_core_pct=39.9 working_set_mb=429 commit_mb=315 handles=2310 gdi=55 user=21 window=responsive last_resource="(none)" resource_offset=0 resource_bytes=0 resource_age_ms=0
2026-09-23 17:41:20.806 [seq=126] [tid=2152] event=health cpu_core_pct=68.7 working_set_mb=429 commit_mb=315 handles=2310 gdi=55 user=21 window=responsive last_resource="(none)" resource_offset=0 resource_bytes=0 resource_age_ms=0
2026-09-23 17:41:21.817 [seq=127] [tid=2152] event=health cpu_core_pct=47.7 working_set_mb=429 commit_mb=315 handles=2310 gdi=55 user=21 window=responsive last_resource="(none)" resource_offset=0 resource_bytes=0 resource_age_ms=0
2026-09-23 17:41:22.822 [seq=128] [tid=2152] event=health cpu_core_pct=50.0 working_set_mb=429 commit_mb=315 handles=2310 gdi=55 user=21 window=responsive last_resource="(none)" resource_offset=0 resource_bytes=0 resource_age_ms=0
2026-09-23 17:41:23.829 [seq=129] [tid=2152] event=health cpu_core_pct=41.5 working_set_mb=429 commit_mb=315 handles=2310 gdi=55 user=21 window=responsive last_resource="(none)" resource_offset=0 resource_bytes=0 resource_age_ms=0
2026-09-23 17:41:24.836 [seq=130] [tid=2152] event=health cpu_core_pct=46.8 working_set_mb=429 commit_mb=315 handles=2310 gdi=55 user=21 window=responsive last_resource="(none)" resource_offset=0 resource_bytes=0 resource_age_ms=0
2026-09-23 17:41:25.843 [seq=131] [tid=2152] event=health cpu_core_pct=43.1 working_set_mb=429 commit_mb=315 handles=2310 gdi=55 user=21 window=responsive last_resource="(none)" resource_offset=0 resource_bytes=0 resource_age_ms=0
2026-09-23 17:41:26.850 [seq=132] [tid=2152] event=health cpu_core_pct=62.5 working_set_mb=429 commit_mb=315 handles=2310 gdi=55 user=21 window=responsive last_resource="(none)" resource_offset=0 resource_bytes=0 resource_age_ms=0
2026-09-23 17:41:27.867 [seq=133] [tid=2152] event=health cpu_core_pct=55.3 working_set_mb=429 commit_mb=315 handles=2310 gdi=55 user=21 window=responsive last_resource="(none)" resource_offset=0 resource_bytes=0 resource_age_ms=0
2026-09-23 17:41:28.883 [seq=134] [tid=2152] event=health cpu_core_pct=46.8 working_set_mb=429 commit_mb=315 handles=2310 gdi=55 user=21 window=responsive last_resource="(none)" resource_offset=0 resource_bytes=0 resource_age_ms=0
2026-09-23 17:41:29.890 [seq=135] [tid=2152] event=health cpu_core_pct=48.4 working_set_mb=429 commit_mb=315 handles=2310 gdi=55 user=21 window=responsive last_resource="(none)" resource_offset=0 resource_bytes=0 resource_age_ms=0
2026-09-23 17:41:30.896 [seq=136] [tid=2152] event=health cpu_core_pct=32.8 working_set_mb=429 commit_mb=315 handles=2310 gdi=55 user=21 window=responsive last_resource="(none)" resource_offset=0 resource_bytes=0 resource_age_ms=0
2026-09-23 17:41:31.902 [seq=137] [tid=2152] event=health cpu_core_pct=45.3 working_set_mb=429 commit_mb=315 handles=2310 gdi=55 user=21 window=responsive last_resource="(none)" resource_offset=0 resource_bytes=0 resource_age_ms=0
2026-09-23 17:41:32.911 [seq=138] [tid=2152] event=health cpu_core_pct=43.0 working_set_mb=429 commit_mb=315 handles=2310 gdi=55 user=21 window=responsive last_resource="(none)" resource_offset=0 resource_bytes=0 resource_age_ms=0
2026-09-23 17:41:33.919 [seq=139] [tid=2152] event=health cpu_core_pct=56.2 working_set_mb=429 commit_mb=315 handles=2310 gdi=55 user=21 window=responsive last_resource="(none)" resource_offset=0 resource_bytes=0 resource_age_ms=0
2026-09-23 17:41:34.926 [seq=140] [tid=2152] event=health cpu_core_pct=50.7 working_set_mb=430 commit_mb=315 handles=2310 gdi=55 user=21 window=responsive last_resource="(none)" resource_offset=0 resource_bytes=0 resource_age_ms=0
2026-09-23 17:41:35.930 [seq=141] [tid=2152] event=health cpu_core_pct=50.0 working_set_mb=430 commit_mb=315 handles=2310 gdi=55 user=21 window=responsive last_resource="(none)" resource_offset=0 resource_bytes=0 resource_age_ms=0
2026-09-23 17:41:36.937 [seq=142] [tid=2152] event=health cpu_core_pct=30.7 working_set_mb=430 commit_mb=315 handles=2310 gdi=55 user=21 window=responsive last_resource="(none)" resource_offset=0 resource_bytes=0 resource_age_ms=0
2026-09-23 17:41:37.946 [seq=143] [tid=2152] event=health cpu_core_pct=37.5 working_set_mb=430 commit_mb=315 handles=2310 gdi=55 user=21 window=responsive last_resource="(none)" resource_offset=0 resource_bytes=0 resource_age_ms=0
2026-09-23 17:41:38.953 [seq=144] [tid=2152] event=health cpu_core_pct=58.4 working_set_mb=430 commit_mb=315 handles=2310 gdi=55 user=21 window=responsive last_resource="(none)" resource_offset=0 resource_bytes=0 resource_age_ms=0
2026-09-23 17:41:39.960 [seq=145] [tid=2152] event=health cpu_core_pct=60.9 working_set_mb=430 commit_mb=315 handles=2310 gdi=55 user=21 window=responsive last_resource="(none)" resource_offset=0 resource_bytes=0 resource_age_ms=0
2026-09-23 17:41:40.967 [seq=146] [tid=2152] event=health cpu_core_pct=56.2 working_set_mb=430 commit_mb=315 handles=2310 gdi=55 user=21 window=responsive last_resource="(none)" resource_offset=0 resource_bytes=0 resource_age_ms=0
2026-09-23 17:41:41.973 [seq=147] [tid=2152] event=health cpu_core_pct=56.9 working_set_mb=430 commit_mb=315 handles=2310 gdi=55 user=21 window=responsive last_resource="(none)" resource_offset=0 resource_bytes=0 resource_age_ms=0
2026-09-23 17:41:42.990 [seq=148] [tid=2152] event=health cpu_core_pct=34.3 working_set_mb=430 commit_mb=315 handles=2310 gdi=55 user=21 window=responsive last_resource="(none)" resource_offset=0 resource_bytes=0 resource_age_ms=0
2026-09-23 17:41:44.003 [seq=149] [tid=2152] event=health cpu_core_pct=52.2 working_set_mb=430 commit_mb=315 handles=2310 gdi=55 user=21 window=responsive last_resource="(none)" resource_offset=0 resource_bytes=0 resource_age_ms=0
2026-09-23 17:41:45.013 [seq=150] [tid=2152] event=health cpu_core_pct=44.5 working_set_mb=430 commit_mb=315 handles=2310 gdi=55 user=21 window=responsive last_resource="(none)" resource_offset=0 resource_bytes=0 resource_age_ms=0
2026-09-23 17:41:46.021 [seq=151] [tid=2152] event=health cpu_core_pct=41.5 working_set_mb=430 commit_mb=315 handles=2310 gdi=55 user=21 window=responsive last_resource="(none)" resource_offset=0 resource_bytes=0 resource_age_ms=0
2026-09-23 17:41:47.027 [seq=152] [tid=2152] event=health cpu_core_pct=48.4 working_set_mb=430 commit_mb=315 handles=2310 gdi=55 user=21 window=responsive last_resource="(none)" resource_offset=0 resource_bytes=0 resource_age_ms=0
2026-09-23 17:41:48.040 [seq=153] [tid=2152] event=health cpu_core_pct=56.9 working_set_mb=430 commit_mb=315 handles=2310 gdi=55 user=21 window=responsive last_resource="(none)" resource_offset=0 resource_bytes=0 resource_age_ms=0
2026-09-23 17:41:49.046 [seq=154] [tid=2152] event=health cpu_core_pct=49.2 working_set_mb=430 commit_mb=315 handles=2310 gdi=55 user=21 window=responsive last_resource="(none)" resource_offset=0 resource_bytes=0 resource_age_ms=0
2026-09-23 17:41:50.052 [seq=155] [tid=2152] event=health cpu_core_pct=50.0 working_set_mb=430 commit_mb=315 handles=2310 gdi=55 user=21 window=responsive last_resource="(none)" resource_offset=0 resource_bytes=0 resource_age_ms=0
2026-09-23 17:41:51.055 [seq=156] [tid=2152] event=health cpu_core_pct=53.1 working_set_mb=430 commit_mb=315 handles=2310 gdi=55 user=21 window=responsive last_resource="(none)" resource_offset=0 resource_bytes=0 resource_age_ms=0
2026-09-23 17:41:52.062 [seq=157] [tid=2152] event=health cpu_core_pct=47.7 working_set_mb=430 commit_mb=315 handles=2310 gdi=55 user=21 window=responsive last_resource="(none)" resource_offset=0 resource_bytes=0 resource_age_ms=0
2026-09-23 17:41:53.066 [seq=158] [tid=2152] event=health cpu_core_pct=40.6 working_set_mb=430 commit_mb=315 handles=2310 gdi=55 user=21 window=responsive last_resource="(none)" resource_offset=0 resource_bytes=0 resource_age_ms=0
2026-09-23 17:41:54.081 [seq=159] [tid=2152] event=health cpu_core_pct=60.9 working_set_mb=430 commit_mb=315 handles=2310 gdi=55 user=21 window=responsive last_resource="(none)" resource_offset=0 resource_bytes=0 resource_age_ms=0
2026-09-23 17:41:55.091 [seq=160] [tid=2152] event=health cpu_core_pct=61.5 working_set_mb=430 commit_mb=315 handles=2310 gdi=55 user=21 window=responsive last_resource="(none)" resource_offset=0 resource_bytes=0 resource_age_ms=0
2026-09-23 17:41:56.105 [seq=161] [tid=2152] event=health cpu_core_pct=52.3 working_set_mb=429 commit_mb=314 handles=2293 gdi=55 user=21 window=responsive last_resource="(none)" resource_offset=0 resource_bytes=0 resource_age_ms=0
2026-09-23 17:41:57.126 [seq=162] [tid=2152] event=health cpu_core_pct=56.9 working_set_mb=429 commit_mb=314 handles=2293 gdi=55 user=21 window=responsive last_resource="(none)" resource_offset=0 resource_bytes=0 resource_age_ms=0
2026-09-23 17:41:58.164 [seq=163] [tid=2152] event=health cpu_core_pct=44.5 working_set_mb=429 commit_mb=314 handles=2293 gdi=55 user=21 window=responsive last_resource="(none)" resource_offset=0 resource_bytes=0 resource_age_ms=0
2026-09-23 17:41:59.202 [seq=164] [tid=2152] event=health cpu_core_pct=74.6 working_set_mb=430 commit_mb=314 handles=2294 gdi=55 user=21 window=responsive last_resource="(none)" resource_offset=0 resource_bytes=0 resource_age_ms=0
2026-09-23 17:42:00.209 [seq=165] [tid=2152] event=health cpu_core_pct=45.4 working_set_mb=430 commit_mb=314 handles=2294 gdi=55 user=21 window=responsive last_resource="(none)" resource_offset=0 resource_bytes=0 resource_age_ms=0
2026-09-23 17:42:01.222 [seq=166] [tid=2152] event=health cpu_core_pct=45.3 working_set_mb=430 commit_mb=314 handles=2294 gdi=55 user=21 window=responsive last_resource="(none)" resource_offset=0 resource_bytes=0 resource_age_ms=0
2026-09-23 17:42:02.231 [seq=167] [tid=2152] event=health cpu_core_pct=44.6 working_set_mb=430 commit_mb=314 handles=2294 gdi=55 user=21 window=responsive last_resource="(none)" resource_offset=0 resource_bytes=0 resource_age_ms=0
2026-09-23 17:42:03.401 [seq=168] [tid=2152] event=health cpu_core_pct=60.5 working_set_mb=430 commit_mb=314 handles=2294 gdi=55 user=21 window=responsive last_resource="(none)" resource_offset=0 resource_bytes=0 resource_age_ms=0
2026-09-23 17:42:04.410 [seq=169] [tid=2152] event=health cpu_core_pct=59.4 working_set_mb=430 commit_mb=314 handles=2294 gdi=55 user=21 window=responsive last_resource="(none)" resource_offset=0 resource_bytes=0 resource_age_ms=0
2026-09-23 17:42:05.422 [seq=170] [tid=2152] event=health cpu_core_pct=26.5 working_set_mb=430 commit_mb=314 handles=2294 gdi=55 user=21 window=responsive last_resource="(none)" resource_offset=0 resource_bytes=0 resource_age_ms=0
2026-09-23 17:42:06.434 [seq=171] [tid=2152] event=health cpu_core_pct=44.5 working_set_mb=430 commit_mb=314 handles=2294 gdi=55 user=21 window=responsive last_resource="(none)" resource_offset=0 resource_bytes=0 resource_age_ms=0
2026-09-23 17:42:07.441 [seq=172] [tid=2152] event=health cpu_core_pct=49.2 working_set_mb=430 commit_mb=314 handles=2294 gdi=55 user=21 window=responsive last_resource="(none)" resource_offset=0 resource_bytes=0 resource_age_ms=0
2026-09-23 17:42:08.448 [seq=173] [tid=2152] event=health cpu_core_pct=45.3 working_set_mb=430 commit_mb=314 handles=2294 gdi=55 user=21 window=responsive last_resource="(none)" resource_offset=0 resource_bytes=0 resource_age_ms=0
2026-09-23 17:42:09.474 [seq=174] [tid=2152] event=health cpu_core_pct=49.2 working_set_mb=430 commit_mb=314 handles=2294 gdi=55 user=21 window=responsive last_resource="(none)" resource_offset=0 resource_bytes=0 resource_age_ms=0
2026-09-23 17:42:10.482 [seq=175] [tid=2152] event=health cpu_core_pct=43.1 working_set_mb=430 commit_mb=314 handles=2294 gdi=55 user=21 window=responsive last_resource="(none)" resource_offset=0 resource_bytes=0 resource_age_ms=0
2026-09-23 17:42:11.655 [seq=176] [tid=2152] event=health cpu_core_pct=61.6 working_set_mb=430 commit_mb=314 handles=2294 gdi=55 user=21 window=responsive last_resource="(none)" resource_offset=0 resource_bytes=0 resource_age_ms=0
2026-09-23 17:42:12.666 [seq=177] [tid=2152] event=health cpu_core_pct=49.2 working_set_mb=430 commit_mb=314 handles=2294 gdi=55 user=21 window=responsive last_resource="(none)" resource_offset=0 resource_bytes=0 resource_age_ms=0
2026-09-23 17:42:13.681 [seq=178] [tid=2152] event=health cpu_core_pct=53.8 working_set_mb=430 commit_mb=314 handles=2294 gdi=55 user=21 window=responsive last_resource="(none)" resource_offset=0 resource_bytes=0 resource_age_ms=0
2026-09-23 17:42:14.687 [seq=179] [tid=2152] event=health cpu_core_pct=61.5 working_set_mb=430 commit_mb=314 handles=2294 gdi=55 user=21 window=responsive last_resource="(none)" resource_offset=0 resource_bytes=0 resource_age_ms=0
2026-09-23 17:42:15.729 [seq=180] [tid=2152] event=health cpu_core_pct=37.5 working_set_mb=430 commit_mb=314 handles=2294 gdi=55 user=21 window=responsive last_resource="(none)" resource_offset=0 resource_bytes=0 resource_age_ms=0
2026-09-23 17:42:16.732 [seq=181] [tid=2152] event=health cpu_core_pct=47.7 working_set_mb=430 commit_mb=314 handles=2294 gdi=55 user=21 window=responsive last_resource="(none)" resource_offset=0 resource_bytes=0 resource_age_ms=0
2026-09-23 17:42:17.891 [seq=182] [tid=2152] event=health cpu_core_pct=37.5 working_set_mb=430 commit_mb=314 handles=2294 gdi=55 user=21 window=responsive last_resource="(none)" resource_offset=0 resource_bytes=0 resource_age_ms=0
2026-09-23 17:42:18.897 [seq=183] [tid=2152] event=health cpu_core_pct=36.4 working_set_mb=430 commit_mb=314 handles=2294 gdi=55 user=21 window=responsive last_resource="(none)" resource_offset=0 resource_bytes=0 resource_age_ms=0
2026-09-23 17:42:19.911 [seq=184] [tid=2152] event=health cpu_core_pct=39.0 working_set_mb=430 commit_mb=314 handles=2294 gdi=55 user=21 window=responsive last_resource="(none)" resource_offset=0 resource_bytes=0 resource_age_ms=0
2026-09-23 17:42:20.923 [seq=185] [tid=2152] event=health cpu_core_pct=33.8 working_set_mb=430 commit_mb=314 handles=2294 gdi=55 user=21 window=responsive last_resource="(none)" resource_offset=0 resource_bytes=0 resource_age_ms=0
2026-09-23 17:42:21.928 [seq=186] [tid=2152] event=health cpu_core_pct=53.8 working_set_mb=430 commit_mb=314 handles=2294 gdi=55 user=21 window=responsive last_resource="(none)" resource_offset=0 resource_bytes=0 resource_age_ms=0
2026-09-23 17:42:22.939 [seq=187] [tid=2152] event=health cpu_core_pct=43.7 working_set_mb=430 commit_mb=314 handles=2294 gdi=55 user=21 window=responsive last_resource="(none)" resource_offset=0 resource_bytes=0 resource_age_ms=0
2026-09-23 17:42:23.943 [seq=188] [tid=2152] event=health cpu_core_pct=47.7 working_set_mb=430 commit_mb=314 handles=2294 gdi=55 user=21 window=responsive last_resource="(none)" resource_offset=0 resource_bytes=0 resource_age_ms=0
2026-09-23 17:42:24.950 [seq=189] [tid=2152] event=health cpu_core_pct=50.0 working_set_mb=430 commit_mb=314 handles=2294 gdi=55 user=21 window=responsive last_resource="(none)" resource_offset=0 resource_bytes=0 resource_age_ms=0
2026-09-23 17:42:25.957 [seq=190] [tid=2152] event=health cpu_core_pct=47.6 working_set_mb=430 commit_mb=314 handles=2294 gdi=55 user=21 window=responsive last_resource="(none)" resource_offset=0 resource_bytes=0 resource_age_ms=0
2026-09-23 17:42:27.047 [seq=191] [tid=2152] event=health cpu_core_pct=56.2 working_set_mb=430 commit_mb=314 handles=2294 gdi=55 user=21 window=responsive last_resource="(none)" resource_offset=0 resource_bytes=0 resource_age_ms=0
2026-09-23 17:42:28.086 [seq=192] [tid=2152] event=health cpu_core_pct=45.7 working_set_mb=430 commit_mb=314 handles=2294 gdi=55 user=21 window=responsive last_resource="(none)" resource_offset=0 resource_bytes=0 resource_age_ms=0
2026-09-23 17:42:29.096 [seq=193] [tid=2152] event=health cpu_core_pct=52.2 working_set_mb=430 commit_mb=314 handles=2294 gdi=55 user=21 window=responsive last_resource="(none)" resource_offset=0 resource_bytes=0 resource_age_ms=0
2026-09-23 17:42:30.100 [seq=194] [tid=2152] event=health cpu_core_pct=48.4 working_set_mb=430 commit_mb=314 handles=2294 gdi=55 user=21 window=responsive last_resource="(none)" resource_offset=0 resource_bytes=0 resource_age_ms=0
2026-09-23 17:42:31.114 [seq=195] [tid=2152] event=health cpu_core_pct=37.5 working_set_mb=430 commit_mb=314 handles=2294 gdi=55 user=21 window=responsive last_resource="(none)" resource_offset=0 resource_bytes=0 resource_age_ms=0
2026-09-23 17:42:32.127 [seq=196] [tid=2152] event=health cpu_core_pct=49.2 working_set_mb=430 commit_mb=314 handles=2294 gdi=55 user=21 window=responsive last_resource="(none)" resource_offset=0 resource_bytes=0 resource_age_ms=0
2026-09-23 17:42:33.142 [seq=197] [tid=2152] event=health cpu_core_pct=44.5 working_set_mb=430 commit_mb=314 handles=2294 gdi=55 user=21 window=responsive last_resource="(none)" resource_offset=0 resource_bytes=0 resource_age_ms=0
2026-09-23 17:42:34.146 [seq=198] [tid=2152] event=health cpu_core_pct=53.8 working_set_mb=430 commit_mb=314 handles=2294 gdi=55 user=21 window=responsive last_resource="(none)" resource_offset=0 resource_bytes=0 resource_age_ms=0
2026-09-23 17:42:35.152 [seq=199] [tid=2152] event=health cpu_core_pct=54.6 working_set_mb=430 commit_mb=314 handles=2294 gdi=55 user=21 window=responsive last_resource="(none)" resource_offset=0 resource_bytes=0 resource_age_ms=0
2026-09-23 17:42:36.158 [seq=200] [tid=2152] event=health cpu_core_pct=46.1 working_set_mb=430 commit_mb=314 handles=2294 gdi=55 user=21 window=responsive last_resource="(none)" resource_offset=0 resource_bytes=0 resource_age_ms=0
2026-09-23 17:42:37.164 [seq=201] [tid=2152] event=health cpu_core_pct=60.9 working_set_mb=430 commit_mb=314 handles=2294 gdi=55 user=21 window=responsive last_resource="(none)" resource_offset=0 resource_bytes=0 resource_age_ms=0
2026-09-23 17:42:38.186 [seq=202] [tid=2152] event=health cpu_core_pct=53.8 working_set_mb=430 commit_mb=314 handles=2294 gdi=55 user=21 window=responsive last_resource="(none)" resource_offset=0 resource_bytes=0 resource_age_ms=0
2026-09-23 17:42:39.191 [seq=203] [tid=2152] event=health cpu_core_pct=61.5 working_set_mb=430 commit_mb=314 handles=2294 gdi=55 user=21 window=responsive last_resource="(none)" resource_offset=0 resource_bytes=0 resource_age_ms=0
2026-09-23 17:42:40.194 [seq=204] [tid=2152] event=health cpu_core_pct=42.1 working_set_mb=430 commit_mb=314 handles=2294 gdi=55 user=21 window=responsive last_resource="(none)" resource_offset=0 resource_bytes=0 resource_age_ms=0
2026-09-23 17:42:41.201 [seq=205] [tid=2152] event=health cpu_core_pct=46.8 working_set_mb=430 commit_mb=314 handles=2294 gdi=55 user=21 window=responsive last_resource="(none)" resource_offset=0 resource_bytes=0 resource_age_ms=0
2026-09-23 17:42:42.206 [seq=206] [tid=2152] event=health cpu_core_pct=63.0 working_set_mb=430 commit_mb=314 handles=2294 gdi=55 user=21 window=responsive last_resource="(none)" resource_offset=0 resource_bytes=0 resource_age_ms=0
2026-09-23 17:42:43.250 [seq=207] [tid=2152] event=health cpu_core_pct=51.5 working_set_mb=430 commit_mb=314 handles=2294 gdi=55 user=21 window=responsive last_resource="(none)" resource_offset=0 resource_bytes=0 resource_age_ms=0
2026-09-23 17:42:44.256 [seq=208] [tid=2152] event=health cpu_core_pct=41.5 working_set_mb=430 commit_mb=314 handles=2294 gdi=55 user=21 window=responsive last_resource="(none)" resource_offset=0 resource_bytes=0 resource_age_ms=0
2026-09-23 17:42:45.266 [seq=209] [tid=2152] event=health cpu_core_pct=42.1 working_set_mb=430 commit_mb=314 handles=2294 gdi=55 user=21 window=responsive last_resource="(none)" resource_offset=0 resource_bytes=0 resource_age_ms=0
2026-09-23 17:42:46.271 [seq=210] [tid=2152] event=health cpu_core_pct=56.9 working_set_mb=430 commit_mb=314 handles=2294 gdi=55 user=21 window=responsive last_resource="(none)" resource_offset=0 resource_bytes=0 resource_age_ms=0
2026-09-23 17:42:47.277 [seq=211] [tid=2152] event=health cpu_core_pct=35.9 working_set_mb=430 commit_mb=314 handles=2294 gdi=55 user=21 window=responsive last_resource="(none)" resource_offset=0 resource_bytes=0 resource_age_ms=0
2026-09-23 17:42:48.283 [seq=212] [tid=2152] event=health cpu_core_pct=49.2 working_set_mb=430 commit_mb=314 handles=2294 gdi=55 user=21 window=responsive last_resource="(none)" resource_offset=0 resource_bytes=0 resource_age_ms=0
2026-09-23 17:42:49.295 [seq=213] [tid=2152] event=health cpu_core_pct=52.2 working_set_mb=430 commit_mb=314 handles=2294 gdi=55 user=21 window=responsive last_resource="(none)" resource_offset=0 resource_bytes=0 resource_age_ms=0
2026-09-23 17:42:50.308 [seq=214] [tid=2152] event=health cpu_core_pct=45.3 working_set_mb=430 commit_mb=314 handles=2294 gdi=55 user=21 window=responsive last_resource="(none)" resource_offset=0 resource_bytes=0 resource_age_ms=0
2026-09-23 17:42:51.322 [seq=215] [tid=2152] event=health cpu_core_pct=43.1 working_set_mb=430 commit_mb=314 handles=2294 gdi=55 user=21 window=responsive last_resource="(none)" resource_offset=0 resource_bytes=0 resource_age_ms=0
2026-09-23 17:42:52.325 [seq=216] [tid=2152] event=health cpu_core_pct=50.7 working_set_mb=430 commit_mb=314 handles=2294 gdi=55 user=21 window=responsive last_resource="(none)" resource_offset=0 resource_bytes=0 resource_age_ms=0
2026-09-23 17:42:53.329 [seq=217] [tid=2152] event=health cpu_core_pct=46.8 working_set_mb=430 commit_mb=314 handles=2294 gdi=55 user=21 window=responsive last_resource="(none)" resource_offset=0 resource_bytes=0 resource_age_ms=0
2026-09-23 17:42:54.340 [seq=218] [tid=2152] event=health cpu_core_pct=50.0 working_set_mb=430 commit_mb=314 handles=2294 gdi=55 user=21 window=responsive last_resource="(none)" resource_offset=0 resource_bytes=0 resource_age_ms=0
2026-09-23 17:42:55.346 [seq=219] [tid=2152] event=health cpu_core_pct=55.4 working_set_mb=430 commit_mb=314 handles=2294 gdi=55 user=21 window=responsive last_resource="(none)" resource_offset=0 resource_bytes=0 resource_age_ms=0
2026-09-23 17:42:56.360 [seq=220] [tid=2152] event=health cpu_core_pct=42.1 working_set_mb=430 commit_mb=314 handles=2294 gdi=55 user=21 window=responsive last_resource="(none)" resource_offset=0 resource_bytes=0 resource_age_ms=0
2026-09-23 17:42:57.367 [seq=221] [tid=2152] event=health cpu_core_pct=55.3 working_set_mb=430 commit_mb=314 handles=2294 gdi=55 user=21 window=responsive last_resource="(none)" resource_offset=0 resource_bytes=0 resource_age_ms=0
2026-09-23 17:42:58.373 [seq=222] [tid=2152] event=health cpu_core_pct=50.0 working_set_mb=430 commit_mb=314 handles=2294 gdi=55 user=21 window=responsive last_resource="(none)" resource_offset=0 resource_bytes=0 resource_age_ms=0
2026-09-23 17:42:59.378 [seq=223] [tid=2152] event=health cpu_core_pct=35.3 working_set_mb=430 commit_mb=314 handles=2294 gdi=55 user=21 window=responsive last_resource="(none)" resource_offset=0 resource_bytes=0 resource_age_ms=0
2026-09-23 17:43:00.393 [seq=224] [tid=2152] event=health cpu_core_pct=46.8 working_set_mb=430 commit_mb=314 handles=2294 gdi=55 user=21 window=responsive last_resource="(none)" resource_offset=0 resource_bytes=0 resource_age_ms=0
2026-09-23 17:43:01.397 [seq=225] [tid=2152] event=health cpu_core_pct=43.1 working_set_mb=430 commit_mb=314 handles=2294 gdi=55 user=21 window=responsive last_resource="(none)" resource_offset=0 resource_bytes=0 resource_age_ms=0
2026-09-23 17:43:02.403 [seq=226] [tid=2152] event=health cpu_core_pct=45.3 working_set_mb=430 commit_mb=314 handles=2294 gdi=55 user=21 window=responsive last_resource="(none)" resource_offset=0 resource_bytes=0 resource_age_ms=0
2026-09-23 17:43:03.406 [seq=227] [tid=2152] event=health cpu_core_pct=39.9 working_set_mb=430 commit_mb=314 handles=2287 gdi=55 user=21 window=responsive last_resource="(none)" resource_offset=0 resource_bytes=0 resource_age_ms=0
2026-09-23 17:43:04.413 [seq=228] [tid=2152] event=health cpu_core_pct=51.5 working_set_mb=430 commit_mb=314 handles=2287 gdi=55 user=21 window=responsive last_resource="(none)" resource_offset=0 resource_bytes=0 resource_age_ms=0
2026-09-23 17:43:05.420 [seq=229] [tid=2152] event=health cpu_core_pct=50.0 working_set_mb=430 commit_mb=314 handles=2287 gdi=55 user=21 window=responsive last_resource="(none)" resource_offset=0 resource_bytes=0 resource_age_ms=0
2026-09-23 17:43:06.430 [seq=230] [tid=2152] event=health cpu_core_pct=38.4 working_set_mb=430 commit_mb=314 handles=2287 gdi=55 user=21 window=responsive last_resource="(none)" resource_offset=0 resource_bytes=0 resource_age_ms=0
2026-09-23 17:43:07.475 [seq=231] [tid=2152] event=health cpu_core_pct=40.0 working_set_mb=430 commit_mb=314 handles=2287 gdi=55 user=21 window=responsive last_resource="(none)" resource_offset=0 resource_bytes=0 resource_age_ms=0
2026-09-23 17:43:08.482 [seq=232] [tid=2152] event=health cpu_core_pct=50.0 working_set_mb=430 commit_mb=314 handles=2287 gdi=55 user=21 window=responsive last_resource="(none)" resource_offset=0 resource_bytes=0 resource_age_ms=0
2026-09-23 17:43:09.489 [seq=233] [tid=2152] event=health cpu_core_pct=27.6 working_set_mb=430 commit_mb=314 handles=2287 gdi=55 user=21 window=responsive last_resource="(none)" resource_offset=0 resource_bytes=0 resource_age_ms=0
2026-09-23 17:43:10.502 [seq=234] [tid=2152] event=health cpu_core_pct=30.7 working_set_mb=430 commit_mb=314 handles=2287 gdi=55 user=21 window=responsive last_resource="(none)" resource_offset=0 resource_bytes=0 resource_age_ms=0
2026-09-23 17:43:11.511 [seq=235] [tid=2152] event=health cpu_core_pct=56.2 working_set_mb=430 commit_mb=314 handles=2287 gdi=55 user=21 window=responsive last_resource="(none)" resource_offset=0 resource_bytes=0 resource_age_ms=0
2026-09-23 17:43:12.531 [seq=236] [tid=2152] event=health cpu_core_pct=39.4 working_set_mb=430 commit_mb=314 handles=2287 gdi=55 user=21 window=responsive last_resource="(none)" resource_offset=0 resource_bytes=0 resource_age_ms=0
2026-09-23 17:43:13.561 [seq=237] [tid=2152] event=health cpu_core_pct=34.8 working_set_mb=430 commit_mb=314 handles=2287 gdi=55 user=21 window=responsive last_resource="(none)" resource_offset=0 resource_bytes=0 resource_age_ms=0
2026-09-23 17:43:14.570 [seq=238] [tid=2152] event=health cpu_core_pct=23.4 working_set_mb=430 commit_mb=314 handles=2287 gdi=55 user=21 window=responsive last_resource="(none)" resource_offset=0 resource_bytes=0 resource_age_ms=0
2026-09-23 17:43:15.575 [seq=239] [tid=2152] event=health cpu_core_pct=53.1 working_set_mb=430 commit_mb=314 handles=2287 gdi=55 user=21 window=responsive last_resource="(none)" resource_offset=0 resource_bytes=0 resource_age_ms=0
2026-09-23 17:43:16.581 [seq=240] [tid=2152] event=health cpu_core_pct=44.5 working_set_mb=430 commit_mb=314 handles=2287 gdi=55 user=21 window=responsive last_resource="(none)" resource_offset=0 resource_bytes=0 resource_age_ms=0
2026-09-23 17:43:17.627 [seq=241] [tid=2152] event=health cpu_core_pct=54.6 working_set_mb=430 commit_mb=314 handles=2287 gdi=55 user=21 window=responsive last_resource="(none)" resource_offset=0 resource_bytes=0 resource_age_ms=0
2026-09-23 17:43:18.639 [seq=242] [tid=2152] event=health cpu_core_pct=37.3 working_set_mb=430 commit_mb=314 handles=2287 gdi=55 user=21 window=responsive last_resource="(none)" resource_offset=0 resource_bytes=0 resource_age_ms=0
2026-09-23 17:43:19.646 [seq=243] [tid=2152] event=health cpu_core_pct=46.1 working_set_mb=430 commit_mb=314 handles=2287 gdi=55 user=21 window=responsive last_resource="(none)" resource_offset=0 resource_bytes=0 resource_age_ms=0
2026-09-23 17:43:20.716 [seq=244] [tid=2152] event=health cpu_core_pct=57.8 working_set_mb=430 commit_mb=314 handles=2287 gdi=55 user=21 window=responsive last_resource="(none)" resource_offset=0 resource_bytes=0 resource_age_ms=0
2026-09-23 17:43:21.726 [seq=245] [tid=2152] event=health cpu_core_pct=69.5 working_set_mb=430 commit_mb=314 handles=2287 gdi=55 user=21 window=responsive last_resource="(none)" resource_offset=0 resource_bytes=0 resource_age_ms=0
2026-09-23 17:43:22.734 [seq=246] [tid=2152] event=health cpu_core_pct=56.2 working_set_mb=430 commit_mb=314 handles=2287 gdi=55 user=21 window=responsive last_resource="(none)" resource_offset=0 resource_bytes=0 resource_age_ms=0
2026-09-23 17:43:23.874 [seq=247] [tid=2152] event=health cpu_core_pct=34.8 working_set_mb=430 commit_mb=314 handles=2287 gdi=55 user=21 window=responsive last_resource="(none)" resource_offset=0 resource_bytes=0 resource_age_ms=0
2026-09-23 17:43:24.897 [seq=248] [tid=2152] event=health cpu_core_pct=56.9 working_set_mb=430 commit_mb=314 handles=2287 gdi=55 user=21 window=responsive last_resource="(none)" resource_offset=0 resource_bytes=0 resource_age_ms=0
2026-09-23 17:43:26.297 [seq=249] [tid=2152] event=health cpu_core_pct=68.6 working_set_mb=430 commit_mb=314 handles=2287 gdi=55 user=21 window=responsive last_resource="(none)" resource_offset=0 resource_bytes=0 resource_age_ms=0
2026-09-23 17:43:27.327 [seq=250] [tid=2152] event=health cpu_core_pct=84.0 working_set_mb=430 commit_mb=314 handles=2287 gdi=55 user=21 window=responsive last_resource="(none)" resource_offset=0 resource_bytes=0 resource_age_ms=0
2026-09-23 17:43:28.501 [seq=251] [tid=2152] event=health cpu_core_pct=60.0 working_set_mb=430 commit_mb=314 handles=2287 gdi=55 user=21 window=responsive last_resource="(none)" resource_offset=0 resource_bytes=0 resource_age_ms=0
2026-09-23 17:43:31.036 [seq=252] [tid=2152] event=health cpu_core_pct=66.6 working_set_mb=430 commit_mb=314 handles=2287 gdi=55 user=21 window=responsive last_resource="(none)" resource_offset=0 resource_bytes=0 resource_age_ms=0
2026-09-23 17:43:32.048 [seq=253] [tid=2152] event=health cpu_core_pct=65.1 working_set_mb=430 commit_mb=314 handles=2287 gdi=55 user=21 window=responsive last_resource="(none)" resource_offset=0 resource_bytes=0 resource_age_ms=0
2026-09-23 17:43:33.056 [seq=254] [tid=2152] event=health cpu_core_pct=35.9 working_set_mb=430 commit_mb=314 handles=2287 gdi=55 user=21 window=responsive last_resource="(none)" resource_offset=0 resource_bytes=0 resource_age_ms=0
2026-09-23 17:43:34.062 [seq=255] [tid=2152] event=health cpu_core_pct=41.5 working_set_mb=430 commit_mb=314 handles=2287 gdi=55 user=21 window=responsive last_resource="(none)" resource_offset=0 resource_bytes=0 resource_age_ms=0
2026-09-23 17:43:35.068 [seq=256] [tid=2152] event=health cpu_core_pct=48.4 working_set_mb=431 commit_mb=314 handles=2297 gdi=55 user=21 window=responsive last_resource="(none)" resource_offset=0 resource_bytes=0 resource_age_ms=0
2026-09-23 17:43:36.095 [seq=257] [tid=2152] event=health cpu_core_pct=42.1 working_set_mb=431 commit_mb=314 handles=2297 gdi=55 user=21 window=responsive last_resource="(none)" resource_offset=0 resource_bytes=0 resource_age_ms=0
2026-09-23 17:43:37.103 [seq=258] [tid=2152] event=health cpu_core_pct=51.5 working_set_mb=431 commit_mb=314 handles=2297 gdi=55 user=21 window=responsive last_resource="(none)" resource_offset=0 resource_bytes=0 resource_age_ms=0
2026-09-23 17:43:38.114 [seq=259] [tid=2152] event=health cpu_core_pct=47.6 working_set_mb=431 commit_mb=314 handles=2297 gdi=55 user=21 window=responsive last_resource="(none)" resource_offset=0 resource_bytes=0 resource_age_ms=0
2026-09-23 17:43:39.120 [seq=260] [tid=2152] event=health cpu_core_pct=50.0 working_set_mb=431 commit_mb=314 handles=2297 gdi=55 user=21 window=responsive last_resource="(none)" resource_offset=0 resource_bytes=0 resource_age_ms=0
2026-09-23 17:43:40.126 [seq=261] [tid=2152] event=health cpu_core_pct=46.1 working_set_mb=431 commit_mb=314 handles=2297 gdi=55 user=21 window=responsive last_resource="(none)" resource_offset=0 resource_bytes=0 resource_age_ms=0
2026-09-23 17:43:41.135 [seq=262] [tid=2152] event=health cpu_core_pct=39.0 working_set_mb=431 commit_mb=314 handles=2297 gdi=55 user=21 window=responsive last_resource="(none)" resource_offset=0 resource_bytes=0 resource_age_ms=0
2026-09-23 17:43:42.140 [seq=263] [tid=2152] event=health cpu_core_pct=49.2 working_set_mb=431 commit_mb=314 handles=2297 gdi=55 user=21 window=responsive last_resource="(none)" resource_offset=0 resource_bytes=0 resource_age_ms=0
2026-09-23 17:43:43.361 [seq=264] [tid=2152] event=health cpu_core_pct=52.6 working_set_mb=431 commit_mb=314 handles=2297 gdi=55 user=21 window=responsive last_resource="(none)" resource_offset=0 resource_bytes=0 resource_age_ms=0
2026-09-23 17:43:44.390 [seq=265] [tid=2152] event=health cpu_core_pct=75.0 working_set_mb=431 commit_mb=314 handles=2297 gdi=55 user=21 window=responsive last_resource="(none)" resource_offset=0 resource_bytes=0 resource_age_ms=0
2026-09-23 17:43:45.394 [seq=266] [tid=2152] event=health cpu_core_pct=34.8 working_set_mb=431 commit_mb=314 handles=2297 gdi=55 user=21 window=responsive last_resource="(none)" resource_offset=0 resource_bytes=0 resource_age_ms=0
2026-09-23 17:43:46.416 [seq=267] [tid=2152] event=health cpu_core_pct=42.1 working_set_mb=431 commit_mb=314 handles=2297 gdi=55 user=21 window=responsive last_resource="(none)" resource_offset=0 resource_bytes=0 resource_age_ms=0
2026-09-23 17:43:47.427 [seq=268] [tid=2152] event=health cpu_core_pct=43.9 working_set_mb=431 commit_mb=314 handles=2297 gdi=55 user=21 window=responsive last_resource="(none)" resource_offset=0 resource_bytes=0 resource_age_ms=0
2026-09-23 17:43:48.435 [seq=269] [tid=2152] event=health cpu_core_pct=50.0 working_set_mb=431 commit_mb=314 handles=2297 gdi=55 user=21 window=responsive last_resource="(none)" resource_offset=0 resource_bytes=0 resource_age_ms=0
2026-09-23 17:43:49.668 [seq=270] [tid=2152] event=health cpu_core_pct=60.8 working_set_mb=431 commit_mb=314 handles=2297 gdi=55 user=21 window=responsive last_resource="(none)" resource_offset=0 resource_bytes=0 resource_age_ms=0
2026-09-23 17:43:51.601 [seq=271] [tid=2152] event=health cpu_core_pct=35.6 working_set_mb=431 commit_mb=314 handles=2297 gdi=55 user=21 window=responsive last_resource="(none)" resource_offset=0 resource_bytes=0 resource_age_ms=0
2026-09-23 17:43:52.631 [seq=272] [tid=2152] event=health cpu_core_pct=61.2 working_set_mb=431 commit_mb=314 handles=2297 gdi=55 user=21 window=responsive last_resource="(none)" resource_offset=0 resource_bytes=0 resource_age_ms=0
2026-09-23 17:43:53.645 [seq=273] [tid=2152] event=health cpu_core_pct=50.0 working_set_mb=431 commit_mb=314 handles=2297 gdi=55 user=21 window=responsive last_resource="(none)" resource_offset=0 resource_bytes=0 resource_age_ms=0
2026-09-23 17:43:54.651 [seq=274] [tid=2152] event=health cpu_core_pct=49.2 working_set_mb=431 commit_mb=314 handles=2297 gdi=55 user=21 window=responsive last_resource="(none)" resource_offset=0 resource_bytes=0 resource_age_ms=0
2026-09-23 17:43:55.663 [seq=275] [tid=2152] event=health cpu_core_pct=53.8 working_set_mb=431 commit_mb=314 handles=2297 gdi=55 user=21 window=responsive last_resource="(none)" resource_offset=0 resource_bytes=0 resource_age_ms=0
2026-09-23 17:43:56.668 [seq=276] [tid=2152] event=health cpu_core_pct=54.6 working_set_mb=431 commit_mb=314 handles=2297 gdi=55 user=21 window=responsive last_resource="(none)" resource_offset=0 resource_bytes=0 resource_age_ms=0
2026-09-23 17:43:57.678 [seq=277] [tid=2152] event=health cpu_core_pct=50.7 working_set_mb=431 commit_mb=314 handles=2297 gdi=55 user=21 window=responsive last_resource="(none)" resource_offset=0 resource_bytes=0 resource_age_ms=0
2026-09-23 17:43:58.687 [seq=278] [tid=2152] event=health cpu_core_pct=54.6 working_set_mb=431 commit_mb=314 handles=2297 gdi=55 user=21 window=responsive last_resource="(none)" resource_offset=0 resource_bytes=0 resource_age_ms=0
2026-09-23 17:43:59.697 [seq=279] [tid=2152] event=health cpu_core_pct=44.6 working_set_mb=431 commit_mb=314 handles=2297 gdi=55 user=21 window=responsive last_resource="(none)" resource_offset=0 resource_bytes=0 resource_age_ms=0
2026-09-23 17:44:00.706 [seq=280] [tid=2152] event=health cpu_core_pct=44.5 working_set_mb=431 commit_mb=314 handles=2297 gdi=55 user=21 window=responsive last_resource="(none)" resource_offset=0 resource_bytes=0 resource_age_ms=0
2026-09-23 17:44:01.713 [seq=281] [tid=2152] event=health cpu_core_pct=48.4 working_set_mb=431 commit_mb=314 handles=2297 gdi=55 user=21 window=responsive last_resource="(none)" resource_offset=0 resource_bytes=0 resource_age_ms=0
2026-09-23 17:44:02.716 [seq=282] [tid=2152] event=health cpu_core_pct=60.0 working_set_mb=431 commit_mb=314 handles=2297 gdi=55 user=21 window=responsive last_resource="(none)" resource_offset=0 resource_bytes=0 resource_age_ms=0
2026-09-23 17:44:03.723 [seq=283] [tid=2152] event=health cpu_core_pct=53.1 working_set_mb=431 commit_mb=314 handles=2297 gdi=55 user=21 window=responsive last_resource="(none)" resource_offset=0 resource_bytes=0 resource_age_ms=0
2026-09-23 17:44:04.730 [seq=284] [tid=2152] event=health cpu_core_pct=42.1 working_set_mb=431 commit_mb=314 handles=2297 gdi=55 user=21 window=responsive last_resource="(none)" resource_offset=0 resource_bytes=0 resource_age_ms=0
2026-09-23 17:44:05.735 [seq=285] [tid=2152] event=health cpu_core_pct=44.5 working_set_mb=431 commit_mb=314 handles=2297 gdi=55 user=21 window=responsive last_resource="(none)" resource_offset=0 resource_bytes=0 resource_age_ms=0
2026-09-23 17:44:06.741 [seq=286] [tid=2152] event=health cpu_core_pct=39.0 working_set_mb=431 commit_mb=314 handles=2297 gdi=55 user=21 window=responsive last_resource="(none)" resource_offset=0 resource_bytes=0 resource_age_ms=0
2026-09-23 17:44:07.748 [seq=287] [tid=2152] event=health cpu_core_pct=39.9 working_set_mb=431 commit_mb=314 handles=2297 gdi=55 user=21 window=responsive last_resource="(none)" resource_offset=0 resource_bytes=0 resource_age_ms=0
2026-09-23 17:44:08.757 [seq=288] [tid=2152] event=health cpu_core_pct=40.6 working_set_mb=431 commit_mb=314 handles=2297 gdi=55 user=21 window=responsive last_resource="(none)" resource_offset=0 resource_bytes=0 resource_age_ms=0
2026-09-23 17:44:09.763 [seq=289] [tid=2152] event=health cpu_core_pct=36.9 working_set_mb=431 commit_mb=314 handles=2297 gdi=55 user=21 window=responsive last_resource="(none)" resource_offset=0 resource_bytes=0 resource_age_ms=0
2026-09-23 17:44:10.776 [seq=290] [tid=2152] event=health cpu_core_pct=39.0 working_set_mb=431 commit_mb=314 handles=2297 gdi=55 user=21 window=responsive last_resource="(none)" resource_offset=0 resource_bytes=0 resource_age_ms=0
2026-09-23 17:44:11.793 [seq=291] [tid=2152] event=health cpu_core_pct=55.3 working_set_mb=431 commit_mb=314 handles=2297 gdi=55 user=21 window=responsive last_resource="(none)" resource_offset=0 resource_bytes=0 resource_age_ms=0
2026-09-23 17:44:12.827 [seq=292] [tid=2152] event=health cpu_core_pct=46.9 working_set_mb=431 commit_mb=314 handles=2297 gdi=55 user=21 window=responsive last_resource="(none)" resource_offset=0 resource_bytes=0 resource_age_ms=0
2026-09-23 17:44:13.838 [seq=293] [tid=2152] event=health cpu_core_pct=64.5 working_set_mb=431 commit_mb=314 handles=2297 gdi=55 user=21 window=responsive last_resource="(none)" resource_offset=0 resource_bytes=0 resource_age_ms=0
2026-09-23 17:44:14.847 [seq=294] [tid=2152] event=health cpu_core_pct=61.5 working_set_mb=431 commit_mb=314 handles=2297 gdi=55 user=21 window=responsive last_resource="(none)" resource_offset=0 resource_bytes=0 resource_age_ms=0
2026-09-23 17:44:15.853 [seq=295] [tid=2152] event=health cpu_core_pct=59.3 working_set_mb=431 commit_mb=314 handles=2297 gdi=55 user=21 window=responsive last_resource="(none)" resource_offset=0 resource_bytes=0 resource_age_ms=0
2026-09-23 17:44:16.863 [seq=296] [tid=2152] event=health cpu_core_pct=46.1 working_set_mb=431 commit_mb=314 handles=2297 gdi=55 user=21 window=responsive last_resource="(none)" resource_offset=0 resource_bytes=0 resource_age_ms=0
2026-09-23 17:44:17.871 [seq=297] [tid=2152] event=health cpu_core_pct=43.7 working_set_mb=431 commit_mb=314 handles=2297 gdi=55 user=21 window=responsive last_resource="(none)" resource_offset=0 resource_bytes=0 resource_age_ms=0
2026-09-23 17:44:18.876 [seq=298] [tid=2152] event=health cpu_core_pct=39.9 working_set_mb=431 commit_mb=314 handles=2297 gdi=55 user=21 window=responsive last_resource="(none)" resource_offset=0 resource_bytes=0 resource_age_ms=0
2026-09-23 17:44:19.881 [seq=299] [tid=2152] event=health cpu_core_pct=45.3 working_set_mb=431 commit_mb=314 handles=2297 gdi=55 user=21 window=responsive last_resource="(none)" resource_offset=0 resource_bytes=0 resource_age_ms=0
2026-09-23 17:44:20.887 [seq=300] [tid=2152] event=health cpu_core_pct=35.9 working_set_mb=431 commit_mb=314 handles=2297 gdi=55 user=21 window=responsive last_resource="(none)" resource_offset=0 resource_bytes=0 resource_age_ms=0
2026-09-23 17:44:21.893 [seq=301] [tid=2152] event=health cpu_core_pct=52.3 working_set_mb=431 commit_mb=314 handles=2297 gdi=55 user=21 window=responsive last_resource="(none)" resource_offset=0 resource_bytes=0 resource_age_ms=0
2026-09-23 17:44:22.898 [seq=302] [tid=2152] event=health cpu_core_pct=45.3 working_set_mb=431 commit_mb=314 handles=2297 gdi=55 user=21 window=responsive last_resource="(none)" resource_offset=0 resource_bytes=0 resource_age_ms=0
2026-09-23 17:44:23.904 [seq=303] [tid=2152] event=health cpu_core_pct=55.3 working_set_mb=431 commit_mb=314 handles=2297 gdi=55 user=21 window=responsive last_resource="(none)" resource_offset=0 resource_bytes=0 resource_age_ms=0
2026-09-23 17:44:24.908 [seq=304] [tid=2152] event=health cpu_core_pct=32.8 working_set_mb=431 commit_mb=314 handles=2297 gdi=55 user=21 window=responsive last_resource="(none)" resource_offset=0 resource_bytes=0 resource_age_ms=0
2026-09-23 17:44:25.914 [seq=305] [tid=2152] event=health cpu_core_pct=50.0 working_set_mb=431 commit_mb=314 handles=2297 gdi=55 user=21 window=responsive last_resource="(none)" resource_offset=0 resource_bytes=0 resource_age_ms=0
2026-09-23 17:44:26.918 [seq=306] [tid=2152] event=health cpu_core_pct=49.2 working_set_mb=431 commit_mb=314 handles=2297 gdi=55 user=21 window=responsive last_resource="(none)" resource_offset=0 resource_bytes=0 resource_age_ms=0
2026-09-23 17:44:27.924 [seq=307] [tid=2152] event=health cpu_core_pct=48.4 working_set_mb=431 commit_mb=314 handles=2297 gdi=55 user=21 window=responsive last_resource="(none)" resource_offset=0 resource_bytes=0 resource_age_ms=0
2026-09-23 17:44:28.929 [seq=308] [tid=2152] event=health cpu_core_pct=43.7 working_set_mb=431 commit_mb=314 handles=2297 gdi=55 user=21 window=responsive last_resource="(none)" resource_offset=0 resource_bytes=0 resource_age_ms=0
2026-09-23 17:44:29.939 [seq=309] [tid=2152] event=health cpu_core_pct=39.0 working_set_mb=431 commit_mb=314 handles=2297 gdi=55 user=21 window=responsive last_resource="(none)" resource_offset=0 resource_bytes=0 resource_age_ms=0
2026-09-23 17:44:30.944 [seq=310] [tid=2152] event=health cpu_core_pct=58.4 working_set_mb=431 commit_mb=314 handles=2297 gdi=55 user=21 window=responsive last_resource="(none)" resource_offset=0 resource_bytes=0 resource_age_ms=0
2026-09-23 17:44:31.957 [seq=311] [tid=2152] event=health cpu_core_pct=68.7 working_set_mb=431 commit_mb=314 handles=2297 gdi=55 user=21 window=responsive last_resource="(none)" resource_offset=0 resource_bytes=0 resource_age_ms=0
2026-09-23 17:44:32.968 [seq=312] [tid=2152] event=health cpu_core_pct=55.3 working_set_mb=431 commit_mb=314 handles=2297 gdi=55 user=21 window=responsive last_resource="(none)" resource_offset=0 resource_bytes=0 resource_age_ms=0
2026-09-23 17:44:33.975 [seq=313] [tid=2152] event=health cpu_core_pct=52.3 working_set_mb=431 commit_mb=314 handles=2298 gdi=55 user=21 window=responsive last_resource="(none)" resource_offset=0 resource_bytes=0 resource_age_ms=0
2026-09-23 17:44:34.998 [seq=314] [tid=2152] event=health cpu_core_pct=57.5 working_set_mb=438 commit_mb=320 handles=2314 gdi=57 user=22 window=responsive last_resource="(none)" resource_offset=0 resource_bytes=0 resource_age_ms=0
2026-09-23 17:44:36.004 [seq=315] [tid=2152] event=health cpu_core_pct=60.9 working_set_mb=442 commit_mb=324 handles=2313 gdi=61 user=22 window=responsive last_resource="(none)" resource_offset=0 resource_bytes=0 resource_age_ms=0
2026-09-23 17:44:37.008 [seq=316] [tid=2152] event=health cpu_core_pct=53.1 working_set_mb=442 commit_mb=324 handles=2313 gdi=61 user=22 window=responsive last_resource="(none)" resource_offset=0 resource_bytes=0 resource_age_ms=0
2026-09-23 17:44:38.015 [seq=317] [tid=2152] event=health cpu_core_pct=63.1 working_set_mb=452 commit_mb=334 handles=2313 gdi=62 user=22 window=responsive last_resource="(none)" resource_offset=0 resource_bytes=0 resource_age_ms=0
2026-09-23 17:44:39.355 [seq=318] [tid=2152] event=health cpu_core_pct=73.4 working_set_mb=453 commit_mb=334 handles=2315 gdi=62 user=22 window=responsive last_resource="(none)" resource_offset=0 resource_bytes=0 resource_age_ms=0
2026-09-23 17:44:40.779 [seq=319] [tid=2152] event=health cpu_core_pct=57.4 working_set_mb=465 commit_mb=345 handles=2346 gdi=67 user=22 window=responsive last_resource="(none)" resource_offset=0 resource_bytes=0 resource_age_ms=0
2026-09-23 17:44:40.858 [seq=320] [tid=2360] event=resource_open status=ok handle=00002560 error=0 access=0x00000004 disposition=4 path="BeiDouDamageSkinCompat.log"
2026-09-23 17:44:46.216 [seq=321] [tid=2152] event=health cpu_core_pct=66.6 working_set_mb=469 commit_mb=349 handles=2360 gdi=106 user=22 window=responsive last_resource="(none)" resource_offset=0 resource_bytes=0 resource_age_ms=0
2026-09-23 17:44:47.256 [seq=322] [tid=2152] event=health cpu_core_pct=77.5 working_set_mb=420 commit_mb=346 handles=812 gdi=144 user=22 window=responsive last_resource="(none)" resource_offset=0 resource_bytes=0 resource_age_ms=0
2026-09-23 17:44:48.264 [seq=323] [tid=2152] event=health cpu_core_pct=49.2 working_set_mb=419 commit_mb=345 handles=812 gdi=144 user=22 window=responsive last_resource="(none)" resource_offset=0 resource_bytes=0 resource_age_ms=0
2026-09-23 17:44:49.271 [seq=324] [tid=2152] event=health cpu_core_pct=54.6 working_set_mb=419 commit_mb=345 handles=812 gdi=144 user=22 window=responsive last_resource="(none)" resource_offset=0 resource_bytes=0 resource_age_ms=0
2026-09-23 17:44:50.276 [seq=325] [tid=2152] event=health cpu_core_pct=56.2 working_set_mb=419 commit_mb=345 handles=812 gdi=144 user=22 window=responsive last_resource="(none)" resource_offset=0 resource_bytes=0 resource_age_ms=0
2026-09-23 17:44:51.284 [seq=326] [tid=2152] event=health cpu_core_pct=61.5 working_set_mb=419 commit_mb=345 handles=812 gdi=144 user=22 window=responsive last_resource="(none)" resource_offset=0 resource_bytes=0 resource_age_ms=0
