EQUIP DIAGNOSTIC SESSION: version=69 pid=6472 tick=68384843
EQUIP DIAGNOSTIC: first-chance exception address/register logging enabled
EQUIP MODULES: exe=00400000 dawn=71010000 setItem=70A50000
EQUIP SLOT SAFE: native exact-slot-51 handling preserved in both stat passes
EQUIP SLOT ACTIVE: external slots 54/55/56, login-store, draw, hit-test, body-part, and requirement hooks enabled
EQUIP DIAGNOSTIC START: migrated 134/135 use exact job-branch mapping
EQUIP BODY PART: item=1072010 part=7 gender=2 result=1
EQUIP BODY PART: item=1062007 part=6 gender=2 result=1
EQUIP BODY PART: item=1042003 part=5 gender=2 result=1
EQUIP BODY PART: item=1002495 part=1 gender=2 result=1
EQUIP BODY PART: item=1912401 part=19 gender=2 result=1
EQUIP BODY PART: item=1302000 part=11 gender=2 result=1
EQUIP BODY PART: item=1112124 part=12 gender=2 result=1
EQUIP BODY PART: item=1902401 part=18 gender=2 result=1
EQUIP BODY PART: item=1012136 part=2 gender=2 result=1
EQUIP BODY PART: item=1092065 part=10 gender=2 result=1
EQUIP BODY PART: item=1072001 part=7 gender=2 result=1
EQUIP BODY PART: item=1912000 part=19 gender=2 result=1
EQUIP BODY PART: item=1902000 part=18 gender=2 result=1
EQUIP BODY PART: item=1002140 part=1 gender=2 result=1
EQUIP EXTENDED RESET: login equipped list
EQUIP BODY PART: item=1002140 part=14 gender=0 result=0
EQUIP REQUIREMENT: item=1002140 result=1 gender=0 level=255 job=112 stats=37/25/24/26 pop=0 unknown=1581674192 cover=0
EQUIP BODY PART: item=1002495 part=14 gender=0 result=0
EQUIP REQUIREMENT: item=1002495 result=1 gender=0 level=255 job=112 stats=1036/1024/1023/1025 pop=0 unknown=1581679208 cover=0
EQUIP BODY PART: item=1012136 part=14 gender=0 result=0
EQUIP REQUIREMENT: item=1012136 result=1 gender=0 level=255 job=112 stats=1016/1004/1003/1005 pop=0 unknown=1581683960 cover=0
EQUIP BODY PART: item=1042003 part=14 gender=0 result=0
EQUIP REQUIREMENT: item=1042003 result=1 gender=0 level=255 job=112 stats=1036/1024/1023/1025 pop=0 unknown=1581673400 cover=0
EQUIP BODY PART: item=1062007 part=14 gender=0 result=0
EQUIP REQUIREMENT: item=1062007 result=1 gender=0 level=255 job=112 stats=1036/1024/1023/1025 pop=0 unknown=1581672608 cover=0
EQUIP BODY PART: item=1072001 part=14 gender=0 result=0
EQUIP REQUIREMENT: item=1072001 result=1 gender=0 level=255 job=112 stats=1036/1024/1023/1025 pop=0 unknown=1581671552 cover=0
EQUIP BODY PART: item=1072010 part=14 gender=0 result=0
EQUIP REQUIREMENT: item=1072010 result=1 gender=0 level=255 job=112 stats=1036/1024/1023/1025 pop=0 unknown=1581680264 cover=0
EQUIP BODY PART: item=1092065 part=14 gender=0 result=0
EQUIP REQUIREMENT: item=1092065 result=1 gender=0 level=255 job=112 stats=1036/1024/1023/1023 pop=0 unknown=1581682376 cover=0
EQUIP BODY PART: item=1302000 part=14 gender=0 result=0
EQUIP REQUIREMENT: item=1302000 result=1 gender=0 level=255 job=112 stats=1036/1024/1023/1025 pop=0 unknown=1581674984 cover=0
EQUIP BODY PART: item=1703193 part=14 gender=0 result=0
EQUIP REQUIREMENT: item=1703193 result=1 gender=0 level=255 job=112 stats=1036/1024/1023/1025 pop=0 unknown=1581677360 cover=0
EQUIP BODY PART: item=1112124 part=14 gender=0 result=0
EQUIP REQUIREMENT: item=1112124 result=1 gender=0 level=255 job=112 stats=1036/1024/1023/1025 pop=0 unknown=1581677096 cover=0
EQUIP BODY PART: item=1902000 part=14 gender=0 result=0
EQUIP REQUIREMENT: item=1902000 result=1 gender=0 level=255 job=112 stats=1036/1024/1023/1025 pop=0 unknown=1581683168 cover=0
EQUIP BODY PART: item=1902401 part=14 gender=0 result=0
EQUIP REQUIREMENT: item=1902401 result=1 gender=0 level=255 job=112 stats=1036/1024/1023/1025 pop=0 unknown=1581683696 cover=0
EQUIP BODY PART: item=1912000 part=14 gender=0 result=0
EQUIP REQUIREMENT: item=1912000 result=1 gender=0 level=255 job=112 stats=1036/1024/1023/1025 pop=0 unknown=1581675512 cover=0
EQUIP BODY PART: item=1912401 part=14 gender=0 result=0
EQUIP REQUIREMENT: item=1912401 result=1 gender=0 level=255 job=112 stats=1036/1024/1023/1025 pop=0 unknown=1581677624 cover=0
EQUIP REQUIREMENT: item=1703193 result=1 gender=0 level=255 job=112 stats=1036/1024/1023/1025 pop=0 unknown=1524764504 cover=0
EQUIP REQUIREMENT: item=1012136 result=1 gender=0 level=255 job=112 stats=1016/1004/1003/1005 pop=0 unknown=1524785264 cover=0
